11-11 20:47:12.554 I/ActivityManager( 1488): Process com.vivo.widget.calendar (pid 20509) has died: cch+6CEM 
11-11 20:47:12.555 E/ANDR-IOP(  657): IOP HAL: Received pkg_name = com.vivo.widget.calendar pid = 0
11-11 20:47:12.556 W/libprocessgroup( 1488): kill(-20509, 9) failed: No such process
11-11 20:47:12.556 I/libprocessgroup( 1488): Successfully killed process cgroup uid 10024 pid 20509 in 1ms
11-11 20:47:12.556 I/Zygote  (  551): Process 20509 exited due to signal (9)
11-11 20:47:12.559 I//vendor/bin/hw/vendor.qti.hardware.servicetracker@1.0-service(  666): killProcess is called for pid : 20509
11-11 20:47:12.560 D/gamevibrator( 1488): onProcessDied pid:20509, uid:10024
11-11 20:47:12.561 D/gamevibrator( 1488): game pkg: null
11-11 20:47:12.567 I/Zygote  (  551): Process 15341 exited due to signal (9)
11-11 20:47:12.573 I/ActivityManager( 1488): Process com.volte.config (pid 15341) has died: cch+6SVC 
11-11 20:47:12.573 E/ANDR-IOP(  657): IOP HAL: Received pkg_name = com.volte.config pid = 0
11-11 20:47:12.574 W/libprocessgroup( 1488): kill(-15341, 9) failed: No such process
11-11 20:47:12.574 I/libprocessgroup( 1488): Successfully killed process cgroup uid 1001 pid 15341 in 1ms
11-11 20:47:12.575 W/ActivityManager( 1488): Scheduling restart of crashed service com.volte.config/.innervolte.ConfigService in 1000ms
11-11 20:47:12.575 I//vendor/bin/hw/vendor.qti.hardware.servicetracker@1.0-service(  666): killProcess is called for pid : 15341
11-11 20:47:12.575 I//vendor/bin/hw/vendor.qti.hardware.servicetracker@1.0-service(  666): process with pid 15341 is service
11-11 20:47:12.576 D/gamevibrator( 1488): onProcessDied pid:15341, uid:1001
11-11 20:47:12.576 D/gamevibrator( 1488): game pkg: null
11-11 20:47:12.577 I/chatty  ( 4586): uid=10112(com.vivo.pushservice) Binder:4586_B identical 1 line
11-11 20:47:12.577 I/chatty  ( 4586): uid=10112(com.vivo.pushservice) Binder:4586_B identical 4 lines
11-11 20:47:12.582 D/UserInfoSliderAdapter(23400): getItemViewType: position0
11-11 20:47:12.582 D/UserInfoSliderAdapter(23400): getItemViewType: 头
11-11 20:47:12.582 D/UserInfoSliderAdapter(23400): getItemViewType: position1
11-11 20:47:12.582 D/UserInfoSliderAdapter(23400): getItemViewType: 身
11-11 20:47:12.582 D/UserInfoSliderAdapter(23400): getItemViewType: position2
11-11 20:47:12.582 D/UserInfoSliderAdapter(23400): getItemViewType: 身
11-11 20:47:12.582 D/UserInfoSliderAdapter(23400): getItemViewType: position3
11-11 20:47:12.582 D/UserInfoSliderAdapter(23400): getItemViewType: 身
11-11 20:47:12.583 D/UserInfoSliderAdapter(23400): getItemViewType: position4
11-11 20:47:12.583 D/UserInfoSliderAdapter(23400): getItemViewType: 身
11-11 20:47:12.583 D/UserInfoSliderAdapter(23400): getItemViewType: position5
11-11 20:47:12.583 D/UserInfoSliderAdapter(23400): getItemViewType: 身
11-11 20:47:12.584 D/UserInfoSliderAdapter(23400): getItemViewType: position6
11-11 20:47:12.584 D/UserInfoSliderAdapter(23400): getItemViewType: 身
11-11 20:47:12.584 D/UserInfoSliderAdapter(23400): getItemViewType: position7
11-11 20:47:12.584 D/UserInfoSliderAdapter(23400): getItemViewType: 身
11-11 20:47:12.596 D/AudioFlinger(  687): mixer(0xf2792d80) throttle end: throttle time(61)
11-11 20:47:12.615 D/Linux   (23400): [Posix_connect Debug]Process xin.banghua.beiyuan :443 
11-11 20:47:12.636 W/unknown (20556): type=1400 audit(0.0:71169): avc: denied { getattr } for path="/sys/kernel/debug/tracing/trace_marker" dev="tracefs" ino=3084 scontext=u:r:untrusted_app_27:s0:c512,c768 tcontext=u:object_r:debugfs_trace_marker:s0 tclass=file permissive=0
11-11 20:47:12.686 V/AudioSink(  813): getPlayedOutDurationUs(161422) nowUs(154691848257) frames(6659) framesAt(154691837832)
11-11 20:47:12.686 D/NuPlayerDriver(  813): notifyListener_l(0xe2fc4640), (211, 0, 0, 20), loop setting(0, 0)
11-11 20:47:12.687 V/MediaPlayerNative(23400): message received msg=211, ext1=0, ext2=0
11-11 20:47:12.687 V/MediaPlayerNative(23400): unrecognized message: (211, 0, 0)
11-11 20:47:12.687 V/MediaPlayerNative(23400): callback application
11-11 20:47:12.687 V/MediaPlayerNative(23400): back from callback
11-11 20:47:12.779 E/sensors-hal(  644): vivo_ssc_ticks2systemtime:610, vivo ssc ticks convert to system time=23:46:06.252
11-11 20:47:12.787 D/Linux   (23400): [Posix_connect Debug]Process xin.banghua.beiyuan :443 
11-11 20:47:12.803 E/ANDR-PERF-MPCTL(  658): Invalid profile no. 0, total profiles 0 only
11-11 20:47:12.814 D/UserInfoSliderAdapter(23400): getItemViewType: position0
11-11 20:47:12.814 D/UserInfoSliderAdapter(23400): getItemViewType: 头
11-11 20:47:12.814 D/UserInfoSliderAdapter(23400): getItemViewType: position1
11-11 20:47:12.814 D/UserInfoSliderAdapter(23400): getItemViewType: 身
11-11 20:47:12.815 D/UserInfoSliderAdapter(23400): getItemViewType: position2
11-11 20:47:12.815 D/UserInfoSliderAdapter(23400): getItemViewType: 身
11-11 20:47:12.815 D/UserInfoSliderAdapter(23400): getItemViewType: position3
11-11 20:47:12.815 D/UserInfoSliderAdapter(23400): getItemViewType: 身
11-11 20:47:12.816 D/UserInfoSliderAdapter(23400): getItemViewType: position4
11-11 20:47:12.816 D/UserInfoSliderAdapter(23400): getItemViewType: 身
11-11 20:47:12.818 D/UserInfoSliderAdapter(23400): getItemViewType: position5
11-11 20:47:12.818 D/UserInfoSliderAdapter(23400): getItemViewType: 身
11-11 20:47:12.818 D/UserInfoSliderAdapter(23400): getItemViewType: position6
11-11 20:47:12.818 D/UserInfoSliderAdapter(23400): getItemViewType: 身
11-11 20:47:12.819 D/UserInfoSliderAdapter(23400): getItemViewType: position7
11-11 20:47:12.819 D/UserInfoSliderAdapter(23400): getItemViewType: 身
11-11 20:47:12.846 D/UserInfoSliderAdapter(23400): getItemViewType: position0
11-11 20:47:12.846 D/UserInfoSliderAdapter(23400): getItemViewType: 头
11-11 20:47:12.847 D/UserInfoSliderAdapter(23400): getItemViewType: position1
11-11 20:47:12.847 D/UserInfoSliderAdapter(23400): getItemViewType: 身
11-11 20:47:12.847 D/UserInfoSliderAdapter(23400): getItemViewType: position2
11-11 20:47:12.847 D/UserInfoSliderAdapter(23400): getItemViewType: 身
11-11 20:47:12.847 D/UserInfoSliderAdapter(23400): getItemViewType: position3
11-11 20:47:12.847 D/UserInfoSliderAdapter(23400): getItemViewType: 身
11-11 20:47:12.847 D/UserInfoSliderAdapter(23400): getItemViewType: position4
11-11 20:47:12.847 D/UserInfoSliderAdapter(23400): getItemViewType: 身
11-11 20:47:12.847 D/UserInfoSliderAdapter(23400): getItemViewType: position5
11-11 20:47:12.847 D/UserInfoSliderAdapter(23400): getItemViewType: 身
11-11 20:47:12.848 D/UserInfoSliderAdapter(23400): getItemViewType: position6
11-11 20:47:12.848 D/UserInfoSliderAdapter(23400): getItemViewType: 身
11-11 20:47:12.849 D/UserInfoSliderAdapter(23400): getItemViewType: position7
11-11 20:47:12.849 D/UserInfoSliderAdapter(23400): getItemViewType: 身
11-11 20:47:12.862 D/UserInfoSliderAdapter(23400): getItemViewType: position0
11-11 20:47:12.862 D/UserInfoSliderAdapter(23400): getItemViewType: 头
11-11 20:47:12.863 D/UserInfoSliderAdapter(23400): getItemViewType: position1
11-11 20:47:12.863 D/UserInfoSliderAdapter(23400): getItemViewType: 身
11-11 20:47:12.863 D/UserInfoSliderAdapter(23400): getItemViewType: position2
11-11 20:47:12.863 D/UserInfoSliderAdapter(23400): getItemViewType: 身
11-11 20:47:12.863 D/UserInfoSliderAdapter(23400): getItemViewType: position3
11-11 20:47:12.863 D/UserInfoSliderAdapter(23400): getItemViewType: 身
11-11 20:47:12.863 D/UserInfoSliderAdapter(23400): getItemViewType: position4
11-11 20:47:12.863 D/UserInfoSliderAdapter(23400): getItemViewType: 身
11-11 20:47:12.864 D/UserInfoSliderAdapter(23400): getItemViewType: position5
11-11 20:47:12.864 D/UserInfoSliderAdapter(23400): getItemViewType: 身
11-11 20:47:12.864 D/UserInfoSliderAdapter(23400): getItemViewType: position6
11-11 20:47:12.864 D/UserInfoSliderAdapter(23400): getItemViewType: 身
11-11 20:47:12.865 D/UserInfoSliderAdapter(23400): getItemViewType: position7
11-11 20:47:12.865 D/UserInfoSliderAdapter(23400): getItemViewType: 身
11-11 20:47:12.940 V/AudioSink(  813): getPlayedOutDurationUs(415499) nowUs(154692102328) frames(18125) framesAt(154692097826)
11-11 20:47:12.941 D/NuPlayerDriver(  813): notifyListener_l(0xe2fc4640), (211, 0, 0, 20), loop setting(0, 0)
11-11 20:47:12.942 V/MediaPlayerNative(23400): message received msg=211, ext1=0, ext2=0
11-11 20:47:12.943 V/MediaPlayerNative(23400): unrecognized message: (211, 0, 0)
11-11 20:47:12.943 V/MediaPlayerNative(23400): callback application
11-11 20:47:12.944 V/MediaPlayerNative(23400): back from callback
11-11 20:47:12.946 I/NuPlayerDecoder(  813): [audio] saw output EOS
11-11 20:47:13.005 E/sensors-hal(  644): handle_sns_client_event:44, amd_sample: ts=171960683689211 ns; value = [2.000000]
11-11 20:47:13.097 D/UserInfoSliderAdapter(23400): getItemViewType: position0
11-11 20:47:13.097 D/UserInfoSliderAdapter(23400): getItemViewType: 头
11-11 20:47:13.097 D/UserInfoSliderAdapter(23400): getItemViewType: position1
11-11 20:47:13.097 D/UserInfoSliderAdapter(23400): getItemViewType: 身
11-11 20:47:13.097 D/UserInfoSliderAdapter(23400): getItemViewType: position2
11-11 20:47:13.097 D/UserInfoSliderAdapter(23400): getItemViewType: 身
11-11 20:47:13.097 D/UserInfoSliderAdapter(23400): getItemViewType: position3
11-11 20:47:13.097 D/UserInfoSliderAdapter(23400): getItemViewType: 身
11-11 20:47:13.098 D/UserInfoSliderAdapter(23400): getItemViewType: position4
11-11 20:47:13.098 D/UserInfoSliderAdapter(23400): getItemViewType: 身
11-11 20:47:13.098 D/UserInfoSliderAdapter(23400): getItemViewType: position5
11-11 20:47:13.098 D/UserInfoSliderAdapter(23400): getItemViewType: 身
11-11 20:47:13.098 D/UserInfoSliderAdapter(23400): getItemViewType: position6
11-11 20:47:13.098 D/UserInfoSliderAdapter(23400): getItemViewType: 身
11-11 20:47:13.098 D/UserInfoSliderAdapter(23400): getItemViewType: position7
11-11 20:47:13.098 D/UserInfoSliderAdapter(23400): getItemViewType: 身
11-11 20:47:13.164 I/SurfaceFlinger(  689): FPS: 56
11-11 20:47:13.197 V/AudioSink(  813): getPlayedOutDurationUs(672147) nowUs(154692359086) frames(28709) framesAt(154692337936)
11-11 20:47:13.197 V/AudioSink(  813): getPlayedOutDurationUs(672299) nowUs(154692359238) frames(28709) framesAt(154692337936)
11-11 20:47:13.197 D/NuPlayerRenderer(  813): onDrainAudioQueue(): nowUs 154692359238, nowMediaUs 672299
11-11 20:47:13.197 D/NuPlayerRenderer(  813): onDrainAudioQueue(): NO delay at the beginning
11-11 20:47:13.197 V/AudioSink(  813): stop
11-11 20:47:13.197 D/AudioTrack(  813): stop() called with 46040 frames delivered
11-11 20:47:13.198 V/AudioFlinger(  687): stop(1), calling pid 813
11-11 20:47:13.198 V/AudioFlinger(  687): not stopping/stopped => stopping/stopped (1) on thread 0xf2792d80
11-11 20:47:13.310 V/AudioFlinger(  687): releaseWakeLock_l() AudioOut_2D
11-11 20:47:13.310 V/AudioFlinger(  687): thread 0xf1f03b40 type 0 TID 1855 going to sleep
11-11 20:47:13.312 V/AudioFlinger(  687): releaseWakeLock_l() AudioOut_25
11-11 20:47:13.312 V/AudioFlinger(  687): thread 0xf21034c0 type 0 TID 1854 going to sleep
11-11 20:47:13.313 V/AudioFlinger(  687): releaseWakeLock_l() AudioOut_15
11-11 20:47:13.314 V/AudioFlinger(  687): thread 0xf2403700 type 0 TID 1853 going to sleep
11-11 20:47:13.337 V/GnssLocationProvider( 1488): GPM reportSvStatus
11-11 20:47:13.337 I/GnssLocationProvider( 1488): WakeLock released by handleMessage(REPORT_SV_STATUS, 0, com.android.server.location.GnssLocationProvider$SvStatusInfo@bc17f00)
11-11 20:47:13.338 I/GnssLocationProvider( 1488): WakeLock released by handleMessage(MSG_SV_REPORT, 1, 0)
11-11 20:47:13.396 D/UserInfoSliderAdapter(23400): getItemViewType: position0
11-11 20:47:13.397 D/UserInfoSliderAdapter(23400): getItemViewType: 头
11-11 20:47:13.399 D/UserInfoSliderAdapter(23400): getItemViewType: position1
11-11 20:47:13.399 D/UserInfoSliderAdapter(23400): getItemViewType: 身
11-11 20:47:13.399 D/UserInfoSliderAdapter(23400): getItemViewType: position2
11-11 20:47:13.399 D/UserInfoSliderAdapter(23400): getItemViewType: 身
11-11 20:47:13.399 D/UserInfoSliderAdapter(23400): getItemViewType: position3
11-11 20:47:13.399 D/UserInfoSliderAdapter(23400): getItemViewType: 身
11-11 20:47:13.399 D/UserInfoSliderAdapter(23400): getItemViewType: position4
11-11 20:47:13.399 D/UserInfoSliderAdapter(23400): getItemViewType: 身
11-11 20:47:13.399 D/UserInfoSliderAdapter(23400): getItemViewType: position5
11-11 20:47:13.399 D/UserInfoSliderAdapter(23400): getItemViewType: 身
11-11 20:47:13.399 D/UserInfoSliderAdapter(23400): getItemViewType: position6
11-11 20:47:13.399 D/UserInfoSliderAdapter(23400): getItemViewType: 身
11-11 20:47:13.399 D/UserInfoSliderAdapter(23400): getItemViewType: position7
11-11 20:47:13.399 D/UserInfoSliderAdapter(23400): getItemViewType: 身
11-11 20:47:13.418 D/UserInfoSliderAdapter(23400): getItemViewType: position0
11-11 20:47:13.418 D/UserInfoSliderAdapter(23400): getItemViewType: 头
11-11 20:47:13.419 D/UserInfoSliderAdapter(23400): getItemViewType: position1
11-11 20:47:13.419 D/UserInfoSliderAdapter(23400): getItemViewType: 身
11-11 20:47:13.420 D/UserInfoSliderAdapter(23400): getItemViewType: position2
11-11 20:47:13.420 D/UserInfoSliderAdapter(23400): getItemViewType: 身
11-11 20:47:13.420 D/UserInfoSliderAdapter(23400): getItemViewType: position3
11-11 20:47:13.420 D/UserInfoSliderAdapter(23400): getItemViewType: 身
11-11 20:47:13.420 D/UserInfoSliderAdapter(23400): getItemViewType: position4
11-11 20:47:13.420 D/UserInfoSliderAdapter(23400): getItemViewType: 身
11-11 20:47:13.420 D/UserInfoSliderAdapter(23400): getItemViewType: position5
11-11 20:47:13.420 D/UserInfoSliderAdapter(23400): getItemViewType: 身
11-11 20:47:13.420 D/UserInfoSliderAdapter(23400): getItemViewType: position6
11-11 20:47:13.420 D/UserInfoSliderAdapter(23400): getItemViewType: 身
11-11 20:47:13.420 D/UserInfoSliderAdapter(23400): getItemViewType: position7
11-11 20:47:13.420 D/UserInfoSliderAdapter(23400): getItemViewType: 身
11-11 20:47:13.430 I/ConfigStore(  689): android::hardware::configstore::V1_0::ISurfaceFlingerConfigs::hasHDRDisplay retrieved: 0
11-11 20:47:13.432 I/chatty  (  689): uid=1000(system) /system/bin/surfaceflinger identical 2 lines
11-11 20:47:13.432 I/ConfigStore(  689): android::hardware::configstore::V1_0::ISurfaceFlingerConfigs::hasHDRDisplay retrieved: 0
11-11 20:47:13.478 V/AudioFlinger(  687): presentationComplete() mPresentationCompleteFrames 0 framesWritten 51840
11-11 20:47:13.478 V/AudioFlinger(  687): presentationComplete() reset: mPresentationCompleteFrames 55680 audioHalFrames 3840
11-11 20:47:13.489 V/AudioFlinger(  687): presentationComplete() mPresentationCompleteFrames 55680 framesWritten 51840
11-11 20:47:13.497 V/AudioFlinger(  687): presentationComplete() mPresentationCompleteFrames 55680 framesWritten 52800
11-11 20:47:13.509 V/AudioFlinger(  687): presentationComplete() mPresentationCompleteFrames 55680 framesWritten 52800
11-11 20:47:13.518 V/AudioFlinger(  687): presentationComplete() mPresentationCompleteFrames 55680 framesWritten 53760
11-11 20:47:13.529 V/AudioFlinger(  687): presentationComplete() mPresentationCompleteFrames 55680 framesWritten 53760
11-11 20:47:13.538 V/AudioFlinger(  687): presentationComplete() mPresentationCompleteFrames 55680 framesWritten 54720
11-11 20:47:13.549 V/AudioFlinger(  687): presentationComplete() mPresentationCompleteFrames 55680 framesWritten 54720
11-11 20:47:13.558 V/AudioFlinger(  687): presentationComplete() mPresentationCompleteFrames 55680 framesWritten 55680
11-11 20:47:13.569 V/AudioFlinger(  687): presentationComplete() mPresentationCompleteFrames 55680 framesWritten 55680
11-11 20:47:13.570 D/NuPlayer(  813): reached audio EOS
11-11 20:47:13.570 D/NuPlayerDriver(  813): notifyListener_l(0xe2fc4640), (2, 0, 0, -1), loop setting(0, 0)
11-11 20:47:13.570 D/NuPlayer(  813): onPause mPaused:0
11-11 20:47:13.570 D/NuPlayer(  813): onPause source paused
11-11 20:47:13.570 D/NuPlayer(  813): Renderer paused
11-11 20:47:13.570 V/MediaPlayerNative(23400): message received msg=2, ext1=0, ext2=0
11-11 20:47:13.570 V/MediaPlayerNative(23400): playback complete
11-11 20:47:13.570 V/MediaPlayerNative(23400): callback application
11-11 20:47:13.570 V/MediaPlayerNative(23400): back from callback
11-11 20:47:13.570 V/AudioSink(  813): pause
11-11 20:47:13.571 D/NuPlayerDriver(  813): notifyListener_l(0xe2fc4640), (211, 0, 0, 20), loop setting(0, 0)
11-11 20:47:13.577 V/AudioFlinger(  687): presentationComplete() mPresentationCompleteFrames 55680 framesWritten 56640
11-11 20:47:13.577 V/MediaPlayerNative(23400): message received msg=211, ext1=0, ext2=0
11-11 20:47:13.577 V/MediaPlayerNative(23400): unrecognized message: (211, 0, 0)
11-11 20:47:13.577 V/MediaPlayerNative(23400): callback application
11-11 20:47:13.577 V/MediaPlayerNative(23400): back from callback
11-11 20:47:13.586 V/PlayerBase(23400): baseStop() piid=655
11-11 20:47:13.587 V/AudioFlinger(  687): presentationComplete() mPresentationCompleteFrames 55680 framesWritten 56640
11-11 20:47:13.587 D/FeatureService( 1488): SmartRingModeEnabled:true isSmartRingEnable:false isChildMode:false
11-11 20:47:13.588 W/PlayerBase(23400): baseStop state not match:4
11-11 20:47:13.588 V/MediaPlayerNative(23400): stop
11-11 20:47:13.588 V/MediaPlayerService(  813): [67] stop
11-11 20:47:13.588 D/MediaRouterService( 1488): onAudioPlayerActiveStateChanged: uid=10181, active=false, delaying
11-11 20:47:13.589 D/AudioManager( 2577): dispatching onPlaybackConfigChanged()
11-11 20:47:13.589 D/AudioManager( 2577): dispatching onPlaybackConfigChanged()
11-11 20:47:13.589 D/NuPlayerDriver(  813): stop(0xe2fc4640)
11-11 20:47:13.589 D/NuPlayerDriver(  813): notifyListener_l(0xe2fc4640), (8, 0, 0, -1), loop setting(0, 0)
11-11 20:47:13.590 V/MediaPlayerNative(23400): message received msg=8, ext1=0, ext2=0
11-11 20:47:13.590 V/PlayerBase(23400): baseStop() piid=655
11-11 20:47:13.590 V/MediaPlayerNative(23400): unrecognized message: (8, 0, 0)
11-11 20:47:13.590 V/MediaPlayerNative(23400): callback application
11-11 20:47:13.590 V/MediaPlayerNative(23400): back from callback
11-11 20:47:13.590 D/FeatureService( 1488): SmartRingModeEnabled:true isSmartRingEnable:false isChildMode:false
11-11 20:47:13.590 W/PlayerBase(23400): baseStop state not match:4
11-11 20:47:13.591 V/MediaPlayerNative(23400): reset
11-11 20:47:13.591 V/MediaPlayerService(  813): [67] reset
11-11 20:47:13.591 D/NuPlayerDriver(  813): reset(0xe2fc4640) at state 8
11-11 20:47:13.591 V/NuPlayerDriver(  813): updateMetrics(0xe2fc4640) from reset at state 8
11-11 20:47:13.591 V/NuPlayerDriver(  813): logMetrics(0xe2fc4640) from reset at state 8
11-11 20:47:13.595 D/NuPlayer(  813): kWhatReset
11-11 20:47:13.595 D/NuPlayer(  813): [audio] flushDecoder needShutdown=1
11-11 20:47:13.595 D/NuPlayer(  813): --performDecoderFlush
11-11 20:47:13.595 I/MediaCodec(  813): flush
11-11 20:47:13.595 V/AudioSink(  813): pause
11-11 20:47:13.595 V/AudioSink(  813): flush
11-11 20:47:13.595 D/NuPlayerDriver(  813): notifyListener_l(0xe2fc4640), (211, 0, 0, 20), loop setting(0, 0)
11-11 20:47:13.596 V/AudioFlinger(  687): flush(1)
11-11 20:47:13.596 V/MediaPlayerNative(23400): message received msg=211, ext1=0, ext2=0
11-11 20:47:13.596 V/AudioSink(  813): stop
11-11 20:47:13.596 D/NuPlayer(  813): renderer audio flush completed.
11-11 20:47:13.596 D/AudioFlinger(  687): mReset ##### AudioMixer reset...
11-11 20:47:13.596 D/NuPlayer(  813): decoder audio flush completed
11-11 20:47:13.597 I/MediaCodec(  813): release
11-11 20:47:13.597 I/MediaCodec(  813): kWhatStop or kWhatRelease
11-11 20:47:13.597 I/ACodec  (  813): initiateShutdown kWhatReleaseCodecInstance
11-11 20:47:13.603 I/MediaCodec(  813): ~MediaCodec
11-11 20:47:13.604 D/NuPlayer(  813): audio shutdown completed
11-11 20:47:13.606 V/AudioSink(  813): close
11-11 20:47:13.606 V/AudioTrack(  813): ~AudioTrack, releasing session id 713 from 813 on behalf of 23400
11-11 20:47:13.606 V/AudioFlinger(  687): releasing 713 from 813 for 23400
11-11 20:47:13.606 V/AudioFlinger(  687):  decremented refcount to 0
11-11 20:47:13.606 V/AudioFlinger(  687): purging stale effects
11-11 20:47:13.607 I/ActivityManager( 1488): Start proc 23660:com.volte.config/1001 for service com.volte.config/.innervolte.ConfigService
11-11 20:47:13.608 D/NuPlayerDriver(  813): notifyResetComplete(0xe2fc4640)
11-11 20:47:13.608 D/NuPlayer(  813): --performReset
11-11 20:47:13.608 V/MediaPlayerService(  813): disconnect(67) from pid 23400
11-11 20:47:13.608 D/NuPlayerDriver(  813): reset(0xe2fc4640) at state 0
11-11 20:47:13.608 V/NuPlayerDriver(  813): updateMetrics(0xe2fc4640) from reset at state 0
11-11 20:47:13.608 V/NuPlayerDriver(  813): logMetrics(0xe2fc4640) from reset at state 0
11-11 20:47:13.608 V/NuPlayerDriver(  813): nothing to record (only 3 fields)
11-11 20:47:13.608 V/NuPlayerDriver(  813): ~NuPlayerDriver(0xe2fc4640)
11-11 20:47:13.609 V/NuPlayerDriver(  813): updateMetrics(0xe2fc4640) from destructor at state 0
11-11 20:47:13.609 V/NuPlayerDriver(  813): logMetrics(0xe2fc4640) from destructor at state 0
11-11 20:47:13.609 V/NuPlayerDriver(  813): nothing to record (only 3 fields)
11-11 20:47:13.609 W/AMessage(  813): failed to post message as target looper for handler 0 is gone.
11-11 20:47:13.609 V/MediaPlayerNative(23400): notify(211, 0, 0) callback on disconnected mediaplayer
11-11 20:47:13.609 V/MediaPlayer(23400): resetDrmState:  mDrmInfo=null mDrmProvisioningThread=null mPrepareDrmInProgress=false mActiveDrmScheme=false
11-11 20:47:13.609 V/MediaPlayer(23400): cleanDrmObj: mDrmObj=null mDrmSessionId=null
11-11 20:47:13.609 V/PlayerBase(23400): baseRelease() piid=655 state=4
11-11 20:47:13.609 V/MediaPlayerService(  813): Client(67) destructor pid = 23400
11-11 20:47:13.609 V/AudioSink(  813): close
11-11 20:47:13.609 V/MediaPlayerService(  813): disconnect(67) from pid 23400
11-11 20:47:13.610 D/FeatureService( 1488): SmartRingModeEnabled:true isSmartRingEnable:false isChildMode:false
11-11 20:47:13.610 W/PlayerBase(23400): baseStop state not match:0
11-11 20:47:13.611 D/AudioManager( 2577): dispatching onPlaybackConfigChanged()
11-11 20:47:13.611 D/AudioManager( 2577): dispatching onPlaybackConfigChanged()
11-11 20:47:13.611 V/MediaPlayer(23400): resetDrmState:  mDrmInfo=null mDrmProvisioningThread=null mPrepareDrmInProgress=false mActiveDrmScheme=false
11-11 20:47:13.611 V/MediaPlayer(23400): cleanDrmObj: mDrmObj=null mDrmSessionId=null
11-11 20:47:13.611 V/MediaPlayerNative(23400): setListener
11-11 20:47:13.611 V/MediaPlayerNative(23400): disconnect
11-11 20:47:13.611 V/MediaPlayerNative(23400): destructor
11-11 20:47:13.611 V/AudioFlinger(  687): releasing 713 from 23400 for -1
11-11 20:47:13.611 V/AudioFlinger(  687):  decremented refcount to 0
11-11 20:47:13.611 V/AudioFlinger(  687): purging stale effects
11-11 20:47:13.611 V/MediaPlayerNative(23400): disconnect
11-11 20:47:13.612 V/PlayerBase(23400): vivobaseStop() piid=655
11-11 20:47:13.612 D/FeatureService( 1488): SmartRingModeEnabled:true isSmartRingEnable:false isChildMode:false
11-11 20:47:13.612 W/PlayerBase(23400): baseStop state not match:0
11-11 20:47:13.619 V/AudioFlinger(  687): presentationComplete() mPresentationCompleteFrames 55680 framesWritten 58560
11-11 20:47:13.619 D/AudioFlinger(  687): Track reset .... 
11-11 20:47:13.619 D/BufferProvider(  687): setBufferProvider(0x0): mTrackBufferProvider:0xf1fe0e00  mBuffer.frameCount:0
11-11 20:47:13.619 V/AudioFlinger(  687): removeTracks_l(1): removing track on session 713
11-11 20:47:13.619 D/AudioFlinger(  687): stopOutput_POM , POM_id:23400
11-11 20:47:13.619 V/AudioPolicyService(  687): AudioCommandThread() adding stop output 13
11-11 20:47:13.619 V/AudioPolicyService(  687): inserting command: 6 at index 0, num commands 0
11-11 20:47:13.619 V/AudioPolicyService(  687): AudioCommandThread() adding release output 13
11-11 20:47:13.619 V/AudioPolicyService(  687): inserting command: 7 at index 1, num commands 1
11-11 20:47:13.619 D/AudioFlinger(  687): updateWakeLockUids_l AudioOut_D uids:
11-11 20:47:13.619 V/AudioPolicyService(  687): AudioCommandThread() processing stop output 13
11-11 20:47:13.619 D/AudioPolicyManagerCustom(  687): stopOutput_POM, output:13, stream:2, session:713, pom_id:23400
11-11 20:47:13.619 I/APM::AudioPolicyEngine(  687): remove pom records for 23400.
11-11 20:47:13.619 I/APM::AudioPolicyEngine(  687): ###### POM Stack0:  0 0 1
11-11 20:47:13.619 V/APM_AudioPolicyManager(  687): stopOutput() output 13, stream 2, session 713
11-11 20:47:13.619 V/AudioFlinger(  687): updateWakeLockUids_l() AudioOut_D status 0
11-11 20:47:13.619 D/AudioPolicyManagerCustom(  687): stopOutput isCallPOMStateChange :0, refCount:1
11-11 20:47:13.619 V/APM_AudioPolicyManager(  687): getNewOutputDevice() selected device 0
11-11 20:47:13.619 V/APM_AudioPolicyManager(  687): setOutputDevice() device 0000 delayMs 160
11-11 20:47:13.619 V/APM_AudioPolicyManager(  687): setOutputDevice() prevDevice 0x0002
11-11 20:47:13.620 V/APM::AudioPolicyEngine(  687): getDeviceForStrategy() strategy 0, device 2
11-11 20:47:13.620 V/APM::AudioPolicyEngine(  687): getDeviceForStrategy() strategy 1, device 1
11-11 20:47:13.620 V/APM::AudioPolicyEngine(  687): getDeviceForStrategy() strategy 2, device 2
11-11 20:47:13.620 V/APM::AudioPolicyEngine(  687): getDeviceForStrategy() strategy 0, device 2
11-11 20:47:13.620 V/APM::AudioPolicyEngine(  687): getDeviceForStrategy() strategy 3, device 2
11-11 20:47:13.620 V/APM::AudioPolicyEngine(  687): getDeviceForStrategy() strategy 0, device 2
11-11 20:47:13.620 V/APM::AudioPolicyEngine(  687): getDeviceForStrategy() strategy 4, device 2
11-11 20:47:13.620 V/APM::AudioPolicyEngine(  687): getDeviceForStrategy() strategy 5, device 2
11-11 20:47:13.620 V/APM::AudioPolicyEngine(  687): getDeviceForStrategy() strategy 6, device 2
11-11 20:47:13.620 V/APM::AudioPolicyEngine(  687): getDeviceForStrategy() strategy 7, device 2
11-11 20:47:13.620 V/APM::AudioPolicyEngine(  687): getDeviceForStrategy() strategy 8, device 2
11-11 20:47:13.620 V/APM::AudioPolicyEngine(  687): getDeviceForStrategy() strategy 9, device 2
11-11 20:47:13.620 V/APM_AudioPolicyManager(  687): setOutputDevice() setting same device 0x0000 or null device
11-11 20:47:13.620 D/AudioPolicyIntefaceImpl(  687): doStopOutput_POM oldPhoneState:0,currentPhoneState:0
11-11 20:47:13.620 V/AudioPolicyService(  687): AudioCommandThread() processing release output 13
11-11 20:47:13.620 V/APM_AudioPolicyManager(  687): releaseOutput() 13
11-11 20:47:13.620 V/AudioPolicyService(  687): AudioCommandThread() going to sleep
11-11 20:47:13.624 E/om.volte.confi(23660): Not starting debugger since process cannot load the jdwp agent.
11-11 20:47:13.632 V/AudioFlinger(  687): PlaybackThread::Track destructor
11-11 20:47:13.632 V/AudioFlinger(  687): removeClient_l() pid 23400, calling pid 687
11-11 20:47:13.633 D/BufferProvider(  687): ~CopyBufferProvider(0xf461aa40) 0 0x0 0xf2814000
11-11 20:47:13.670 I//vendor/bin/hw/vendor.qti.hardware.servicetracker@1.0-service(  666): startService() is called for servicecom.volte.config/.innervolte.ConfigService
11-11 20:47:13.686 D/LocSvc_HIDL_IzatProvider_jni( 1488): Provider Type: 2; Num Updates: 2147483647; Interval: 14400000Displacement: 0.000000; Accuracy: 1
11-11 20:47:13.686 V/LocSvc_HIDL_IzatProvider_jni( 1488): [onAddRequest][165] [HC] =>> [HS]
11-11 20:47:13.686 W/WindowManager( 1488): notify Activity finish AppWindowToken{817cce6 token=Token{d289f41 ActivityRecord{ba82628 u0 com.android.packageinstaller/.permission.ui.GrantPermissionsActivity d0 s29 t30}}}
11-11 20:47:13.686 V/LocSvc_HIDL_IzatProvider(  654): [onAddRequest][195] [HS] <<<<= [HC]
11-11 20:47:13.686 I/GnssLocationProvider( 1488): WakeLock released by handleMessage(SET_REQUEST, 0, com.android.server.location.GnssLocationProvider$GpsRequest@63f8b2c)
11-11 20:47:13.686 V/LocSvc_HIDL_OsNpGlue_jni( 1488): [onSetRequest][60] [HC] <<= [HS]
11-11 20:47:13.687 I/NpProxy ( 1488): handleMessage what - 3
11-11 20:47:13.687 D/NpProxy-VSNS( 1488): setRequestVSNS nlpId:NLP_INDEX_DOMESTIC, request:ProviderRequest[ON interval=+4h0m0s0ms lowPowerMode=false], WorkSource{10116 com.vivo.hiboard}
11-11 20:47:13.687 D/ActivityTrigger( 1488): ActivityTrigger activityPauseTrigger 
11-11 20:47:13.693 I/WifiService( 1488): startScan uid=10033
11-11 20:47:13.693 D/WifiPermissionsUtil( 1488): com.amap.android.location getScanResults, ignore the location switch restrictions
11-11 20:47:13.694 D/WifiScanRequestProxy( 1488): isRequestFromBackground allow bgscan
11-11 20:47:13.696 W/ActivityManager( 1488): vivo occlude resumeTop canOccclude = false next.occlude = false
11-11 20:47:13.697 W/ActivityManager( 1488): vivo occlude resumeTop canOccclude = false next.occlude = false
11-11 20:47:13.700 I/FaceDetectService( 1488): notifyFaceDetectKeyHandler action: 17
11-11 20:47:13.725 I/ActivityWatcher( 1488): activity state: 1
11-11 20:47:13.732 D/App     (23400): onActivityResumed: 
11-11 20:47:13.732 D/RongyunConnect(23400): connect: 进入app的融云链接
11-11 20:47:13.732 I/[RC:A-connect-T](23400): {"ptid":"23400-2*","token":"YfKt7SAvYIcDxH89K5repf2R7+lmw2fJzyPL0avIipI=@7f3e.cn.rongnav.com;7f3e.cn.rongcfg.com"}
11-11 20:47:13.733 I/[RC:L-connect-T](23400): {"ptid":"23400-2*","sequences":0}
11-11 20:47:13.733 I/[RC:L-connect-R](23400): {"ptid":"23400-2*","code":0,"sequences":0}
11-11 20:47:13.733 W/RongLog (23400): [RongLog][ RongIMClient ] Current state is Connected using the same token
11-11 20:47:13.736 I/ActivityWatcher( 1488): activity state: 0
11-11 20:47:13.744 I/Perf    (23660): Connecting to perf service.
11-11 20:47:13.745 E/SogouIME-412384_20200114( 5131): SogouIME#onUnbindInput():15464 onUnbindInput
11-11 20:47:13.747 E/SogouIME-412384_20200114( 5131): SogouIME#onBindInput():15484 onBindInput
11-11 20:47:13.752 I/[RC:A-connect-R](23400): {"ptid":"23400-2*","code":0,"user_id":"51527"}
11-11 20:47:13.753 D/RONGCLOUD(23400): --onSuccess51527
11-11 20:47:13.753 I/RongLog (23400): [RongLog][ InternalModuleManager ] onConnected
11-11 20:47:13.762 D/RongLog (23400): [RongLog][ UnReadMessageManager ] get result: 3
11-11 20:47:13.763 D/RongLog (23400): [RongLog][ UnReadMessageManager ] get result: 3
11-11 20:47:13.782 D/SogouIME( 5131): SogouIME mHandler = 98
11-11 20:47:13.787 E/ANDR-IOP(  657): IOP HAL: Received pkg_name = com.volte.config pid = 0
11-11 20:47:13.792 D/WificondControl( 1488): Scan result ready event
11-11 20:47:13.793 V/AlarmAlign( 1488): setLocked to kernel, type = 2, when = 172053150, curTime = 171961535
11-11 20:47:13.793 V/AlarmAlign( 1488): setLocked to kernel, type = 3, when = 172007741, curTime = 171961535
11-11 20:47:13.794 I/LOWI-8.6.0.44(  890): [LOWI-Scan] lowi_close_record:Scan done in 171940628ms, 11 APs in scan results
11-11 20:47:13.801 D/WifiPermissionsUtil( 1488): com.amap.android.location getScanResults, ignore the location switch restrictions
11-11 20:47:13.802 D/WifiPermissionsUtil( 1488): com.amap.android.location getScanResults, ignore the location switch restrictions
11-11 20:47:13.808 D/WifiScanRequestProxy( 1488): getScanResultsCache 11
11-11 20:47:13.808 I/WifiScanRequestProxy( 1488): No ongoing scan request. Don't send scan broadcast.
11-11 20:47:13.808 D/WifiScanRequestProxy( 1488): getScanResultsCache 11
11-11 20:47:13.809 D/WifiScanRequestProxy( 1488): getScanResultsCache 11
11-11 20:47:13.809 D/WifiScanRequestProxy( 1488): getScanResultsCache 11
11-11 20:47:13.859 D/WifiScanRequestProxy( 1488): getScanResultsCache 11
11-11 20:47:13.873 I/ActivityManager( 1488): Process com.bbk.calendar (pid 21033) has died: cch+4CEM 
11-11 20:47:13.873 E/ANDR-IOP(  657): IOP HAL: Received pkg_name = com.bbk.calendar pid = 0
11-11 20:47:13.873 I/MtpServer( 4174): sendObjectInfoChanged handle = 1513
11-11 20:47:13.874 I/Zygote  (  551): Process 21033 exited due to signal (9)
11-11 20:47:13.877 D/WifiScanRequestProxy( 1488): getScanResultsCache 11
11-11 20:47:13.878 I//vendor/bin/hw/vendor.qti.hardware.servicetracker@1.0-service(  666): killProcess is called for pid : 21033
11-11 20:47:13.878 I//vendor/bin/hw/vendor.qti.hardware.servicetracker@1.0-service(  666): process with pid 21033 is client
11-11 20:47:13.879 I//vendor/bin/hw/vendor.qti.hardware.servicetracker@1.0-service(  666): size of service connections for service: com.android.systemui/com.vivo.systemui.channel.ChannelServiceafter removal is 6
11-11 20:47:13.879 I//vendor/bin/hw/vendor.qti.hardware.servicetracker@1.0-service(  666): removing client with pid 21033process namecom.bbk.calendar
11-11 20:47:13.879 W/libprocessgroup( 1488): kill(-21033, 9) failed: No such process
11-11 20:47:13.879 I/libprocessgroup( 1488): Successfully killed process cgroup uid 10105 pid 21033 in 0ms
11-11 20:47:13.886 I/Zygote  (  551): Process 21149 exited due to signal (9)
11-11 20:47:13.886 D/gamevibrator( 1488): onProcessDied pid:21033, uid:10105
11-11 20:47:13.887 D/gamevibrator( 1488): game pkg: null
11-11 20:47:13.889 D/PackageSettings( 1488): currentTime = 171961631 mLastBackupTime = 95365963
11-11 20:47:13.889 D/PackageSettings( 1488): cost time = 76595668
11-11 20:47:13.897 D/PowerManagerService( 1488): acquireWakeLockInternal: lock=7560104, flags=0x2000000a, tag="WindowManager", ws=WorkSource{10181}, uid=1000, pid=1488
11-11 20:47:13.898 W/System.err( 1488): android.content.pm.PackageManager$NameNotFoundException: com.tencent.mobileqq
11-11 20:47:13.898 W/System.err( 1488): 	at android.app.ApplicationPackageManager.getApplicationInfoAsUser(ApplicationPackageManager.java:428)
11-11 20:47:13.898 W/System.err( 1488): 	at android.app.ApplicationPackageManager.getApplicationInfo(ApplicationPackageManager.java:410)
11-11 20:47:13.898 W/System.err( 1488): 	at com.vivo.common.antimisoperation.AntiMisoperation.isQQWorkSource(AntiMisoperation.java:181)
11-11 20:47:13.898 W/System.err( 1488): 	at com.vivo.common.antimisoperation.AntiMisoperation.access$1800(AntiMisoperation.java:44)
11-11 20:47:13.898 W/System.err( 1488): 	at com.vivo.common.antimisoperation.AntiMisoperation$AntiMisoperationHandler.handleMessage(AntiMisoperation.java:448)
11-11 20:47:13.898 W/System.err( 1488): 	at android.os.Handler.dispatchMessage(Handler.java:106)
11-11 20:47:13.898 W/System.err( 1488): 	at android.os.Looper.loop(Looper.java:224)
11-11 20:47:13.898 W/System.err( 1488): 	at android.os.HandlerThread.run(HandlerThread.java:65)
11-11 20:47:13.906 I/ActivityManager( 1488): Process com.vivo.email:eas (pid 21149) has died: cch+4CEM 
11-11 20:47:13.907 W/libprocessgroup( 1488): kill(-21149, 9) failed: No such process
11-11 20:47:13.907 I/libprocessgroup( 1488): Successfully killed process cgroup uid 10125 pid 21149 in 0ms
11-11 20:47:13.907 E/ANDR-IOP(  657): IOP HAL: Received pkg_name = com.vivo.email:eas pid = 0
11-11 20:47:13.915 I//vendor/bin/hw/vendor.qti.hardware.servicetracker@1.0-service(  666): killProcess is called for pid : 21149
11-11 20:47:13.915 I//vendor/bin/hw/vendor.qti.hardware.servicetracker@1.0-service(  666): process with pid 21149 is client
11-11 20:47:13.915 I//vendor/bin/hw/vendor.qti.hardware.servicetracker@1.0-service(  666): removing client with pid 21149process namecom.vivo.email:eas
11-11 20:47:13.923 D/gamevibrator( 1488): onProcessDied pid:21149, uid:10125
11-11 20:47:13.924 D/gamevibrator( 1488): game pkg: null
11-11 20:47:13.955 I/NpProxy ( 1488): handleMessage what - 4
11-11 20:47:13.955 V/LocSvc_HIDL_OsNpGlue_jni( 1488): [onJavaLocationChanged][180] [HC] =>> [HS]
11-11 20:47:13.955 V/LocSvc_HIDL_IzatOsNpGlue(  654): [locationChanged][95] [HS] <<<<= [HC]
11-11 20:47:13.955 V/LocSvc_HIDL_IzatProvider(  654): [onLocationChanged][72] [HS] =>>>> [HC]
11-11 20:47:13.955 V/LocSvc_HIDL_IzatProvider_jni( 1488): [onLocationChanged][218] [HC] <<= [HS]
11-11 20:47:14.045 I/[RC:L-ping-S](23400): {"ptid":"23440-2219","interval":15000,"enabled":"polling"}
11-11 20:47:14.102 I/RongLog (23440): [RongLog][ NativeClient ] ExceptionListener OnPongReceived.
11-11 20:47:14.122 D/NotificationService( 1488): Timeout pkg=xin.banghua.beiyuan callback=android.app.ITransientNotification$Stub$Proxy@e180d5e
11-11 20:47:14.124 D/SurfaceFlinger(  689): duplicate layer name: changing Surface(name=8d3a16a Toast)/@0xff11fd1 - animation-leash to Surface(name=8d3a16a Toast)/@0xff11fd1 - animation-leash#1
11-11 20:47:14.135 D/NotificationService( 1488): Show pkg=xin.banghua.beiyuan callback=android.app.ITransientNotification$Stub$Proxy@116e80d
11-11 20:47:14.136 D/PowerManagerService( 1488): releaseWakeLockInternal: lock=7560104 [WindowManager], flags=0x0
11-11 20:47:14.148 W/NotificationService( 1488): Toast already killed. pkg=xin.banghua.beiyuan callback=android.app.ITransientNotification$Stub$Proxy@43c411d
11-11 20:47:14.151 W/WindowManager( 1488): Failed looking up window callers=com.android.server.wm.VivoBaseWindowManagerService.adjustDisplayIdForWindow:784 com.android.server.wm.WindowManagerService.addWindow:1438 com.android.server.wm.Session.addToDisplay:208 
11-11 20:47:14.159 D/SurfaceFlinger(  689): duplicate layer name: changing Toast to Toast#1
11-11 20:47:14.162 E/        (  689): IProducerListener: malformed binder reply
11-11 20:47:14.181 I/SurfaceFlinger(  689): FPS: 57
11-11 20:47:14.188 D/ConnectivityService( 1488): onForegroundActivitiesChanged: pid=17923, uid=10025, foregroundActivities=false
11-11 20:47:14.188 D/gamevibrator( 1488): onForegroundActivitiesChanged pid:17923, uid:10025, hasFore:false
11-11 20:47:14.189 I/PackageManager( 1488): x-------->>>>>>>> zuishang = xin.banghua.beiyuan
11-11 20:47:14.189 D/FeatureService( 1488): onForegroundActivitiesChanged: pid=17923, uid=10025, foregroundActivities=false
11-11 20:47:14.189 D/FeatureService( 1488): handleForgrouneAppChanged pid:17923, uid:10025 foreground:false
11-11 20:47:14.189 I/TouchMotionHandler(17923): handler onDetached
11-11 20:47:14.198 D/UiModeManager( 1488): onForegroundActivitiesChanged: pid=17923, uid=10025, foregroundActivities=false
11-11 20:47:14.202 D/PowerManagerService( 1488): acquireWakeLockInternal: lock=7560104, flags=0x2000000a, tag="WindowManager", ws=WorkSource{10181}, uid=1000, pid=1488
11-11 20:47:14.203 W/System.err( 1488): android.content.pm.PackageManager$NameNotFoundException: com.tencent.mobileqq
11-11 20:47:14.203 W/System.err( 1488): 	at android.app.ApplicationPackageManager.getApplicationInfoAsUser(ApplicationPackageManager.java:428)
11-11 20:47:14.203 W/System.err( 1488): 	at android.app.ApplicationPackageManager.getApplicationInfo(ApplicationPackageManager.java:410)
11-11 20:47:14.203 W/System.err( 1488): 	at com.vivo.common.antimisoperation.AntiMisoperation.isQQWorkSource(AntiMisoperation.java:181)
11-11 20:47:14.203 W/System.err( 1488): 	at com.vivo.common.antimisoperation.AntiMisoperation.access$1800(AntiMisoperation.java:44)
11-11 20:47:14.203 W/System.err( 1488): 	at com.vivo.common.antimisoperation.AntiMisoperation$AntiMisoperationHandler.handleMessage(AntiMisoperation.java:448)
11-11 20:47:14.203 W/System.err( 1488): 	at android.os.Handler.dispatchMessage(Handler.java:106)
11-11 20:47:14.203 W/System.err( 1488): 	at android.os.Looper.loop(Looper.java:224)
11-11 20:47:14.203 W/System.err( 1488): 	at android.os.HandlerThread.run(HandlerThread.java:65)
11-11 20:47:14.292 V/GnssLocationProvider( 1488): GPM reportSvStatus
11-11 20:47:14.292 I/GnssLocationProvider( 1488): WakeLock released by handleMessage(REPORT_SV_STATUS, 0, com.android.server.location.GnssLocationProvider$SvStatusInfo@ea376d5)
11-11 20:47:14.293 I/GnssLocationProvider( 1488): WakeLock released by handleMessage(MSG_SV_REPORT, 3, 0)
11-11 20:47:14.302 D/WifiScanRequestProxy( 1488): getScanResultsCache 11
11-11 20:47:14.363 I/system_server( 1488): Background concurrent copying GC freed 122058(6MB) AllocSpace objects, 30(1048KB) LOS objects, 18% free, 34MB/42MB, paused 361us total 173.782ms
11-11 20:47:14.606 V/AudioFlinger(  687): Audio hardware entering standby, mixer 0xf2792d80, suspend count 0
11-11 20:47:14.607 D/audio_hw_primary(  623): out_standby: enter: stream (0xeb932800) usecase(0: deep-buffer-playback)
11-11 20:47:14.647 V/WindowManager( 1488): Remove pending window: Window{8d3a16a u0 Toast}
11-11 20:47:14.652 W/SurfaceFlinger(  689): Attempting to destroy on removed layer: 8d3a16a Toast#0
11-11 20:47:14.784 D/audio_hw_primary(  623): disable_audio_route: reset and update mixer path: deep-buffer-playback speaker
11-11 20:47:14.789 D/soundtrigger(  623): audio_extn_sound_trigger_update_stream_status: uc_info->id 0 of type 0 for Event 2, with Raise=1
11-11 20:47:14.789 I/sound_trigger_platform(  623): platform_stdev_check_and_update_concurrency: Received STREAM event, event type 2, usecase type 0
11-11 20:47:14.789 D/sound_trigger_platform(  623): platform_stdev_check_and_update_concurrency: dedicated path 0, reset backend 1, tx 0, rx 0,concurrency session allowed
11-11 20:47:14.789 D/msm8974_platform(  623): platform_split_snd_device: snd_device(2) num devices(0) new_snd_devices(0)
11-11 20:47:14.790 I/msm8974_platform(  623): platform_get_custom_mtmx_params: no matching param with id 0 ip_ch 2 op_ch 2 uc_id 0 snd_dev 2
11-11 20:47:14.790 D/hardware_info(  623): hw_info_append_hw_type : device_name = speaker
11-11 20:47:14.790 D/audio_hw_primary(  623): disable_snd_device: device 2:device_name:speaker:ref_cnt:0
11-11 20:47:14.790 D/audio_hw_primary(  623): disable_snd_device: snd_device(2: speaker)
11-11 20:47:14.790 D/msm8974_platform(  623): platform_split_snd_device: snd_device(2) num devices(0) new_snd_devices(0)
11-11 20:47:14.820 I/soundtrigger(  623): audio_extn_sound_trigger_update_device_status: device 0x2 of type 0 for Event 0, with Raise=0
11-11 20:47:14.820 D/audio_hw_primary(  623): out_standby: exit
11-11 20:47:14.820 V/AudioFlinger(  687): releaseWakeLock_l() AudioOut_D
11-11 20:47:14.820 V/AudioFlinger(  687): thread 0xf2792d80 type 0 TID 1851 going to sleep
11-11 20:47:14.875 E/sensors-hal(  644): handle_sns_client_event:44, amd_sample: ts=171962531387024 ns; value = [1.000000]
11-11 20:47:14.892 D/LocationAccessPolicy( 1488): isWhiteList: com.amap.android.location
11-11 20:47:14.892 E/LocationAccessPolicy( 1488): canAccessCellLocation in whitList. uid = 10033, pkgName = com.amap.android.location
11-11 20:47:14.906 D/LocationAccessPolicy( 2659): isWhiteList: com.amap.android.location
11-11 20:47:14.907 E/LocationAccessPolicy( 2659): canAccessCellLocation in whitList. uid = 10033, pkgName = com.amap.android.location
11-11 20:47:14.917 D/LocationAccessPolicy( 2659): isWhiteList: com.amap.android.location
11-11 20:47:14.919 E/LocationAccessPolicy( 2659): canAccessCellLocation in whitList. uid = 10033, pkgName = com.amap.android.location
11-11 20:47:14.935 D/LocationAccessPolicy( 2659): isWhiteList: com.amap.android.location
11-11 20:47:14.936 E/LocationAccessPolicy( 2659): canAccessCellLocation in whitList. uid = 10033, pkgName = com.amap.android.location
11-11 20:47:15.036 I/ConfigStore(  689): android::hardware::configstore::V1_0::ISurfaceFlingerConfigs::hasHDRDisplay retrieved: 0
11-11 20:47:15.040 I/chatty  (  689): uid=1000(system) /system/bin/surfaceflinger identical 2 lines
11-11 20:47:15.041 I/ConfigStore(  689): android::hardware::configstore::V1_0::ISurfaceFlingerConfigs::hasHDRDisplay retrieved: 0
11-11 20:47:15.345 V/GnssLocationProvider( 1488): GPM reportSvStatus
11-11 20:47:15.346 I/GnssLocationProvider( 1488): WakeLock released by handleMessage(REPORT_SV_STATUS, 0, com.android.server.location.GnssLocationProvider$SvStatusInfo@1dc9878)
11-11 20:47:15.355 I/GnssLocationProvider( 1488): WakeLock released by handleMessage(MSG_SV_REPORT, 4, 0)
11-11 20:47:15.511 E/ThermalEngine(  792): vivo_thermal_parameter_config :VivoThermal:read type:1  buf: 1
11-11 20:47:15.511 E/ThermalEngine(  792):  
11-11 20:47:15.595 V/InputDispatcher( 1488): Asynchronous input event injection succeeded.
11-11 20:47:15.617 V/InputDispatcher( 1488): Asynchronous input event injection succeeded.
11-11 20:47:15.626 W/Binder:1488_19( 1488): type=1400 audit(0.0:71170): avc: denied { read } for name="u:object_r:system_boot_reason_prop:s0" dev="tmpfs" ino=17915 scontext=u:r:system_server:s0 tcontext=u:object_r:system_boot_reason_prop:s0 tclass=file permissive=0
11-11 20:47:15.628 D/WindowManager( 1488): interceptKeyBeforeQueueing systemBooted = true
11-11 20:47:15.630 E/sensors-hal(  644): handle_sns_client_event:44, amd_sample: ts=171963271588013 ns; value = [2.000000]
11-11 20:47:15.630 D/WindowManager( 1488): interceptKeyTq keycode=3 interactive=true keyguardActive=false policyFlags=2b000002
11-11 20:47:15.631 W/WindowManager( 1488): interceptKeyBeforeQueueingForVivo isGameRunning  = false ,keyguardActive = false ,lastDoubleKey = 0 ,keyCode = 3 ,down = true ,canceled = false
11-11 20:47:15.631 D/WindowManager( 1488): mGlobalPowerKeyTriggered = false mGlobalVolumeUpKeyTriggered = false mGlobalVolumeDownKeyTriggered = false mGlobalAiKeyTriggered = false
11-11 20:47:15.632 I/SurfaceFlinger(  689): FPS: 48
11-11 20:47:15.634 E/libc    ( 1488): Access denied finding property "sys.boot.reason"
11-11 20:47:15.634 D/WindowManager( 1488): checkBaseRequirement inJected : false
11-11 20:47:15.636 D/WindowManager( 1488): performHapticFeedbackLw = true ,effectId = 1
11-11 20:47:15.636 D/WindowManager( 1488): cancelJoviVoice mPowerKeyHandledByJovi = true
11-11 20:47:15.636 D/WindowManager( 1488): interceptScreenshotChord downKeyTriggered=false ,upKeyTriggered=false ,powerKeyTriggered=false ,homeKeyTriggered=true
11-11 20:47:15.637 D/WindowManager( 1488): isPhicalHomeKey = false ,result = 1
11-11 20:47:15.637 I/WindowManager( 1488): process interceptKeyBeforeQueueing result = 1
11-11 20:47:15.637 D/WindowManager( 1488): interceptKeyTi keyCode=3 down=true repeatCount=0 keyguardOn=false mHomePressed=false canceled=false
11-11 20:47:15.638 D/WindowManager( 1488): intercept win = Window{c6d7cd4 u0 xin.banghua.beiyuan/xin.banghua.beiyuan.MainActivity}
11-11 20:47:15.640 D/WindowManager( 1488): interceptKeyBeforeQueueing systemBooted = true
11-11 20:47:15.641 D/WindowManager( 1488): interceptKeyTq keycode=3 interactive=true keyguardActive=false policyFlags=2b000002
11-11 20:47:15.641 W/WindowManager( 1488): interceptKeyBeforeQueueingForVivo isGameRunning  = false ,keyguardActive = false ,lastDoubleKey = 0 ,keyCode = 3 ,down = false ,canceled = false
11-11 20:47:15.641 D/WindowManager( 1488): mGlobalPowerKeyTriggered = false mGlobalVolumeUpKeyTriggered = false mGlobalVolumeDownKeyTriggered = false mGlobalAiKeyTriggered = false
11-11 20:47:15.642 E/libc    ( 1488): Access denied finding property "sys.boot.reason"
11-11 20:47:15.642 D/WindowManager( 1488): checkBaseRequirement inJected : false
11-11 20:47:15.642 D/WindowManager( 1488): cancelPendingScreenshotKey.
11-11 20:47:15.642 D/WindowManager( 1488): isPhicalHomeKey = false ,result = 1
11-11 20:47:15.643 I/WindowManager( 1488): process interceptKeyBeforeQueueing result = 1
11-11 20:47:15.636 W/Binder:1488_19( 1488): type=1400 audit(0.0:71171): avc: denied { read } for name="u:object_r:system_boot_reason_prop:s0" dev="tmpfs" ino=17915 scontext=u:r:system_server:s0 tcontext=u:object_r:system_boot_reason_prop:s0 tclass=file permissive=0
11-11 20:47:15.650 D/WindowManager( 1488): intercept attrs = {(0,0)(fillxfill) sim={adjust=resize} ty=BASE_APPLICATION wanim=0x10302f8
11-11 20:47:15.650 D/WindowManager( 1488):   fl=LAYOUT_IN_SCREEN LAYOUT_INSET_DECOR SPLIT_TOUCH HARDWARE_ACCELERATED DRAWS_SYSTEM_BAR_BACKGROUNDS
11-11 20:47:15.650 D/WindowManager( 1488):   pfl=FORCE_DRAW_STATUS_BAR_BACKGROUND homeIndicatorState=-1 keepFullScreen=0 internalFlag=0x0 preferedDisplay=0}
11-11 20:47:15.651 V/InputDispatcher( 1488): Asynchronous input event injection succeeded.
11-11 20:47:15.651 D/WindowManager( 1488): interceptKeyTi keyCode=3 down=false repeatCount=0 keyguardOn=false mHomePressed=true canceled=false
11-11 20:47:15.651 D/WindowManager( 1488): intercept win = Window{c6d7cd4 u0 xin.banghua.beiyuan/xin.banghua.beiyuan.MainActivity}
11-11 20:47:15.656 D/WindowManager( 1488): intercept attrs = {(0,0)(fillxfill) sim={adjust=resize} ty=BASE_APPLICATION wanim=0x10302f8
11-11 20:47:15.656 D/WindowManager( 1488):   fl=LAYOUT_IN_SCREEN LAYOUT_INSET_DECOR SPLIT_TOUCH HARDWARE_ACCELERATED DRAWS_SYSTEM_BAR_BACKGROUNDS
11-11 20:47:15.656 D/WindowManager( 1488):   pfl=FORCE_DRAW_STATUS_BAR_BACKGROUND homeIndicatorState=-1 keepFullScreen=0 internalFlag=0x0 preferedDisplay=0}
11-11 20:47:15.664 E/ANDR-PERF-MPCTL(  658): Invalid profile no. 0, total profiles 0 only
11-11 20:47:15.665 V/StatusBar( 2293): mStatusBarWindow: com.android.systemui.statusbar.phone.StatusBarWindowView{5d4baf5 V.ED..... ........ 0,0-720,56} canPanelBeCollapsed(): false
11-11 20:47:15.667 D/VolumeDialogController( 2293): onReceive ACTION_CLOSE_SYSTEM_DIALOGS
11-11 20:47:15.669 I/vol.Events( 2293): writeEvent dismiss_dialog volume_controller
11-11 20:47:15.670 D/AudioService( 1488): Volume controller visible: false
11-11 20:47:15.674 I/ActivityManager( 1488): START u0 {act=android.intent.action.MAIN cat=[android.intent.category.HOME] flg=0x10200000 cmp=com.bbk.launcher2/.Launcher (has extras)} from uid 1000
11-11 20:47:15.674 I/ActivityManager( 1488): send message.
11-11 20:47:15.675 W/ContextImpl( 2591): Calling a method in the system process without a qualified user: android.app.ContextImpl.bindService:1645 android.content.ContextWrapper.bindService:698 com.vivo.daemonService.i.a.a:38 com.vivo.daemonService.i.a.a:62 com.vivo.daemonService.IqooSecure.SoftwareLockService$a.activityStarting:2081 
11-11 20:47:15.676 W/ActivityManager( 1488): Unable to start service Intent { act=com.vivo.thirdappbehavior.ThirdAppBehaviorService pkg=com.vivo.abe } U=0: not found
11-11 20:47:15.676 I/ActivityManager( 1488): remove message.
11-11 20:47:15.676 I/ActivityManager( 1488): send message.
11-11 20:47:15.676 I/ActivityManager( 1488): remove message.
