11-11 20:47:12.285 D/TuijianFragment(23400): run: Userinfo发送的值[{"id":"20978","portrait":"https:\/\/thirdwx.qlogo.cn\/mmopen\/vi_32\/7hOJBKZVrJAxiaMVoDG0jCqflu6Jw0nCVykGYr2Zb2jvsPkic0YAn3tYsO43XDeP2fav9iaN5JRFvsm7fN4vN7sUA\/132","nickname":"小贝乐园客服1","age":"26","gender":"女","region":"北京-北京","property":"双","vip":"2027057821","latitude":"45.74568","longitude":"126.702729","allowlocation":"0","location":"12762.8"},{"id":"32402","portrait":"https:\/\/thirdwx.qlogo.cn\/mmopen\/vi_32\/aCAn3eprBQyyA8eiccqEm2DicuA3iaERoOwmJK68nnD7p6mEF0icibNZP6qHb9OGSZ2bB7eAT6JXn3m7dK9E3CU5XRQ\/132","nickname":"🧃","age":"24","gender":"男","region":"浙江-杭州","property":"Z","vip":"1689090262","latitude":null,"longitude":null,"allowlocation":"1","location":"0"},{"id":"32599","portrait":"https:\/\/appletattachment.oss-cn-beijing.aliyuncs.com\/images\/99999\/2020\/10\/aKajwbgl9vWi88abwb9m1DBBnBnVKB.png","nickname":"念","age":"20","gender":"男","region":"江西-赣州","property":"Z","vip":"1681725011","latitude":"25.863591","longitude":"115.009872","allowlocation":"0","location":"12507.9"},{"id":"6309","portrait":"https:\/\/appletattachment.oss-cn-beijing.aliyuncs.com\/images\/99999\/2020\/03\/icdX43qLeqMCKEx2ecTccxeuE9ekge.jpg","nickname":"白胖小可爱","age":"30","gender":"男","region":"山东-聊城","property":"B","vip":"1678859112","latitude":"36.58559225","longitude":"116.24941031","allowlocation":"1","location":"12334.4"},{"id":"54414","portrait":"https:\/\/moyuanoss.oss-cn-shanghai.aliyuncs.com\/images\/99999\/2020\/10\/dZ9SlTEJ9GRz1r4tuLU2nUgr4dL2Xg.jpg","nickname":"男胖B找男胖Z","age":"30","gender":"男","region":"山东-济南","property":"B","vip":"1666884923","latitude":"36.58559225","longitude":"116.24941031","allowlocation":"1","location":"12334.4"},{"id":"50491","portrait":"https:\/\/appletattachment.oss-cn-beijing.aliyuncs.com\/images\/99999\/2020\/09\/F8848P86gRELprurPdLp68h6geqUPL.png","nickname":"无人像我","age":"23","gender":"男","region":"河北-唐山","property":"Z","vip":"1664554311","latitude":"39.679104","longitude":"118.158792","allowlocation":"1","location":"12389.5"},{"id":"357","portrait":"https:\/\/appletattachment.oss-cn-beijing.aliyuncs.com\/images\/99999\/2020\/02\/vSN3qtHN2sc3yYFSYTy3zBn9BiRIqH.jpg","nickname":"雨天","age":"27","gender":"男","region":"黑龙江-哈尔滨","property":"Z","vip":"1662120729","latitude":"45.745166","longitude":"126.702443","allowlocation":"1","location":"12762.8"},{"id":"33967","portrait":"https:\/\/thirdwx.qlogo.cn\/mmopen\/vi_32\/DYAIOgq83ermQY2VFxkvibSSWcHrFiadLN6vMKCviaiaHRK4R0T1ktoRTJjgAIg5IPU442HaEaDZUZKEK4TjauXhtg\/132","nickname":"￼","age":"25","gender":"男","region":"贵州-贵阳","property":"双","vip":"1655806108","latitude":"26.61157625","longitude":"106.66643808","allowlocation":"1","location":"11672.7"},{"id":"19886","portrait":"https:\/\/appletattachment.oss-cn-beijing.aliyuncs.com\/images\/99999\/2020\/05\/DtlvSOXX2JOuX3w1hY2U1F8X3y8o21.png","nickname":"被阳光吃掉的星星","age":"24","gender":"男","region":"河南-信阳","property":"B","vip":"1653905593","latitude":"30.453272","longitude":"114.875642","allowlocation":"1","location":"12385.5"},{"id":"7467","portrait":"https:\/\/appletattachment.oss-cn-beijing.aliyuncs.com\/images\/99999\/2020\/08\/NyyEgW2KE2mzBpgKKsKbcCC28Js3i8.png","nickname":"小小","age":"39","gender":"男","region":"广东-深圳","property":"Z","vip":"1653571761","latitude":"22.689204","longitude":"114.375311","allowlocation":"1","location":"12510.3"},{"id":"30900","portrait":"https:\/\/moyuanoss.oss-cn-shanghai.aliyuncs.com\/images\/99999\/2020\/10\/x4jjm84znsmO4Pt9ZgDGPOBnhigL8B.png","nickname":"枷锁","age":"18","gender":"男","region":"广东-佛山","property":"Z","vip":"1648106636","latitude":"39.044302","longitude":"117.234786","allowlocation":"0","location":"12336.4"},{"id":"38517","portrait":"https:\/\/moyuanoss.oss-cn-shanghai.aliyuncs.com\/images\/99999\/2020\/11\/taC3CLbz87sMZp7vXXDXXb33TsDZ8S.png","nickname":"H.","age":"25","gender":"男","region":"江苏-苏州",
11-11 20:47:12.289 V/MediaPlayerNative(23400): constructor
11-11 20:47:12.296 W/SurfaceFlinger(  689): Attempting to set client state on removed layer: Surface(name=96b157d SecureInputMethod)/@0xe007e1f - animation-leash#0
11-11 20:47:12.296 W/SurfaceFlinger(  689): Attempting to destroy on removed layer: Surface(name=96b157d SecureInputMethod)/@0xe007e1f - animation-leash#0
11-11 20:47:12.298 V/AudioFlinger(  687): registerClient() client 0xf46152a8, pid 23400
11-11 20:47:12.299 V/AudioFlinger(  687): sendConfigEvent_l() num events 1 event 0, this 0xf2792d80
11-11 20:47:12.299 V/AudioFlinger(  687): thread 0xf2792d80 type 0 TID 1851 waking up
11-11 20:47:12.300 V/AudioFlinger(  687): acquireWakeLock_l() AudioOut_D status 0
11-11 20:47:12.300 D/AudioFlinger(  687): updateWakeLockUids_l AudioOut_D uids:
11-11 20:47:12.300 V/AudioFlinger(  687): updateWakeLockUids_l() AudioOut_D status 0
11-11 20:47:12.300 V/AudioFlinger(  687): processConfigEvents_l() remaining events 1, type 0, this 0xf2792d80
11-11 20:47:12.300 V/AudioFlinger(  687): PlaybackThread::ioConfigChanged, thread 0xf2792d80, event 0
11-11 20:47:12.301 I/ConfigStore(  689): android::hardware::configstore::V1_0::ISurfaceFlingerConfigs::hasHDRDisplay retrieved: 0
11-11 20:47:12.301 I/ConfigStore(  689): android::hardware::configstore::V1_0::ISurfaceFlingerConfigs::hasHDRDisplay retrieved: 0
11-11 20:47:12.303 V/AudioFlinger(  687): processConfigEvents_l() DONE thread 0xf2792d80
11-11 20:47:12.303 V/AudioFlinger(  687): sendConfigEvent_l() num events 1 event 0, this 0xf2403700
11-11 20:47:12.304 V/AudioFlinger(  687): thread 0xf2403700 type 0 TID 1853 waking up
11-11 20:47:12.305 V/AudioFlinger(  687): acquireWakeLock_l() AudioOut_15 status 0
11-11 20:47:12.305 D/AudioFlinger(  687): updateWakeLockUids_l AudioOut_15 uids:
11-11 20:47:12.305 V/AudioFlinger(  687): updateWakeLockUids_l() AudioOut_15 status 0
11-11 20:47:12.305 V/AudioFlinger(  687): processConfigEvents_l() remaining events 1, type 0, this 0xf2403700
11-11 20:47:12.305 V/AudioFlinger(  687): PlaybackThread::ioConfigChanged, thread 0xf2403700, event 0
11-11 20:47:12.306 V/AudioFlinger(  687): processConfigEvents_l() DONE thread 0xf2403700
11-11 20:47:12.306 D/Linux   (23400): [Posix_connect Debug]Process xin.banghua.beiyuan :443 
11-11 20:47:12.308 V/AudioFlinger(  687): sendConfigEvent_l() num events 1 event 0, this 0xf21034c0
11-11 20:47:12.308 V/AudioFlinger(  687): sendConfigEvent_l() num events 1 event 0, this 0xf1f03b40
11-11 20:47:12.308 V/AudioFlinger(  687): thread 0xf21034c0 type 0 TID 1854 waking up
11-11 20:47:12.308 V/AudioFlinger(  687): thread 0xf1f03b40 type 0 TID 1855 waking up
11-11 20:47:12.308 V/AudioFlinger(  687): acquiring 713 from 23400, for -1
11-11 20:47:12.308 V/AudioFlinger(  687):  added new entry for 713
11-11 20:47:12.308 V/MediaPlayerNative(23400): setListener
11-11 20:47:12.309 V/AudioFlinger(  687): acquireWakeLock_l() AudioOut_25 status 0
11-11 20:47:12.309 D/AudioFlinger(  687): updateWakeLockUids_l AudioOut_25 uids:
11-11 20:47:12.309 V/AudioFlinger(  687): updateWakeLockUids_l() AudioOut_25 status 0
11-11 20:47:12.309 V/AudioFlinger(  687): acquireWakeLock_l() AudioOut_2D status 0
11-11 20:47:12.309 V/AudioFlinger(  687): processConfigEvents_l() remaining events 1, type 0, this 0xf21034c0
11-11 20:47:12.309 D/AudioFlinger(  687): updateWakeLockUids_l AudioOut_2D uids:
11-11 20:47:12.309 V/AudioFlinger(  687): PlaybackThread::ioConfigChanged, thread 0xf21034c0, event 0
11-11 20:47:12.309 V/AudioFlinger(  687): processConfigEvents_l() DONE thread 0xf21034c0
11-11 20:47:12.310 V/AudioFlinger(  687): updateWakeLockUids_l() AudioOut_2D status 0
11-11 20:47:12.310 V/AudioFlinger(  687): processConfigEvents_l() remaining events 1, type 0, this 0xf1f03b40
11-11 20:47:12.310 V/AudioFlinger(  687): PlaybackThread::ioConfigChanged, thread 0xf1f03b40, event 0
11-11 20:47:12.310 V/AudioFlinger(  687): processConfigEvents_l() DONE thread 0xf1f03b40
11-11 20:47:12.313 W/MediaPlayer(23400): Use of stream types is deprecated for operations other than volume control
11-11 20:47:12.313 W/MediaPlayer(23400): See the documentation of setAudioStreamType() for what to use instead with android.media.AudioAttributes to qualify your playback use case
11-11 20:47:12.314 V/MediaPlayerNative(23400): MediaPlayer::setVolume(1.000000, 1.000000)
11-11 20:47:12.314 V/MediaPlayerNative(23400): MediaPlayer::setAuxEffectSendLevel(0.000000)
11-11 20:47:12.314 V/MediaPlayerNative(23400): MediaPlayer::setAudioStreamType
11-11 20:47:12.314 D/AudioManager( 2577): dispatching onPlaybackConfigChanged()
11-11 20:47:12.314 D/AudioManager( 2577): dispatching onPlaybackConfigChanged()
11-11 20:47:12.319 V/MediaPlayerNative(23400): setDataSource(157, 0, 576460752303423487)
11-11 20:47:12.326 V/MediaPlayerService(  813): Client(67) constructor
11-11 20:47:12.326 V/MediaPlayerService(  813): Create new client(67) from pid 23400, uid 10181, 
11-11 20:47:12.327 V/MediaPlayerService(  813): setDataSource fd=14, offset=0, length=576460752303423487
11-11 20:47:12.327 V/MediaPlayerService(  813): st_dev  = 66333
11-11 20:47:12.327 V/MediaPlayerService(  813): st_mode = 33216
11-11 20:47:12.327 V/MediaPlayerService(  813): st_uid  = 1000
11-11 20:47:12.327 V/MediaPlayerService(  813): st_gid  = 1000
11-11 20:47:12.327 V/MediaPlayerService(  813): st_size = 25374
11-11 20:47:12.327 V/MediaPlayerService(  813): calculated length = 25374
11-11 20:47:12.327 V/MediaPlayerService(  813): player type = 4
11-11 20:47:12.328 D/NuPlayerDriver(  813): NuPlayerDriver(0xe2fc4640) created, clientPid(23400)
11-11 20:47:12.328 D/NuPlayer(  813): NuPlayer::setUID  pid:23400, uid:10181
11-11 20:47:12.334 V/AudioSink(  813): AudioOutput(713)
11-11 20:47:12.334 V/NuPlayerDriver(  813): setDataSource(0xe2fc4640) file(14)
11-11 20:47:12.334 D/NuPlayer(  813): kWhatSetAudioSink
11-11 20:47:12.334 D/NuPlayer(  813): kWhatSetDataSource
11-11 20:47:12.334 I/ExtendedNuUtils(  813): printFileName fd(14) -> /data/system_de/0/ringtones/notification_sound_cache
11-11 20:47:12.334 V/MediaPlayerService(  813):  setDataSource
11-11 20:47:12.334 V/MediaPlayerNative(23400): setVideoSurfaceTexture
11-11 20:47:12.335 V/MediaPlayerService(  813): [67] setVideoSurfaceTexture(0x0)
11-11 20:47:12.335 V/MediaPlayerNative(23400): prepare
11-11 20:47:12.335 V/MediaPlayerService(  813): [67] setAudioStreamType(2)
11-11 20:47:12.335 V/MediaPlayerService(  813): [67] prepareAsync
11-11 20:47:12.335 V/NuPlayerDriver(  813): prepareAsync(0xe2fc4640)
11-11 20:47:12.335 I/GenericSource(  813): onPrepareAsync: mDataSource: 0
11-11 20:47:12.336 D/GenericSource(  813): FileSource remote
11-11 20:47:12.338 V/MediaExtractorFactory(  813): MediaExtractorFactory::Create (null)
11-11 20:47:12.338 V/MediaExtractorFactory(  813): get service manager
11-11 20:47:12.338 V/MediaExtractorService(  811): @@@ MediaExtractorService::makeExtractor for (null)
11-11 20:47:12.338 V/MediaExtractorFactory(  811): MediaExtractorFactory::CreateFromService (null)
11-11 20:47:12.340 I/ContentPipe(  811): cache heat 0.00(1/1), cache efficiency 0.008(32/4096)
11-11 20:47:12.340 I/MMParserExtractor(  811): Created(0x798d898540)
11-11 20:47:12.340 I/ContentPipe(  811): cache heat 0.00(1/1), cache efficiency 0.008(32/4096)
11-11 20:47:12.341 V/MediaExtractorFactory(  811): Created an extractor 'MMParserExtractor' with confidence 0.80
11-11 20:47:12.341 V/MediaExtractorService(  811): extractor service created 0x798d831af0 (MMParserExtractor)
11-11 20:47:12.342 I/GenericSource(  813): finishPrepareAsync
11-11 20:47:12.343 W/BpMediaSource(  813): ignoring potentially modified MetaData from start
11-11 20:47:12.343 W/BpMediaSource(  813): input:
11-11 20:47:12.343 I/MetaDataBase(  813): extf: (int32_t) 2
11-11 20:47:12.343 W/BpMediaSource(  813): output:
11-11 20:47:12.343 I/MetaDataBase(  813): extf: (int32_t) 2
11-11 20:47:12.343 I/GenericSource(  813): onPrepareAsync: Done
11-11 20:47:12.343 V/NuPlayerDriver(  813): notifyPrepareCompleted 0
11-11 20:47:12.343 D/NuPlayerDriver(  813): notifyListener_l(0xe2fc4640), (1, 0, 0, -1), loop setting(0, 0)
11-11 20:47:12.343 V/MediaPlayerNative(23400): message received msg=1, ext1=0, ext2=0
11-11 20:47:12.343 V/MediaPlayerNative(23400): MediaPlayer::notify() prepared
11-11 20:47:12.343 V/MediaPlayerNative(23400): signal application thread
11-11 20:47:12.343 V/MediaPlayerNative(23400): callback application
11-11 20:47:12.343 V/MediaPlayerNative(23400): back from callback
11-11 20:47:12.343 V/MediaPlayerNative(23400): prepare complete - status=0
11-11 20:47:12.345 V/MediaPlayerNative(23400): invoke 68
11-11 20:47:12.347 V/PlayerBase(23400): baseStart() piid=655
11-11 20:47:12.347 V/MediaPlayerNative(23400): start
11-11 20:47:12.347 V/MediaPlayerService(  813): [67] setLooping(0)
11-11 20:47:12.347 D/AudioPlayerStateMonitor( 1488): Found a new active media playback. ID:655 -- type:android.media.MediaPlayer -- u/pid:10181/23400 -- state:started -- attr:AudioAttributes: usage=USAGE_NOTIFICATION_RINGTONE content=CONTENT_TYPE_SONIFICATION flags=0x0 tags= bundle=null
11-11 20:47:12.347 V/MediaPlayerService(  813): [67] setAuxEffectSendLevel(0.000000)
11-11 20:47:12.347 V/AudioSink(  813): setAuxEffectSendLevel(0.000000)
11-11 20:47:12.347 D/MediaRouterService( 1488): onAudioPlayerActiveStateChanged: uid=10181, active=true, restoreUid=10181
11-11 20:47:12.347 V/MediaPlayerService(  813): [67] start
11-11 20:47:12.347 D/NuPlayerDriver(  813): start(0xe2fc4640), state is 4, eos is 0
11-11 20:47:12.348 D/MediaSessionStack( 1488): updateMediaButtonSessionIfNeeded, callers=com.android.server.media.MediaSessionService.lambda$onStart$0:227 com.android.server.media.-$$Lambda$MediaSessionService$za_9dlUSlnaiZw6eCdPVEZq0XLw.onAudioPlayerActiveStateChanged:2 
11-11 20:47:12.348 D/AudioManager( 2577): dispatching onPlaybackConfigChanged()
11-11 20:47:12.348 D/AudioManager( 2577): dispatching onPlaybackConfigChanged()
11-11 20:47:12.348 D/NuPlayer(  813): kWhatStart,mstarted is 0
11-11 20:47:12.348 I/GenericSource(  813): start
11-11 20:47:12.349 D/NuPlayer(  813): onStart0 , client pid:23400
11-11 20:47:12.349 W/Utils   (  813): track of type 'audio/vorbis' does not publish channel mask, channel count 2
11-11 20:47:12.351 I/VibratorService( 1488): vibrate for uid:10181 pkg:xin.banghua.beiyuan
11-11 20:47:12.352 E/VibratorService( 1488): motorModeEnableVibration---motor mode disable
11-11 20:47:12.353 D/IFeatureService(  687): GET_PLAYER_INFO
11-11 20:47:12.353 D/FeatureService_Native(  687): BBBB:client pid:23400,clientName:xin.banghua.beiyuan
11-11 20:47:12.353 D/FeatureService_Native(  687): Player(23400,0,0) isOffLoadSupport:1
11-11 20:47:12.353 D/Utils   (  813): isPlayerSupport, reply pid:23400 ret:4, value:1
11-11 20:47:12.353 D/IFeatureService(  687): GET_PLAYER_INFO
11-11 20:47:12.353 V/FeatureService_Native(  687): player pkg name:xin.banghua.beiyuan(23400)
11-11 20:47:12.353 I/ParamService(  687): read_nvsize 1229343048
11-11 20:47:12.353 D/ParamService(  687): read_nvdata 1229343048 | 0xf1f71000 | 4096
11-11 20:47:12.353 D/FeatureService_Native(  687): Player(23400,0,0) isHifiSupport:0
11-11 20:47:12.354 D/Utils   (  813): isHifiSupport, reply pid:23400 ret:4, value:0
11-11 20:47:12.354 V/AudioPolicyManagerCustom(  687): isOffloadSupported: SR=44100, CM=0x3, Format=0x7000000, StreamType=2, BitRate=499821, duration=1043000 us, has_video=0
11-11 20:47:12.354 V/AudioPolicyManagerCustom(  687): isOffloadSupported: stream_type != MUSIC, returning false
11-11 20:47:12.355 D/Utils   (  813): canOffloadStream:isoffload suported policy:0
11-11 20:47:12.355 V/AudioPolicyManagerCustom(  687): isOffloadSupported: SR=44100, CM=0x3, Format=0x7000000, StreamType=2, BitRate=499821, duration=1043000 us, has_video=0
11-11 20:47:12.355 V/AudioPolicyManagerCustom(  687): isOffloadSupported: stream_type != MUSIC, returning false
11-11 20:47:12.355 D/Event   (23400): No subscribers registered for event class io.rong.imkit.model.Event$ConversationNotificationEvent
11-11 20:47:12.355 D/NuPlayer(  813): onStart , client pid:23400
11-11 20:47:12.355 D/Event   (23400): No subscribers registered for event class io.rong.eventbus.NoSubscriberEvent
11-11 20:47:12.355 D/TuijianFragment(23400): handleMessage: 用户数据接收的值[{"id":"20978","portrait":"https:\/\/thirdwx.qlogo.cn\/mmopen\/vi_32\/7hOJBKZVrJAxiaMVoDG0jCqflu6Jw0nCVykGYr2Zb2jvsPkic0YAn3tYsO43XDeP2fav9iaN5JRFvsm7fN4vN7sUA\/132","nickname":"小贝乐园客服1","age":"26","gender":"女","region":"北京-北京","property":"双","vip":"2027057821","latitude":"45.74568","longitude":"126.702729","allowlocation":"0","location":"12762.8"},{"id":"32402","portrait":"https:\/\/thirdwx.qlogo.cn\/mmopen\/vi_32\/aCAn3eprBQyyA8eiccqEm2DicuA3iaERoOwmJK68nnD7p6mEF0icibNZP6qHb9OGSZ2bB7eAT6JXn3m7dK9E3CU5XRQ\/132","nickname":"🧃","age":"24","gender":"男","region":"浙江-杭州","property":"Z","vip":"1689090262","latitude":null,"longitude":null,"allowlocation":"1","location":"0"},{"id":"32599","portrait":"https:\/\/appletattachment.oss-cn-beijing.aliyuncs.com\/images\/99999\/2020\/10\/aKajwbgl9vWi88abwb9m1DBBnBnVKB.png","nickname":"念","age":"20","gender":"男","region":"江西-赣州","property":"Z","vip":"1681725011","latitude":"25.863591","longitude":"115.009872","allowlocation":"0","location":"12507.9"},{"id":"6309","portrait":"https:\/\/appletattachment.oss-cn-beijing.aliyuncs.com\/images\/99999\/2020\/03\/icdX43qLeqMCKEx2ecTccxeuE9ekge.jpg","nickname":"白胖小可爱","age":"30","gender":"男","region":"山东-聊城","property":"B","vip":"1678859112","latitude":"36.58559225","longitude":"116.24941031","allowlocation":"1","location":"12334.4"},{"id":"54414","portrait":"https:\/\/moyuanoss.oss-cn-shanghai.aliyuncs.com\/images\/99999\/2020\/10\/dZ9SlTEJ9GRz1r4tuLU2nUgr4dL2Xg.jpg","nickname":"男胖B找男胖Z","age":"30","gender":"男","region":"山东-济南","property":"B","vip":"1666884923","latitude":"36.58559225","longitude":"116.24941031","allowlocation":"1","location":"12334.4"},{"id":"50491","portrait":"https:\/\/appletattachment.oss-cn-beijing.aliyuncs.com\/images\/99999\/2020\/09\/F8848P86gRELprurPdLp68h6geqUPL.png","nickname":"无人像我","age":"23","gender":"男","region":"河北-唐山","property":"Z","vip":"1664554311","latitude":"39.679104","longitude":"118.158792","allowlocation":"1","location":"12389.5"},{"id":"357","portrait":"https:\/\/appletattachment.oss-cn-beijing.aliyuncs.com\/images\/99999\/2020\/02\/vSN3qtHN2sc3yYFSYTy3zBn9BiRIqH.jpg","nickname":"雨天","age":"27","gender":"男","region":"黑龙江-哈尔滨","property":"Z","vip":"1662120729","latitude":"45.745166","longitude":"126.702443","allowlocation":"1","location":"12762.8"},{"id":"33967","portrait":"https:\/\/thirdwx.qlogo.cn\/mmopen\/vi_32\/DYAIOgq83ermQY2VFxkvibSSWcHrFiadLN6vMKCviaiaHRK4R0T1ktoRTJjgAIg5IPU442HaEaDZUZKEK4TjauXhtg\/132","nickname":"￼","age":"25","gender":"男","region":"贵州-贵阳","property":"双","vip":"1655806108","latitude":"26.61157625","longitude":"106.66643808","allowlocation":"1","location":"11672.7"},{"id":"19886","portrait":"https:\/\/appletattachment.oss-cn-beijing.aliyuncs.com\/images\/99999\/2020\/05\/DtlvSOXX2JOuX3w1hY2U1F8X3y8o21.png","nickname":"被阳光吃掉的星星","age":"24","gender":"男","region":"河南-信阳","property":"B","vip":"1653905593","latitude":"30.453272","longitude":"114.875642","allowlocation":"1","location":"12385.5"},{"id":"7467","portrait":"https:\/\/appletattachment.oss-cn-beijing.aliyuncs.com\/images\/99999\/2020\/08\/NyyEgW2KE2mzBpgKKsKbcCC28Js3i8.png","nickname":"小小","age":"39","gender":"男","region":"广东-深圳","property":"Z","vip":"1653571761","latitude":"22.689204","longitude":"114.375311","allowlocation":"1","location":"12510.3"},{"id":"30900","portrait":"https:\/\/moyuanoss.oss-cn-shanghai.aliyuncs.com\/images\/99999\/2020\/10\/x4jjm84znsmO4Pt9ZgDGPOBnhigL8B.png","nickname":"枷锁","age":"18","gender":"男","region":"广东-佛山","property":"Z","vip":"1648106636","latitude":"39.044302","longitude":"117.234786","allowlocation":"0","location":"12336.4"},{"id":"38517","portrait":"https:\/\/moyuanoss.oss-cn-shanghai.aliyuncs.com\/images\/99999\/2020\/11\/taC3CLbz87sMZp7vXXDXXb33TsDZ8S.png","nickname":"H.","age":"25","gender":"男","region":"
11-11 20:47:12.356 D/NuPlayer(  813): scanning sources haveAudio=0, haveVideo=0
11-11 20:47:12.356 D/TuijianFragment(23400): initUserInfo: preparing userinfo
11-11 20:47:12.356 D/TuijianFragment(23400): initRecyclerView: init recyclerview
11-11 20:47:12.356 D/UserInfoSliderAdapter(23400): UserInfoSliderAdapter: 初始化
11-11 20:47:12.356 I/NuPlayer(  813): instantiateDecoder AMessage(what = 0x00000000) = {
11-11 20:47:12.356 I/NuPlayer(  813):   string mime = "audio/vorbis"
11-11 20:47:12.356 I/NuPlayer(  813):   int64_t durationUs = 1043000
11-11 20:47:12.356 I/NuPlayer(  813):   int32_t bitrate = 499821
11-11 20:47:12.356 I/NuPlayer(  813):   string language = ""
11-11 20:47:12.356 I/NuPlayer(  813):   int32_t channel-count = 2
11-11 20:47:12.356 I/NuPlayer(  813):   int32_t sample-rate = 44100
11-11 20:47:12.356 I/NuPlayer(  813):   int32_t max-input-size = 65307
11-11 20:47:12.356 I/NuPlayer(  813):   Buffer csd-0 = {
11-11 20:47:12.356 I/NuPlayer(  813):     00000000:  01 76 6f 72 62 69 73 00  00 00 00 02 44 ac 00 00  .vorbis.....D...
11-11 20:47:12.356 I/NuPlayer(  813):     00000010:  00 00 00 00 6d a0 07 00  00 00 00 00 b8 01        ....m.........
11-11 20:47:12.356 I/NuPlayer(  813):   }
11-11 20:47:12.356 I/NuPlayer(  813):   Buffer *csd-1 = 0xe2fbf190
11-11 20:47:12.356 I/NuPlayer(  813):   string file-format = "application/ogg"
11-11 20:47:12.356 I/NuPlayer(  813): }
11-11 20:47:12.356 D/NuPlayer(  813): instantiateDecoder , client pid:23400
11-11 20:47:12.357 W/Utils   (  813): track of type 'audio/vorbis' does not publish channel mask, channel count 2
11-11 20:47:12.358 V/MediaPlayerNative(23400): invoke 68
11-11 20:47:12.359 D/IFeatureService(  687): GET_PLAYER_INFO
11-11 20:47:12.359 D/FeatureService_Native(  687): BBBB:client pid:23400,clientName:xin.banghua.beiyuan
11-11 20:47:12.359 D/FeatureService_Native(  687): Player(23400,0,0) isOffLoadSupport:1
11-11 20:47:12.359 D/Utils   (  813): isPlayerSupport, reply pid:23400 ret:4, value:1
11-11 20:47:12.359 D/IFeatureService(  687): GET_PLAYER_INFO
11-11 20:47:12.359 V/FeatureService_Native(  687): player pkg name:xin.banghua.beiyuan(23400)
11-11 20:47:12.359 I/ParamService(  687): read_nvsize 1229343048
11-11 20:47:12.359 D/ParamService(  687): read_nvdata 1229343048 | 0xf1432000 | 4096
11-11 20:47:12.359 D/FeatureService_Native(  687): Player(23400,0,0) isHifiSupport:0
11-11 20:47:12.359 D/Utils   (  813): isHifiSupport, reply pid:23400 ret:4, value:0
11-11 20:47:12.360 V/AudioPolicyManagerCustom(  687): isOffloadSupported: SR=44100, CM=0x3, Format=0x7000000, StreamType=2, BitRate=499821, duration=1043000 us, has_video=0
11-11 20:47:12.360 V/AudioPolicyManagerCustom(  687): isOffloadSupported: stream_type != MUSIC, returning false
11-11 20:47:12.360 D/Utils   (  813): canOffloadStream:isoffload suported policy:0
11-11 20:47:12.360 V/AudioPolicyManagerCustom(  687): isOffloadSupported: SR=44100, CM=0x3, Format=0x7000000, StreamType=2, BitRate=499821, duration=1043000 us, has_video=0
11-11 20:47:12.360 V/AudioPolicyManagerCustom(  687): isOffloadSupported: stream_type != MUSIC, returning false
11-11 20:47:12.361 E/NuPlayerDecoder(  813): NuPlayer::Decoder  pid2:0, uid:0
11-11 20:47:12.362 D/audio_hw_primary(  623): adev_get_parameters:is_hw_dec_session_available
11-11 20:47:12.362 D/audio_hw_spkr_prot(  623): audio_extn_fbsp_get_parameters: Speaker protection disabled
11-11 20:47:12.362 D/soundtrigger(  623): audio_extn_sound_trigger_get_parameters input string<is_hw_dec_session_available=>
11-11 20:47:12.362 D/soundtrigger(  623): extract_sm_handle input string <is_hw_dec_session_available=> param string <is_hw_dec_session_available=>
11-11 20:47:12.362 D/audio_hw_extn(  623): audio_extn_get_parameters: returns 
11-11 20:47:12.362 D/audio_hw_primary(  623): adev_get_parameters: exit: returns - 
11-11 20:47:12.363 I/hash_map_utils(  687): key: 'is_hw_dec_session_available' value: 'audio/vorbis'
11-11 20:47:12.364 I/MediaCodecList(  813): matching 'OMX.google.vorbis.decoder'
11-11 20:47:12.364 I/MediaCodec(  813): MediaCodec constructor
11-11 20:47:12.364 D/UserInfoSliderAdapter(23400): getItemViewType: position0
11-11 20:47:12.364 D/UserInfoSliderAdapter(23400): getItemViewType: 头
11-11 20:47:12.364 D/UserInfoSliderAdapter(23400): onCreateViewHolder: 进入
11-11 20:47:12.365 I/ACodec  (  813): mIsVivoLogEnable = 0
11-11 20:47:12.370 I/OMXClient(  813): IOmx service obtained
11-11 20:47:12.371 I/OMXMaster(  825): makeComponentInstance(OMX.google.vorbis.decoder) in omx@1.0-service process
11-11 20:47:12.372 D/SliderHolder(23400): SliderHolder: 进入
11-11 20:47:12.372 D/UserInfoSliderAdapter(23400): onBindViewHolder: 进入
11-11 20:47:12.374 E/OMXNodeInstance(  825): setConfig(0xf2ca7f60:google.vorbis.decoder, ConfigPriority(0x6f800002)) ERROR: Undefined(0x80001001)
11-11 20:47:12.375 I/ACodec  (  813): codec does not support config priority (err -2147483648)
11-11 20:47:12.375 I/ACodec  (  813): [OMX.google.vorbis.decoder]configureCodec AMessage(what = 'conf', target = 356) = {
11-11 20:47:12.375 I/ACodec  (  813):   string mime = "audio/vorbis"
11-11 20:47:12.375 I/ACodec  (  813):   int64_t durationUs = 1043000
11-11 20:47:12.375 I/ACodec  (  813):   int32_t bitrate = 499821
11-11 20:47:12.375 I/ACodec  (  813):   string language = ""
11-11 20:47:12.375 I/ACodec  (  813):   int32_t channel-count = 2
11-11 20:47:12.375 I/ACodec  (  813):   int32_t sample-rate = 44100
11-11 20:47:12.375 I/ACodec  (  813):   int32_t max-input-size = 65307
11-11 20:47:12.375 I/ACodec  (  813):   Buffer csd-0 = {
11-11 20:47:12.375 I/ACodec  (  813):     00000000:  01 76 6f 72 62 69 73 00  00 00 00 02 44 ac 00 00  .vorbis.....D...
11-11 20:47:12.375 I/ACodec  (  813):     00000010:  00 00 00 00 6d a0 07 00  00 00 00 00 b8 01        ....m.........
11-11 20:47:12.375 I/ACodec  (  813):   }
11-11 20:47:12.375 I/ACodec  (  813):   Buffer *csd-1 = 0xe2fbf190
11-11 20:47:12.375 I/ACodec  (  813):   string file-format = "application/ogg"
11-11 20:47:12.375 I/ACodec  (  813):   int32_t priority = 0
11-11 20:47:12.375 I/ACodec  (  813):   int32_t pcm-encoding = 2
11-11 20:47:12.375 I/ACodec  (  813): }
11-11 20:47:12.376 E/OMXNodeInstance(  825): setConfig(0xf2ca7f60:google.vorbis.decoder, ConfigPriority(0x6f800002)) ERROR: Undefined(0x80001001)
11-11 20:47:12.376 I/ACodec  (  813): codec does not support config priority (err -2147483648)
11-11 20:47:12.376 E/OMXNodeInstance(  825): getConfig(0xf2ca7f60:google.vorbis.decoder, ConfigAndroidVendorExtension(0x6f100004)) ERROR: Undefined(0x80001001)
11-11 20:47:12.377 W/ExtendedACodec(  813): Failed to get extension for extradata parameter
11-11 20:47:12.377 I/MediaCodec(  813): MediaCodec will operate in async mode
11-11 20:47:12.381 W/AshmemAllocator(  624): ashmem_create_region(65307) returning hidl_memory(0x726302c100, 65307)
11-11 20:47:12.383 I/chatty  (  624): uid=1000(system) allocator@1.0-s identical 2 lines
11-11 20:47:12.383 W/AshmemAllocator(  624): ashmem_create_region(65307) returning hidl_memory(0x726302c100, 65307)
11-11 20:47:12.385 W/AshmemAllocator(  624): ashmem_create_region(32768) returning hidl_memory(0x726302c100, 32768)
11-11 20:47:12.386 I/chatty  (  624): uid=1000(system) allocator@1.0-s identical 2 lines
11-11 20:47:12.387 W/AshmemAllocator(  624): ashmem_create_region(32768) returning hidl_memory(0x726302c100, 32768)
11-11 20:47:12.389 D/UserInfoSliderAdapter(23400): getItemViewType: position1
11-11 20:47:12.389 D/UserInfoSliderAdapter(23400): getItemViewType: 身
11-11 20:47:12.389 D/UserInfoSliderAdapter(23400): onCreateViewHolder: 进入
11-11 20:47:12.394 W/AshmemAllocator(  624): ashmem_create_region(32768) returning hidl_memory(0x726302c100, 32768)
11-11 20:47:12.395 I/chatty  (  624): uid=1000(system) allocator@1.0-s identical 2 lines
11-11 20:47:12.395 W/AshmemAllocator(  624): ashmem_create_region(32768) returning hidl_memory(0x726302c100, 32768)
11-11 20:47:12.400 D/NuPlayerDecoder(  813): handle CB_OUTPUT_FORMAT_CHANGED, client pid:23400
11-11 20:47:12.401 I/ExtendedNuUtils(  813): Both src and dst missing for bit-width
11-11 20:47:12.401 I/ExtendedNuUtils(  813): Overriding durationUs: with 64 bit src value 1043000
11-11 20:47:12.401 I/ExtendedNuUtils(  813): Both src and dst missing for channel-mask
11-11 20:47:12.401 V/AudioSink(  813): close
11-11 20:47:12.401 V/AudioSink(  813): setPlaybackRate(1.000000 1.000000 0 0)
11-11 20:47:12.401 V/AudioSink(  813): open(44100, 2, 0x3, 0x1, 0, 713 0x2)
11-11 20:47:12.401 V/APM::AudioPolicyEngine(  687): getDeviceForStrategy() strategy 9, device 2
11-11 20:47:12.401 V/APM_AudioPolicyManager(  687): selectOutput() commonFlags for output 13, 0000
11-11 20:47:12.401 V/APM_AudioPolicyManager(  687): selectOutput() commonFlags for output 21, 0000
11-11 20:47:12.401 V/APM_AudioPolicyManager(  687): selectOutput() commonFlags for output 45, 0000
11-11 20:47:12.401 V/APM_AudioPolicyManager(  687): getOutput() stream 2 selected device 00000002, output 13
11-11 20:47:12.402 V/APM::AudioPolicyEngine(  687): getDeviceForStrategy() strategy 9, device 2
11-11 20:47:12.402 V/APM_AudioPolicyManager(  687): selectOutput() commonFlags for output 13, 0000
11-11 20:47:12.402 V/APM_AudioPolicyManager(  687): selectOutput() commonFlags for output 21, 0000
11-11 20:47:12.402 V/APM_AudioPolicyManager(  687): selectOutput() commonFlags for output 45, 0000
11-11 20:47:12.402 V/APM_AudioPolicyManager(  687): getOutput() stream 2 selected device 00000002, output 13
11-11 20:47:12.402 V/AudioSink(  813): no track available to recycle
11-11 20:47:12.402 V/AudioSink(  813): creating new AudioTrack
11-11 20:47:12.402 D/AudioTrack(  813): set(): streamType 2, sampleRate 44100, format 0x1, channelMask 0x3, frameCount 22050, flags #2, notificationFrames 0, sessionId 713, transferType 0, uid 10181, pid 23400
11-11 20:47:12.402 D/AudioTrack(  813): getpackName client name /system/bin/mediaserver(813)
11-11 20:47:12.402 V/AudioTrack(  813): set() streamType 2 frameCount 22050 flags 0002
11-11 20:47:12.402 V/APM_AudioPolicyManager(  687): getOutputForAttr() usage=6, content=4, tag= flags=00000000 session 713 selectedDeviceId 0
11-11 20:47:12.402 D/UserinfoHolder(23400): UserinfoHolder: 进入
11-11 20:47:12.402 V/APM::AudioPolicyEngine(  687): getDeviceForStrategy() strategy 9, device 2
11-11 20:47:12.402 V/APM_AudioPolicyManager(  687): getOutputForAttr() device 0x2, sampling rate 44100, format 0x1, channel mask 0x3, flags 0x2
11-11 20:47:12.402 V/APM_AudioPolicyManager(  687): selectOutput() commonFlags for output 13, 0001
11-11 20:47:12.402 V/AudioPolicyManagerCustom(  687): getOutputForDevice() returns output 13
11-11 20:47:12.402 V/APM_AudioPolicyManager(  687):   getOutputForAttr() returns output 13 selectedDeviceId 3
11-11 20:47:12.402 D/UserInfoSliderAdapter(23400): onBindViewHolder: 进入
11-11 20:47:12.403 V/AudioFlinger(  687): createTrack() sessionId: 713
11-11 20:47:12.405 D/AudioFlinger(  687): Client defaulted notificationFrames to 7350 for frameCount 22050
11-11 20:47:12.405 V/FeatureService_Native(  687): player pkg name:xin.banghua.beiyuan(23400)
11-11 20:47:12.405 I/ParamService(  687): read_nvsize 1280593750
11-11 20:47:12.405 D/ParamService(  687): read_nvdata 1280593750 | 0xf140e4c0 | 32768
11-11 20:47:12.405 D/FeatureService_Native(  687): Player(23400,10181,713) VolumeType:0
11-11 20:47:12.405 D/AudioFlinger(  687): getVolumeType, reply ret:4, value:0
11-11 20:47:12.405 D/AudioFlinger(  687): Track mTrackVolumeType:0 table_f:1.0
11-11 20:47:12.406 D/AudioFlinger(  687): client name xin.banghua.beiyuan(23400)
11-11 20:47:12.407 D/会员时间(23400): 2027057821
11-11 20:47:12.407 D/会员时长(23400): 421958941
11-11 20:47:12.407 V/AudioFlinger(  687): acquiring 713 from 813, for 23400
11-11 20:47:12.407 V/AudioFlinger(  687):  added new entry for 713
11-11 20:47:12.408 V/AudioSink(  813): deleteRecycledTrack_l
11-11 20:47:12.408 V/AudioSink(  813): setVolume
11-11 20:47:12.408 V/AudioSink(  813): updateTrack() DONE status 0
11-11 20:47:12.408 V/AudioSink(  813): start
11-11 20:47:12.408 V/AudioFlinger(  687): start(1), calling pid 813 session 713
11-11 20:47:12.408 D/AudioFlinger(  687): startOutput_POM , POM_id:23400
11-11 20:47:12.408 D/AudioPolicyManagerCustom(  687): startOutput_POM output:13, stream:2, session:713, pom_id:23400
11-11 20:47:12.408 I/APM::AudioPolicyEngine(  687): ###### POM Stack0:  0 0 1
11-11 20:47:12.408 I/APM::AudioPolicyEngine(  687): ###### POM Stack1:  23400 0 1
11-11 20:47:12.408 V/APM_AudioPolicyManager(  687): startOutput() output 13, stream 2, session 713
11-11 20:47:12.408 D/AudioPolicyManagerCustom(  687): startOutput isCallPOMStateChange :0, refCount:1
11-11 20:47:12.408 V/APM::AudioPolicyEngine(  687): getDeviceForStrategy() strategy 9, device 2
11-11 20:47:12.408 V/APM_AudioPolicyManager(  687): getNewOutputDevice() selected device 2
11-11 20:47:12.408 V/APM_AudioPolicyManager(  687): setOutputDevice() device 0002 delayMs 0
11-11 20:47:12.408 V/APM_AudioPolicyManager(  687): setOutputDevice() prevDevice 0x0002
11-11 20:47:12.408 V/APM::AudioPolicyEngine(  687): getDeviceForStrategy() strategy 0, device 2
11-11 20:47:12.408 V/APM::AudioPolicyEngine(  687): getDeviceForStrategy() strategy 1, device 1
11-11 20:47:12.408 V/APM::AudioPolicyEngine(  687): getDeviceForStrategy() strategy 2, device 2
11-11 20:47:12.408 V/APM::AudioPolicyEngine(  687): getDeviceForStrategy() strategy 0, device 2
11-11 20:47:12.408 V/APM::AudioPolicyEngine(  687): getDeviceForStrategy() strategy 3, device 2
11-11 20:47:12.408 V/APM::AudioPolicyEngine(  687): getDeviceForStrategy() strategy 0, device 2
11-11 20:47:12.408 V/APM::AudioPolicyEngine(  687): getDeviceForStrategy() strategy 4, device 2
11-11 20:47:12.408 V/APM::AudioPolicyEngine(  687): getDeviceForStrategy() strategy 5, device 2
11-11 20:47:12.408 V/APM::AudioPolicyEngine(  687): getDeviceForStrategy() strategy 6, device 2
11-11 20:47:12.408 V/APM::AudioPolicyEngine(  687): getDeviceForStrategy() strategy 2, device 2
11-11 20:47:12.408 V/APM::AudioPolicyEngine(  687): getDeviceForStrategy() strategy 8, device 2
11-11 20:47:12.408 V/APM::AudioPolicyEngine(  687): getDeviceForStrategy() strategy 9, device 2
11-11 20:47:12.408 V/APM_AudioPolicyManager(  687): setOutputDevice() setting same device 0x0002 or null device
11-11 20:47:12.408 D/APM::VolumeCurve(  687): VOLUME mDeviceCategory 1, mStreamType 2 vol index=[45 182 210], dB=[-26.5 -9.5 -6.0]
11-11 20:47:12.408 D/AudioPolicyIntefaceImpl(  687): startOutput_POM oldPhoneState:0,currentPhoneState:0
11-11 20:47:12.408 V/AudioFlinger(  687): signal playback thread
11-11 20:47:12.409 D/NuPlayer(  813): media rendering started
11-11 20:47:12.409 D/NuPlayerDriver(  813): notifyListener_l(0xe2fc4640), (6, 0, 0, -1), loop setting(0, 0)
11-11 20:47:12.409 D/UserInfoSliderAdapter(23400): getItemViewType: position2
11-11 20:47:12.409 D/UserInfoSliderAdapter(23400): getItemViewType: 身
11-11 20:47:12.409 D/UserInfoSliderAdapter(23400): onCreateViewHolder: 进入
11-11 20:47:12.409 V/MediaPlayerNative(23400): message received msg=6, ext1=0, ext2=0
11-11 20:47:12.409 V/MediaPlayerNative(23400): unrecognized message: (6, 0, 0)
11-11 20:47:12.409 V/MediaPlayerNative(23400): callback application
11-11 20:47:12.409 V/MediaPlayerNative(23400): back from callback
11-11 20:47:12.414 V/BufferProvider(  687): CopyBufferProvider(0xf461aa40)(4, 8, 256)
11-11 20:47:12.414 V/BufferProvider(  687): ReformatBufferProvider(0xf461aa40)(2, 0x1, 0x5)
11-11 20:47:12.414 D/BufferProvider(  687): setBufferProvider(0x0): mTrackBufferProvider:0x0  mBuffer.frameCount:0
11-11 20:47:12.414 D/AudioFlinger(  687): updateWakeLockUids_l AudioOut_D uids:10181 
11-11 20:47:12.414 V/AudioFlinger(  687): updateWakeLockUids_l() AudioOut_D status 0
11-11 20:47:12.415 V/AudioFlinger(  687): anticipated start
11-11 20:47:12.415 D/audio_hw_primary(  623): start_output_stream: enter: stream(0xeb932800)usecase(0: deep-buffer-playback) devices(0x2)
11-11 20:47:12.416 D/audio_hw_primary(  623): select_devices for use case (deep-buffer-playback)
11-11 20:47:12.416 D/msm8974_platform(  623): platform_get_output_snd_device: enter: output devices(0x2)
11-11 20:47:12.416 D/audio_hw_primary(  623): select_devices: out_snd_device(2: speaker) in_snd_device(0: )
11-11 20:47:12.416 I/msm8974_platform(  623): platform_check_and_set_codec_backend_cfg:becf: afe: bitwidth 32, samplerate 48000 channels 2, backend_idx 0 usecase = 0 device (speaker)
11-11 20:47:12.416 D/msm8974_platform(  623): platform_split_snd_device: snd_device(2) num devices(1) new_snd_devices(0)
11-11 20:47:12.416 I/msm8974_platform(  623): platform_check_and_set_codec_backend_cfg: new_snd_devices[0] is 2
11-11 20:47:12.416 I/msm8974_platform(  623): platform_check_codec_backend_cfg:becf: afe: bitwidth 32, samplerate 48000 channels 2, backend_idx 0 usecase = 0 device (speaker)
11-11 20:47:12.416 D/msm8974_platform(  623): platform_check_codec_backend_cfg:becf: afe: reset bitwidth to 24 (based on supported value for this platform)
11-11 20:47:12.416 D/msm8974_platform(  623): platform_check_codec_backend_cfg:becf: afe: playback on codec device not supporting native playback set default Sample Rate(48k)
11-11 20:47:12.416 I/msm8974_platform(  623): platform_check_codec_backend_cfg:becf: afe: Codec selected backend: 0 updated bit width: 24 and sample rate: 48000
11-11 20:47:12.416 I/msm8974_platform(  623): platform_check_codec_backend_cfg:becf: afe: Codec backend needs to be updated. new bit width: 24new sample rate: 48000 new channels: 2
11-11 20:47:12.416 I/msm8974_platform(  623): platform_set_codec_backend_cfg:becf: afe: bitwidth 24, samplerate 48000 channels 2 format 3, backend_idx 0 device (speaker)
11-11 20:47:12.418 E/msm8974_platform(  623): platform_set_codec_backend_cfg:becf: afe: Could not get ctl for mixer command - SLIM_0_RX Format
11-11 20:47:12.418 D/audio_hw_primary(  623): check_usecases_codec_backend:becf: force routing 0
11-11 20:47:12.418 E/msm8974_platform(  623): platform_check_backends_match: Invalid snd_device = 
11-11 20:47:12.418 D/audio_hw_primary(  623): check_usecases_codec_backend:becf: (67) check_usecases curr device: speaker, usecase device: backends match 0
11-11 20:47:12.418 D/audio_hw_primary(  623): check_usecases_codec_backend:becf: check_usecases num.of Usecases to switch 0
11-11 20:47:12.418 D/hardware_info(  623): hw_info_append_hw_type : device_name = speaker
11-11 20:47:12.418 D/audio_hw_primary(  623): enable_snd_device: device 2:device_name:speaker:ref_cnt:1
11-11 20:47:12.418 D/msm8974_platform(  623): platform_split_snd_device: snd_device(2) num devices(0) new_snd_devices(0)
11-11 20:47:12.418 D/audio_hw_primary(  623): enable_snd_device: snd_device(2: speaker)
11-11 20:47:12.418 I/soundtrigger(  623): audio_extn_sound_trigger_update_device_status: device 0x2 of type 0 for Event 1, with Raise=0
11-11 20:47:12.418 D/audio_route(  623): Apply path: speaker
11-11 20:47:12.419 D/UserinfoHolder(23400): UserinfoHolder: 进入
11-11 20:47:12.419 D/UserInfoSliderAdapter(23400): onBindViewHolder: 进入
11-11 20:47:12.420 D/会员时间(23400): 1689090262
11-11 20:47:12.420 D/会员时长(23400): 83991382
11-11 20:47:12.422 D/UserInfoSliderAdapter(23400): getItemViewType: position3
11-11 20:47:12.422 D/UserInfoSliderAdapter(23400): getItemViewType: 身
11-11 20:47:12.422 D/UserInfoSliderAdapter(23400): onCreateViewHolder: 进入
11-11 20:47:12.430 D/UserinfoHolder(23400): UserinfoHolder: 进入
11-11 20:47:12.431 D/UserInfoSliderAdapter(23400): onBindViewHolder: 进入
11-11 20:47:12.431 I/audio_hw_utils(  623): audio_extn_utils_update_stream_output_app_type_cfg Allowing 24-bit playback on speaker ONLY at default sampling rate
11-11 20:47:12.431 D/soundtrigger(  623): audio_extn_sound_trigger_update_stream_status: uc_info->id 0 of type 0 for Event 3, with Raise=1
11-11 20:47:12.431 I/sound_trigger_platform(  623): platform_stdev_check_and_update_concurrency: Received STREAM event, event type 3, usecase type 48000
11-11 20:47:12.431 D/sound_trigger_platform(  623): platform_stdev_check_and_update_concurrency: dedicated path 0, reset backend 1, tx 0, rx 1,concurrency session allowed
11-11 20:47:12.431 D/audio_hw_utils(  623): audio_extn_utils_send_app_type_cfg: usecase->out_snd_device speaker
11-11 20:47:12.431 D/msm8974_platform(  623): platform_split_snd_device: snd_device(2) num devices(0) new_snd_devices(0)
11-11 20:47:12.431 I/audio_hw_utils(  623): send_app_type_cfg_for_device: usecase->id 0 usecase->out_snd_device speaker, usecase->in_snd_device , split_snd_device speaker
11-11 20:47:12.431 D/audio_hw_utils(  623): audio_extn_btsco_get_sample_rate:Not a BT SCO device, need not update sampling rate
11-11 20:47:12.431 I/audio_hw_utils(  623): send_app_type_cfg_for_device PLAYBACK app_type 69936, acdb_dev_id 15, sample_rate 48000, snd_device_be_idx 170
11-11 20:47:12.432 D/会员时间(23400): 1681725011
11-11 20:47:12.432 D/会员时长(23400): 76626131
11-11 20:47:12.433 D/msm8974_platform(  623): platform_split_snd_device: snd_device(2) num devices(1) new_snd_devices(0)
11-11 20:47:12.433 D/audio_hw_utils(  623): audio_extn_btsco_get_sample_rate:Not a BT SCO device, need not update sampling rate
11-11 20:47:12.433 D/ACDB-LOADER(  623): ACDB -> send_audio_cal, acdb_id = 15, path = 0, app id = 0x11130, sample rate = 48000
11-11 20:47:12.433 D/ACDB-LOADER(  623): ACDB -> send_asm_topology
11-11 20:47:12.433 D/ACDB-LOADER(  623): ACDB -> ACDB_CMD_GET_AUDPROC_STREAM_TOPOLOGY_ID
11-11 20:47:12.433 D/UserInfoSliderAdapter(23400): getItemViewType: position4
11-11 20:47:12.434 D/UserInfoSliderAdapter(23400): getItemViewType: 身
11-11 20:47:12.434 D/UserInfoSliderAdapter(23400): onCreateViewHolder: 进入
11-11 20:47:12.434 D/ACDB-LOADER(  623): ACDB -> send_adm_topology
11-11 20:47:12.434 D/ACDB-LOADER(  623): ACDB -> ACDB_CMD_GET_AUDPROC_COMMON_TOPOLOGY_ID
11-11 20:47:12.434 D/ACDB-LOADER(  623): ACDB -> send_audtable
11-11 20:47:12.434 D/ACDB-LOADER(  623): ACDB -> ACDB_CMD_GET_AUDPROC_INSTANCE_COMMON_TABLE_SIZE
11-11 20:47:12.434 D/ACDB-LOADER(  623): ACDB -> ACDB_CMD_GET_AUDPROC_INSTANCE_COMMON_TABLE
11-11 20:47:12.434 D/ACDB-LOADER(  623): ACDB -> AUDIO_SET_AUDPROC_CAL cal_type[11] acdb_id[15] app_type[69936]
11-11 20:47:12.434 D/ACDB-LOADER(  623): ACDB -> send_audvoltable
11-11 20:47:12.434 D/ACDB-LOADER(  623): ACDB -> ACDB_CMD_GET_AUDPROC_INSTANCE_GAIN_DEP_STEP_TABLE_SIZE
11-11 20:47:12.434 D/ACDB-LOADER(  623): ACDB -> ACDB_CMD_GET_AUDPROC_INSTANCE_GAIN_DEP_STEP_TABLE, vol index 0
11-11 20:47:12.434 D/ACDB-LOADER(  623): ACDB -> AUDIO_SET_VOL_CAL cal type = 12
11-11 20:47:12.434 D/ACDB-LOADER(  623): ACDB -> ACDB_CMD_GET_AUDPROC_INSTANCE_STREAM_TABLE_SIZE
11-11 20:47:12.434 D/ACDB-LOADER(  623): ACDB -> send_audstrmtable
11-11 20:47:12.434 D/ACDB-LOADER(  623): ACDB -> ACDB_CMD_GET_AUDPROC_INSTANCE_STREAM_TABLE
11-11 20:47:12.434 D/ACDB-LOADER(  623): ACDB -> audstrm_cal->cal_type.cal_data.cal_size = 536
11-11 20:47:12.434 D/ACDB-LOADER(  623): ACDB -> send_afe_topology
11-11 20:47:12.434 D/ACDB-LOADER(  623): ACDB -> ACDB_CMD_GET_AFE_TOPOLOGY_ID
11-11 20:47:12.434 D/ACDB-LOADER(  623): ACDB -> GET_AFE_TOPOLOGY_ID for adcd_id 15, Topology Id 112fc
11-11 20:47:12.434 D/ACDB-LOADER(  623): ACDB -> send_afe_cal
11-11 20:47:12.434 D/ACDB-LOADER(  623): ACDB -> ACDB_CMD_GET_AFE_INSTANCE_COMMON_TABLE_SIZE
11-11 20:47:12.434 D/        (  623): Failed to fetch the lookup information of the device 0000000F 
11-11 20:47:12.434 E/ACDB-LOADER(  623): Error: ACDB_CMD_GET_AFE_INSTANCE_COMMON_TABLE_SIZE Returned = -19
11-11 20:47:12.434 D/ACDB-LOADER(  623): ACDB -> ACDB_CMD_GET_AFE_INSTANCE_COMMON_TABLE
11-11 20:47:12.434 D/        (  623): Failed to fetch the lookup information of the device 0000000F 
11-11 20:47:12.434 E/ACDB-LOADER(  623): Error: ACDB AFE returned = -19
11-11 20:47:12.434 D/ACDB-LOADER(  623): ACDB -> AUDIO_SET_AFE_CAL cal_type[16] acdb_id[15]
11-11 20:47:12.434 D/ACDB-LOADER(  623): ACDB -> send_hw_delay : acdb_id = 15 path = 0
11-11 20:47:12.434 D/ACDB-LOADER(  623): ACDB -> ACDB_AVSYNC_INFO: ACDB_CMD_GET_DEVICE_PROPERTY
11-11 20:47:12.434 D/msm8974_platform(  623): platform_split_snd_device: snd_device(2) num devices(0) new_snd_devices(0)
11-11 20:47:12.435 I/msm8974_platform(  623): platform_get_custom_mtmx_params: no matching param with id 0 ip_ch 2 op_ch 2 uc_id 0 snd_dev 2
11-11 20:47:12.435 D/audio_hw_primary(  623): enable_audio_route: apply mixer and update path: deep-buffer-playback speaker
11-11 20:47:12.435 D/audio_route(  623): Apply path: deep-buffer-playback speaker
11-11 20:47:12.437 D/audio_hw_primary(  623): select_devices: done
11-11 20:47:12.437 D/audio_hw_primary(  623): start_output_stream: Opening PCM device card_id(0) device_id(0) format(0x1),config.rate:48000,bit_width:32
11-11 20:47:12.439 D/msm8974_platform(  623): platform_set_channel_map mixer_ctl_name:Playback Channel Map0
11-11 20:47:12.439 D/msm8974_platform(  623): platform_set_channel_map: set mapping(1 2 0 0 0 0 0 0) for channel:2
11-11 20:47:12.442 D/UserinfoHolder(23400): UserinfoHolder: 进入
11-11 20:47:12.443 D/UserInfoSliderAdapter(23400): onBindViewHolder: 进入
11-11 20:47:12.444 D/会员时间(23400): 1678859112
11-11 20:47:12.444 D/会员时长(23400): 73760232
11-11 20:47:12.446 D/UserInfoSliderAdapter(23400): getItemViewType: position5
11-11 20:47:12.446 D/UserInfoSliderAdapter(23400): getItemViewType: 身
11-11 20:47:12.446 D/UserInfoSliderAdapter(23400): onCreateViewHolder: 进入
11-11 20:47:12.452 D/UserinfoHolder(23400): UserinfoHolder: 进入
11-11 20:47:12.452 D/UserInfoSliderAdapter(23400): onBindViewHolder: 进入
11-11 20:47:12.453 D/会员时间(23400): 1666884923
11-11 20:47:12.453 D/会员时长(23400): 61786043
11-11 20:47:12.455 D/UserInfoSliderAdapter(23400): getItemViewType: position6
11-11 20:47:12.455 D/UserInfoSliderAdapter(23400): getItemViewType: 身
11-11 20:47:12.455 D/UserInfoSliderAdapter(23400): onCreateViewHolder: 进入
11-11 20:47:12.461 D/UserinfoHolder(23400): UserinfoHolder: 进入
11-11 20:47:12.462 D/UserInfoSliderAdapter(23400): onBindViewHolder: 进入
11-11 20:47:12.463 D/会员时间(23400): 1664554311
11-11 20:47:12.463 D/会员时长(23400): 59455431
11-11 20:47:12.465 D/UserInfoSliderAdapter(23400): getItemViewType: position7
11-11 20:47:12.465 D/UserInfoSliderAdapter(23400): getItemViewType: 身
11-11 20:47:12.465 D/UserInfoSliderAdapter(23400): onCreateViewHolder: 进入
11-11 20:47:12.466 W/unknown (20556): type=1400 audit(0.0:71168): avc: denied { read } for name="drivers" dev="proc" ino=4026531855 scontext=u:r:untrusted_app_27:s0:c512,c768 tcontext=u:object_r:proc_tty_drivers:s0 tclass=file permissive=0
11-11 20:47:12.472 D/UserinfoHolder(23400): UserinfoHolder: 进入
11-11 20:47:12.472 D/UserInfoSliderAdapter(23400): onBindViewHolder: 进入
11-11 20:47:12.473 D/会员时间(23400): 1662120729
11-11 20:47:12.473 D/会员时长(23400): 57021849
11-11 20:47:12.479 D/Linux   (23400): [Posix_connect Debug]Process xin.banghua.beiyuan :443 
11-11 20:47:12.482 D/Linux   (23400): [Posix_connect Debug]Process xin.banghua.beiyuan :443 
11-11 20:47:12.496 D/audio_hw_primary(  623): start_output_stream: exit
11-11 20:47:12.497 D/msm8974_platform(  623): platform_split_snd_device: snd_device(2) num devices(0) new_snd_devices(0)
11-11 20:47:12.497 I/msm8974_platform(  623): platform_get_custom_mtmx_params: no matching param with id 0 ip_ch 2 op_ch 2 uc_id 0 snd_dev 2
11-11 20:47:12.497 D/PowerManagerService( 1488): releaseWakeLockInternal: lock=7560104 [WindowManager], flags=0x0
11-11 20:47:12.498 D/AudioFlinger(  687): ####### XXF  RESAMPLE RESET ####### 
11-11 20:47:12.498 D/BufferProvider(  687): setBufferProvider(0xf1fe0e00): mTrackBufferProvider:0x0  mBuffer.frameCount:0
11-11 20:47:12.498 D/AudioMixer(  687): setResampler  DYN_HIGH_QUALITY FLAG:2
11-11 20:47:12.504 D/Linux   (23400): [Posix_connect Debug]Process xin.banghua.beiyuan :443 
11-11 20:47:12.508 V/AudioFlinger(  687): mixer(0xf2792d80) throttle begin: ret(7680) deltaMs(7) requires sleep 3 ms
11-11 20:47:12.511 E/ThermalEngine(  792): vivo_thermal_parameter_config :VivoThermal:read type:1  buf: 1
11-11 20:47:12.511 E/ThermalEngine(  792):  
11-11 20:47:12.519 V/PlayerBase(23400): vivobaseStart() piid=655
11-11 20:47:12.523 D/FeatureService( 1488): SmartRingModeEnabled:true isSmartRingEnable:false isChildMode:false
11-11 20:47:12.526 D/UserInfoSliderAdapter(23400): getItemViewType: position0
11-11 20:47:12.532 D/UserInfoSliderAdapter(23400): getItemViewType: 头
11-11 20:47:12.542 D/UserInfoSliderAdapter(23400): getItemViewType: position1
11-11 20:47:12.542 D/UserInfoSliderAdapter(23400): getItemViewType: 身
11-11 20:47:12.543 D/UserInfoSliderAdapter(23400): getItemViewType: position2
11-11 20:47:12.543 D/UserInfoSliderAdapter(23400): getItemViewType: 身
11-11 20:47:12.544 D/UserInfoSliderAdapter(23400): getItemViewType: position3
11-11 20:47:12.544 D/UserInfoSliderAdapter(23400): getItemViewType: 身
11-11 20:47:12.544 D/UserInfoSliderAdapter(23400): getItemViewType: position4
11-11 20:47:12.544 D/UserInfoSliderAdapter(23400): getItemViewType: 身
11-11 20:47:12.544 D/UserInfoSliderAdapter(23400): getItemViewType: position5
11-11 20:47:12.544 D/UserInfoSliderAdapter(23400): getItemViewType: 身
11-11 20:47:12.545 D/UserInfoSliderAdapter(23400): getItemViewType: position6
11-11 20:47:12.545 D/UserInfoSliderAdapter(23400): getItemViewType: 身
11-11 20:47:12.545 D/UserInfoSliderAdapter(23400): getItemViewType: position7
11-11 20:47:12.545 D/UserInfoSliderAdapter(23400): getItemViewType: 身
11-11 20:47:12.548 V/AudioSink(  813): getPlayedOutDurationUs(22790) nowUs(154691709662) frames(485) framesAt(154691697869)
11-11 20:47:12.548 D/NuPlayerDriver(  813): notifyListener_l(0xe2fc4640), (211, 0, 0, 20), loop setting(0, 0)
11-11 20:47:12.548 V/MediaPlayerNative(23400): isPlaying: 1
11-11 20:47:12.548 V/MediaPlayerNative(23400): message received msg=211, ext1=0, ext2=0
11-11 20:47:12.548 V/MediaPlayerNative(23400): unrecognized message: (211, 0, 0)
11-11 20:47:12.548 V/MediaPlayerNative(23400): callback application
11-11 20:47:12.548 V/MediaPlayerNative(23400): back from callback
