11-11 20:47:15.683 V/ActivityManager( 1488): setActivityType ActivityRecord{631ab51 u0 com.bbk.launcher2/.Launcher d-1 s-1 t-1} packageName=com.bbk.launcher2 realActivity=com.bbk.launcher2/.Launcher info.resizeMode=2
11-11 20:47:15.684 E/ANDR-IOP(  657): IOP HAL: Received pkg_name = com.bbk.launcher2 pid = 0
11-11 20:47:15.687 W/ActivityManager( 1488): vivo occlude resumeTop canOccclude = false next.occlude = false
11-11 20:47:15.687 D/ActivityTrigger( 1488): ActivityTrigger activityPauseTrigger 
11-11 20:47:15.689 D/App     (23400): onActivityPaused: 
11-11 20:47:15.691 I/FaceDetectService( 1488): notifyFaceDetectKeyHandler action: 17
11-11 20:47:15.715 W/ActivityManager( 1488): vivo occlude resumeTop canOccclude = false next.occlude = false
11-11 20:47:15.720 W/InputDispatcher( 1488): Excessive delay in interceptKeyBeforeDispatching; took 68 ms
11-11 20:47:15.720 V/InputDispatcher( 1488): Asynchronous input event injection succeeded.
11-11 20:47:15.720 E/ActivityManager( 1488): Sending non-protected broadcast com.vivo.systemui.volume.DIALOG_STATE from system 2293:com.android.systemui/u0a27 pkg com.android.systemui
11-11 20:47:15.727 E/        (  689): IProducerListener: malformed binder reply
11-11 20:47:15.733 W/ActivityManager( 1488): vivo occlude resumeTop canOccclude = false next.occlude = false
11-11 20:47:15.740 I/ActivityWatcher( 1488): activity state: 1
11-11 20:47:15.741 D/ConnectivityService( 1488): onForegroundActivitiesChanged: pid=2673, uid=10115, foregroundActivities=true
11-11 20:47:15.741 D/ConnectivityService( 1488): mForgroundAppName=com.bbk.launcher2
11-11 20:47:15.742 D/gamevibrator( 1488): onForegroundActivitiesChanged pid:2673, uid:10115, hasFore:true
11-11 20:47:15.742 I/PackageManager( 1488): x-------->>>>>>>> zuishang = com.bbk.launcher2
11-11 20:47:15.743 D/FeatureService( 1488): onForegroundActivitiesChanged: pid=2673, uid=10115, foregroundActivities=true
11-11 20:47:15.743 D/FeatureService( 1488): handleForgrouneAppChanged pid:2673, uid:10115 foreground:true
11-11 20:47:15.749 D/ActivityTrigger( 1488): ActivityTrigger activityStopTrigger 
11-11 20:47:15.755 D/App     (23400): onActivitySaveInstanceState: 
11-11 20:47:15.755 I/RongLog (23400): [RongLog][ RongIMClient ] saveInstance
11-11 20:47:15.758 D/App     (23400): onActivityStopped:
11-11 20:47:15.758 I/RongLog (23400): [RongLog][ RongIMClient ] in Background
11-11 20:47:15.760 I/[RC:L-ping-S](23400): {"ptid":"23440-2211","interval":15000,"enabled":false}
11-11 20:47:15.760 D/RongLog (23440): [RongLog][ NativeClient ] stop replenish heartbeat
11-11 20:47:15.761 E/        (  644): IGNORED inject_sensor_data(type=33, handle=27) call to non-API-compliant sensor
11-11 20:47:15.763 D/UiModeManager( 1488): onForegroundActivitiesChanged: pid=2673, uid=10115, foregroundActivities=true
11-11 20:47:15.768 D/LocSvc_HIDL_IzatProvider_jni( 1488): Provider Type: 2; Num Updates: 2147483647; Interval: 14400000Displacement: 0.000000; Accuracy: 1
11-11 20:47:15.768 V/LocSvc_HIDL_IzatProvider_jni( 1488): [onAddRequest][165] [HC] =>> [HS]
11-11 20:47:15.768 V/LocSvc_HIDL_IzatProvider(  654): [onAddRequest][195] [HS] <<<<= [HC]
11-11 20:47:15.769 V/LocSvc_HIDL_OsNpGlue_jni( 1488): [onSetRequest][60] [HC] <<= [HS]
11-11 20:47:15.769 I/GnssLocationProvider( 1488): WakeLock released by handleMessage(SET_REQUEST, 0, com.android.server.location.GnssLocationProvider$GpsRequest@6434553)
11-11 20:47:15.769 I/NpProxy ( 1488): handleMessage what - 3
11-11 20:47:15.769 D/NpProxy-VSNS( 1488): setRequestVSNS nlpId:NLP_INDEX_DOMESTIC, request:ProviderRequest[ON interval=+4h0m0s0ms lowPowerMode=false], WorkSource{10116 com.vivo.hiboard}
11-11 20:47:15.776 I/NpProxy ( 1488): handleMessage what - 4
11-11 20:47:15.776 V/LocSvc_HIDL_OsNpGlue_jni( 1488): [onJavaLocationChanged][180] [HC] =>> [HS]
11-11 20:47:15.776 V/LocSvc_HIDL_IzatOsNpGlue(  654): [locationChanged][95] [HS] <<<<= [HC]
11-11 20:47:15.776 V/LocSvc_HIDL_IzatProvider(  654): [onLocationChanged][72] [HS] =>>>> [HC]
11-11 20:47:15.777 V/LocSvc_HIDL_IzatProvider_jni( 1488): [onLocationChanged][218] [HC] <<= [HS]
11-11 20:47:15.786 D/LauncherOverlayManager( 2673): onResume
11-11 20:47:15.790 D/ConnectivityService( 1488): onForegroundActivitiesChanged: pid=23400, uid=10181, foregroundActivities=false
11-11 20:47:15.790 D/gamevibrator( 1488): onForegroundActivitiesChanged pid:23400, uid:10181, hasFore:false
11-11 20:47:15.791 I/ActivityWatcher( 1488): activity state: 0
11-11 20:47:15.792 I/PackageManager( 1488): x-------->>>>>>>> zuishang = com.bbk.launcher2
11-11 20:47:15.792 D/FeatureService( 1488): onForegroundActivitiesChanged: pid=23400, uid=10181, foregroundActivities=false
11-11 20:47:15.792 D/FeatureService( 1488): handleForgrouneAppChanged pid:23400, uid:10181 foreground:false
11-11 20:47:15.799 D/UiModeManager( 1488): onForegroundActivitiesChanged: pid=23400, uid=10181, foregroundActivities=false
11-11 20:47:15.809 I/FaceDetectService( 1488): notifyFaceDetectKeyHandler action: 17
11-11 20:47:15.815 E/        (  689): IProducerListener: malformed binder reply
11-11 20:47:15.885 I/ConfigStore(  689): android::hardware::configstore::V1_0::ISurfaceFlingerConfigs::hasHDRDisplay retrieved: 0
11-11 20:47:15.906 E/SogouIME-412384_20200114( 5131): SogouIME#onUnbindInput():15464 onUnbindInput
11-11 20:47:15.907 E/ANDR-IOP(  657): IOP HAL: Received pkg_name = com.bbk.launcher2 pid = 0
11-11 20:47:15.907 E/SogouIME-412384_20200114( 5131): SogouIME#onBindInput():15484 onBindInput
11-11 20:47:15.931 I/ConfigStore(  689): android::hardware::configstore::V1_0::ISurfaceFlingerConfigs::hasHDRDisplay retrieved: 0
11-11 20:47:15.932 I/chatty  (  689): uid=1000(system) /system/bin/surfaceflinger identical 2 lines
11-11 20:47:15.933 I/ConfigStore(  689): android::hardware::configstore::V1_0::ISurfaceFlingerConfigs::hasHDRDisplay retrieved: 0
11-11 20:47:15.938 D/SogouIME( 5131): SogouIME mHandler = 98
11-11 20:47:15.948 I/ConfigStore(  689): android::hardware::configstore::V1_0::ISurfaceFlingerConfigs::hasHDRDisplay retrieved: 0
11-11 20:47:15.997 I/chatty  (  689): uid=1000(system) /system/bin/surfaceflinger identical 14 lines
11-11 20:47:15.998 I/ConfigStore(  689): android::hardware::configstore::V1_0::ISurfaceFlingerConfigs::hasHDRDisplay retrieved: 0
11-11 20:47:16.013 I/ConfigStore(  689): android::hardware::configstore::V1_0::ISurfaceFlingerConfigs::hasHDRDisplay retrieved: 0
11-11 20:47:16.031 I/chatty  (  689): uid=1000(system) /system/bin/surfaceflinger identical 6 lines
11-11 20:47:16.031 I/ConfigStore(  689): android::hardware::configstore::V1_0::ISurfaceFlingerConfigs::hasHDRDisplay retrieved: 0
11-11 20:47:16.047 I/ConfigStore(  689): android::hardware::configstore::V1_0::ISurfaceFlingerConfigs::hasHDRDisplay retrieved: 0
11-11 20:47:16.047 I/chatty  (  689): uid=1000(system) /system/bin/surfaceflinger identical 2 lines
11-11 20:47:16.047 I/ConfigStore(  689): android::hardware::configstore::V1_0::ISurfaceFlingerConfigs::hasHDRDisplay retrieved: 0
11-11 20:47:16.063 I/ConfigStore(  689): android::hardware::configstore::V1_0::ISurfaceFlingerConfigs::hasHDRDisplay retrieved: 0
11-11 20:47:16.064 I/chatty  (  689): uid=1000(system) /system/bin/surfaceflinger identical 2 lines
11-11 20:47:16.064 I/ConfigStore(  689): android::hardware::configstore::V1_0::ISurfaceFlingerConfigs::hasHDRDisplay retrieved: 0
11-11 20:47:16.090 V/APM_AudioPolicyManager(  687): AudioPolicyManager:setRecordSilenced(uid:10066, silenced:1)
11-11 20:47:16.090 V/AudioFlinger(  687): AudioFlinger::setRecordSilenced(uid:10066, silenced:1)
11-11 20:47:16.132 W/SurfaceFlinger(  689): Attempting to set client state on removed layer: xin.banghua.beiyuan/xin.banghua.beiyuan.MainActivity#0
11-11 20:47:16.132 W/SurfaceFlinger(  689): Attempting to destroy on removed layer: xin.banghua.beiyuan/xin.banghua.beiyuan.MainActivity#0
11-11 20:47:16.148 I/Adreno  ( 1488): QUALCOMM build                   : d77256d, I4f6179b11f
11-11 20:47:16.148 I/Adreno  ( 1488): Build Date                       : 08/06/19
11-11 20:47:16.148 I/Adreno  ( 1488): OpenGL ES Shader Compiler Version: EV031.26.03.02
11-11 20:47:16.148 I/Adreno  ( 1488): Local Branch                     : 
11-11 20:47:16.148 I/Adreno  ( 1488): Remote Branch                    : 
11-11 20:47:16.148 I/Adreno  ( 1488): Remote Branch                    : 
11-11 20:47:16.148 I/Adreno  ( 1488): Reconstruct Branch               : 
11-11 20:47:16.148 I/Adreno  ( 1488): Build Config                     : S P 6.0.9 AArch64
11-11 20:47:16.153 I/Adreno  ( 1488): PFP: 0x016ee183, ME: 0x00000000
11-11 20:47:16.154 I/ConfigStore( 1488): android::hardware::configstore::V1_0::ISurfaceFlingerConfigs::hasWideColorDisplay retrieved: 0
11-11 20:47:16.155 I/ConfigStore( 1488): android::hardware::configstore::V1_0::ISurfaceFlingerConfigs::hasHDRDisplay retrieved: 0
11-11 20:47:16.155 I/OpenGLRenderer( 1488): Initialized EGL, version 1.4
11-11 20:47:16.155 D/OpenGLRenderer( 1488): Swap behavior 2
11-11 20:47:16.229 I/ConfigStore(  689): android::hardware::configstore::V1_0::ISurfaceFlingerConfigs::hasHDRDisplay retrieved: 0
11-11 20:47:16.231 I/chatty  (  689): uid=1000(system) /system/bin/surfaceflinger identical 3 lines
11-11 20:47:16.231 I/ConfigStore(  689): android::hardware::configstore::V1_0::ISurfaceFlingerConfigs::hasHDRDisplay retrieved: 0
11-11 20:47:16.262 V/APM_AudioPolicyManager(  687): AudioPolicyManager:setRecordSilenced(uid:10030, silenced:1)
11-11 20:47:16.262 V/AudioFlinger(  687): AudioFlinger::setRecordSilenced(uid:10030, silenced:1)
11-11 20:47:16.339 V/GnssLocationProvider( 1488): GPM reportSvStatus
11-11 20:47:16.339 I/GnssLocationProvider( 1488): WakeLock released by handleMessage(REPORT_SV_STATUS, 0, com.android.server.location.GnssLocationProvider$SvStatusInfo@630ac1)
11-11 20:47:16.340 I/GnssLocationProvider( 1488): WakeLock released by handleMessage(MSG_SV_REPORT, 4, 0)
11-11 20:47:16.353 I/system_server( 1488): NativeAlloc concurrent copying GC freed 31284(1777KB) AllocSpace objects, 5(228KB) LOS objects, 19% free, 33MB/41MB, paused 161us total 154.475ms
11-11 20:47:16.426 W/OpenGLRenderer( 2673): Incorrectly called buildLayer on View: x, destroying layer...
11-11 20:47:16.426 I/chatty  ( 2673): uid=10115(com.bbk.launcher2) RenderThread identical 1 line
11-11 20:47:16.426 W/OpenGLRenderer( 2673): Incorrectly called buildLayer on View: x, destroying layer...
11-11 20:47:16.535 I/ConfigStore(  689): android::hardware::configstore::V1_0::ISurfaceFlingerConfigs::hasHDRDisplay retrieved: 0
11-11 20:47:16.540 I/chatty  (  689): uid=1000(system) /system/bin/surfaceflinger identical 3 lines
11-11 20:47:16.541 I/ConfigStore(  689): android::hardware::configstore::V1_0::ISurfaceFlingerConfigs::hasHDRDisplay retrieved: 0
11-11 20:47:16.690 E/sensors-hal(  644): handle_sns_client_event:44, amd_sample: ts=171964338991503 ns; value = [1.000000]
11-11 20:47:16.756 E/BitmapFactory( 2673): Unable to decode stream: java.io.FileNotFoundException: /oem/etc/theme/icons/dynamic_icon/com.vivo.weather/res/drawable-sw360dp-xhdpi/dynamic_weather_sun.png (No such file or directory)
11-11 20:47:16.761 E/BitmapFactory( 2673): Unable to decode stream: java.io.FileNotFoundException: /oem/etc/theme/icons/dynamic_icon/com.vivo.weather/res/drawable-sw360dp-xhdpi/dynamic_weather_degree.png (No such file or directory)
11-11 20:47:16.763 E/BitmapFactory( 2673): Unable to decode stream: java.io.FileNotFoundException: /oem/etc/theme/icons/dynamic_icon/com.vivo.weather/res/drawable-sw360dp-xhdpi/dynamic_weather_minus.png (No such file or directory)
11-11 20:47:16.780 E/ANDR-PERF-MPCTL(  658): Invalid profile no. 0, total profiles 0 only
11-11 20:47:16.817 I/SurfaceFlinger(  689): FPS: 34
11-11 20:47:16.855 W/InputDispatcher( 1488): window Window{e183d63 u0 Toast} , frame=[284,1352][436,1412] is obscured because of overlap
11-11 20:47:16.893 E/sensors-hal(  644): handle_sns_client_event:44, amd_sample: ts=171964575858847 ns; value = [2.000000]
11-11 20:47:16.896 I/ConfigStore(  689): android::hardware::configstore::V1_0::ISurfaceFlingerConfigs::hasHDRDisplay retrieved: 0
11-11 20:47:16.899 I/ConfigStore(  689): android::hardware::configstore::V1_0::ISurfaceFlingerConfigs::hasHDRDisplay retrieved: 0
11-11 20:47:16.900 I/chatty  (  689): uid=1000(system) /system/bin/surfaceflinger identical 2 lines
11-11 20:47:16.900 I/ConfigStore(  689): android::hardware::configstore::V1_0::ISurfaceFlingerConfigs::hasHDRDisplay retrieved: 0
11-11 20:47:16.945 I/chatty  ( 2673): uid=10115(com.bbk.launcher2) identical 1 line
11-11 20:47:17.338 V/GnssLocationProvider( 1488): GPM reportSvStatus
11-11 20:47:17.338 I/GnssLocationProvider( 1488): WakeLock released by handleMessage(REPORT_SV_STATUS, 0, com.android.server.location.GnssLocationProvider$SvStatusInfo@9b89266)
11-11 20:47:17.339 I/GnssLocationProvider( 1488): WakeLock released by handleMessage(MSG_SV_REPORT, 6, 19)
11-11 20:47:17.364 I/ConfigStore(  689): android::hardware::configstore::V1_0::ISurfaceFlingerConfigs::hasHDRDisplay retrieved: 0
11-11 20:47:17.635 D/NotificationService( 1488): Timeout pkg=xin.banghua.beiyuan callback=android.app.ITransientNotification$Stub$Proxy@116e80d
11-11 20:47:17.654 D/PowerManagerService( 1488): releaseWakeLockInternal: lock=7560104 [WindowManager], flags=0x0
11-11 20:47:17.657 W/NotificationService( 1488): Toast already killed. pkg=xin.banghua.beiyuan callback=android.app.ITransientNotification$Stub$Proxy@92d7e54
11-11 20:47:17.365 I/chatty  (  689): uid=1000(system) /system/bin/surfaceflinger identical 3 lines
11-11 20:47:17.366 I/ConfigStore(  689): android::hardware::configstore::V1_0::ISurfaceFlingerConfigs::hasHDRDisplay retrieved: 0
11-11 20:47:17.831 I/SurfaceFlinger(  689): FPS: 36
11-11 20:47:18.155 E/sensors-hal(  644): handle_sns_client_event:44, amd_sample: ts=171965809006868 ns; value = [1.000000]
11-11 20:47:18.169 V/WindowManager( 1488): Remove pending window: Window{e183d63 u0 Toast}
11-11 20:47:18.257 E/sensors-hal(  644): handle_sns_client_event:44, amd_sample: ts=171965942917753 ns; value = [2.000000]
11-11 20:47:18.263 I/ConfigStore(  689): android::hardware::configstore::V1_0::ISurfaceFlingerConfigs::hasHDRDisplay retrieved: 0
11-11 20:47:18.264 I/chatty  (  689): uid=1000(system) /system/bin/surfaceflinger identical 2 lines
11-11 20:47:18.264 I/ConfigStore(  689): android::hardware::configstore::V1_0::ISurfaceFlingerConfigs::hasHDRDisplay retrieved: 0
11-11 20:47:18.338 D/LocationAccessPolicy( 1488): isWhiteList: com.amap.android.location
11-11 20:47:18.338 E/LocationAccessPolicy( 1488): canAccessCellLocation in whitList. uid = 10033, pkgName = com.amap.android.location
11-11 20:47:18.340 V/GnssLocationProvider( 1488): GPM reportSvStatus
11-11 20:47:18.340 I/GnssLocationProvider( 1488): WakeLock released by handleMessage(REPORT_SV_STATUS, 0, com.android.server.location.GnssLocationProvider$SvStatusInfo@bf82943)
11-11 20:47:18.341 I/GnssLocationProvider( 1488): WakeLock released by handleMessage(MSG_SV_REPORT, 7, 19)
11-11 20:47:18.349 D/LocationAccessPolicy( 2659): isWhiteList: com.amap.android.location
11-11 20:47:18.350 E/LocationAccessPolicy( 2659): canAccessCellLocation in whitList. uid = 10033, pkgName = com.amap.android.location
11-11 20:47:18.361 D/LocationAccessPolicy( 2659): isWhiteList: com.amap.android.location
11-11 20:47:18.361 E/LocationAccessPolicy( 2659): canAccessCellLocation in whitList. uid = 10033, pkgName = com.amap.android.location
11-11 20:47:18.387 I/AlarmManager( 1488): --setTimeZone Asia/Shanghai PID:2659 UID:1001
11-11 20:47:18.387 D/AlarmManagerService( 1488): Kernel timezone updated to -480 minutes west of GMT
11-11 20:47:18.392 D/QtiRilInterface( 2659): instance = com.qualcomm.qti.internal.telephony.QtiRilInterface@474cfc
11-11 20:47:18.395 D/QcrilMsgTunnelIfaceManager( 3079): needAddWaitTime return false byte = -7
11-11 20:47:18.395 D/QcrilMsgTunnelIfaceManager( 3079): handleMessage what = 1
11-11 20:47:18.396 I/QcrilOemhookMsgTunnel( 3079): [0]invokeOemRilRequestRaw: serial=1432 length=26
11-11 20:47:18.396 D/QcrilOemhookMsgTunnel( 3079): 1432 > OEM_HOOK_RAW[514f454d484f4f4bf90108000a00000002656d70747900000000]
11-11 20:47:18.399 D/QcrilOemhookMsgTunnel( 3079): Calling HIDL oemHookRawRequest
11-11 20:47:18.400 D/LocationAccessPolicy( 1488): isWhiteList: com.amap.android.location
11-11 20:47:18.401 E/LocationAccessPolicy( 1488): canAccessCellLocation in whitList. uid = 10033, pkgName = com.amap.android.location
11-11 20:47:18.402 D/LocationAccessPolicy( 1488): isWhiteList: com.amap.android.location
11-11 20:47:18.402 E/LocationAccessPolicy( 1488): canAccessCellLocation in whitList. uid = 10033, pkgName = com.amap.android.location
11-11 20:47:18.416 I/QcrilOemhookMsgTunnel( 3079): [0]processOemHookResponse serial no: 1432 error: 0length=410
11-11 20:47:18.417 D/QcrilOemhookMsgTunnel( 3079): [1432] < OEM_HOOK_RAW [[B@d684894]
11-11 20:47:18.417 D/QcrilOemhookMsgTunnel( 3079): { id=1492 when=-1d18h58m17s578ms what=2 obj=com.qualcomm.qcrilmsgtunnel.QcrilMsgTunnelIfaceManager$MessageRequest@1fc2f3d target=com.qualcomm.qcrilmsgtunnel.QcrilMsgTunnelIfaceManager$1 }
11-11 20:47:18.417 D/QcrilMsgTunnelIfaceManager( 3079): handleMessage what = 2
11-11 20:47:18.429 D/ActivityManager( 1488): StartMode packageName = com.vivo.daemonService ,callingPid = -1 ,alwaysRestrict = true ,startMode = 2 ,UidRec:UidRecord{2a97720 1000 PER  procs:28 seq(0,0,0)}
11-11 20:47:18.429 D/KeyguardUpdateMonitor( 2293): received broadcast android.intent.action.SERVICE_STATE
11-11 20:47:18.429 V/KeyguardUpdateMonitor( 2293): action android.intent.action.SERVICE_STATE serviceState={mVoiceRegState=0(IN_SERVICE), mDataRegState=0(IN_SERVICE), mChannelNumber=1823, duplexMode()=1, mCellBandwidths=[], mVoiceRoamingType=home, mDataRoamingType=home, mVoiceOperatorAlphaLong=CHN-CT, mVoiceOperatorAlphaShort=CT, mDataOperatorAlphaLong=CHN-CT, mDataOperatorAlphaShort=CT, isManualNetworkSelection=false(automatic), mRilVoiceRadioTechnology=14(LTE), mRilDataRadioTechnology=14(LTE), mCssIndicator=supported, mNetworkId=-1, mSystemId=-1, mCdmaRoamingIndicator=-1, mCdmaDefaultRoamingIndicator=-1, mIsEmergencyOnly=false, mIsDataRoamingFromRegistration=false, mIsUsingCarrierAggregation=false, mLteEarfcnRsrpBoost=0, mNetworkRegistrationStates=[]} subId=1
11-11 20:47:18.429 D/KeyguardUpdateMonitor( 2293): handleServiceStateChange(subId=1,phoneId=0, serviceState={mVoiceRegState=0(IN_SERVICE), mDataRegState=0(IN_SERVICE), mChannelNumber=1823, duplexMode()=1, mCellBandwidths=[], mVoiceRoamingType=home, mDataRoamingType=home, mVoiceOperatorAlphaLong=CHN-CT, mVoiceOperatorAlphaShort=CT, mDataOperatorAlphaLong=CHN-CT, mDataOperatorAlphaShort=CT, isManualNetworkSelection=false(automatic), mRilVoiceRadioTechnology=14(LTE), mRilDataRadioTechnology=14(LTE), mCssIndicator=supported, mNetworkId=-1, mSystemId=-1, mCdmaRoamingIndicator=-1, mCdmaDefaultRoamingIndicator=-1, mIsEmergencyOnly=false, mIsDataRoamingFromRegistration=false, mIsUsingCarrierAggregation=false, mLteEarfcnRsrpBoost=0, mNetworkRegistrationStates=[]}
11-11 20:47:18.429 E/KeyguardUpdateMonitor( 2293): serviceState is null in handleServiceStateChange()
11-11 20:47:18.429 D/CarrierText( 2293): updateCarrierText(): 1
11-11 20:47:18.429 D/CarrierText( 2293): Handling (subId=1): READY 中国电信
11-11 20:47:18.429 D/CarrierText( 2293): SIM ready and in service: subId=1, ss={mVoiceRegState=0(IN_SERVICE), mDataRegState=0(IN_SERVICE), mChannelNumber=1823, duplexMode()=1, mCellBandwidths=[], mVoiceRoamingType=home, mDataRoamingType=home, mVoiceOperatorAlphaLong=CHN-CT, mVoiceOperatorAlphaShort=CT, mDataOperatorAlphaLong=CHN-CT, mDataOperatorAlphaShort=CT, isManualNetworkSelection=false(automatic), mRilVoiceRadioTechnology=14(LTE), mRilDataRadioTechnology=14(LTE), mCssIndicator=supported, mNetworkId=-1, mSystemId=-1, mCdmaRoamingIndicator=-1, mCdmaDefaultRoamingIndicator=-1, mIsEmergencyOnly=false, mIsDataRoamingFromRegistration=false, mIsUsingCarrierAggregation=false, mLteEarfcnRsrpBoost=0, mNetworkRegistrationStates=[]}
11-11 20:47:18.435 I/chatty  ( 2293): uid=10027(com.android.systemui) SysUiBg identical 3 lines
11-11 20:47:18.435 D/FtTelephonyAdapterImpl( 2591): sim1.get3gTransferTo2gFlag = false
11-11 20:47:18.435 I/chatty  ( 2293): uid=10027(com.android.systemui) SysUiBg identical 3 lines
11-11 20:47:18.439 D/LocationAccessPolicy( 2659): isWhiteList: com.amap.android.location
11-11 20:47:18.439 E/LocationAccessPolicy( 2659): canAccessCellLocation in whitList. uid = 10033, pkgName = com.amap.android.location
11-11 20:47:18.441 D/NotificationMgr( 2659): start updateNetworkSelection...
11-11 20:47:18.453 D/LocationAccessPolicy( 2659): isWhiteList: com.amap.android.location
11-11 20:47:18.454 D/NotificationMgr( 2659): start updateNetworkSelection...
11-11 20:47:18.454 E/LocationAccessPolicy( 2659): canAccessCellLocation in whitList. uid = 10033, pkgName = com.amap.android.location
11-11 20:47:18.459 W/Settings( 2293): Setting airplane_mode_on has moved from android.provider.Settings.System to android.provider.Settings.Global, returning read-only value.
11-11 20:47:18.460 D/KeyguardUpdateMonitor( 2293): received broadcast android.intent.action.SERVICE_STATE
11-11 20:47:18.460 V/KeyguardUpdateMonitor( 2293): action android.intent.action.SERVICE_STATE serviceState={mVoiceRegState=0(IN_SERVICE), mDataRegState=0(IN_SERVICE), mChannelNumber=1823, duplexMode()=1, mCellBandwidths=[], mVoiceRoamingType=home, mDataRoamingType=home, mVoiceOperatorAlphaLong=中国电信, mVoiceOperatorAlphaShort=CT, mDataOperatorAlphaLong=中国电信, mDataOperatorAlphaShort=CT, isManualNetworkSelection=false(automatic), mRilVoiceRadioTechnology=14(LTE), mRilDataRadioTechnology=14(LTE), mCssIndicator=supported, mNetworkId=-1, mSystemId=-1, mCdmaRoamingIndicator=-1, mCdmaDefaultRoamingIndicator=-1, mIsEmergencyOnly=false, mIsDataRoamingFromRegistration=false, mIsUsingCarrierAggregation=false, mLteEarfcnRsrpBoost=0, mNetworkRegistrationStates=[]} subId=1
11-11 20:47:18.467 D/LocationAccessPolicy( 2659): isWhiteList: com.amap.android.location
11-11 20:47:18.468 E/LocationAccessPolicy( 2659): canAccessCellLocation in whitList. uid = 10033, pkgName = com.amap.android.location
11-11 20:47:18.460 I/chatty  ( 2591): uid=1000(system) com.vivo.daemonService identical 2 lines
11-11 20:47:18.466 D/FtTelephonyAdapterImpl( 2591): sim1.get3gTransferTo2gFlag = false
11-11 20:47:18.474 W/ContextImpl( 2591): Calling a method in the system process without a qualified user: android.app.ContextImpl.startService:1550 android.content.ContextWrapper.startService:664 android.content.ContextWrapper.startService:664 com.vivo.daemonService.netStateStat.NetStateStatReceiver.onReceive:56 android.app.ActivityThread.handleReceiver:3659 
11-11 20:47:18.476 D/ActivityManager( 1488): StartMode packageName = com.vivo.daemonService ,callingPid = -1 ,alwaysRestrict = true ,startMode = 2 ,UidRec:UidRecord{2a97720 1000 PER  procs:28 seq(0,0,0)}
11-11 20:47:18.477 W/ContextImpl( 2591): Calling a method in the system process without a qualified user: android.app.ContextImpl.startService:1550 android.content.ContextWrapper.startService:664 android.content.ContextWrapper.startService:664 com.vivo.daemonService.netStateStat.NetStateStatReceiver.onReceive:56 android.app.ActivityThread.handleReceiver:3659 
11-11 20:47:18.478 D/KeyguardUpdateMonitor( 2293): handleServiceStateChange(subId=1,phoneId=0, serviceState={mVoiceRegState=0(IN_SERVICE), mDataRegState=0(IN_SERVICE), mChannelNumber=1823, duplexMode()=1, mCellBandwidths=[], mVoiceRoamingType=home, mDataRoamingType=home, mVoiceOperatorAlphaLong=中国电信, mVoiceOperatorAlphaShort=CT, mDataOperatorAlphaLong=中国电信, mDataOperatorAlphaShort=CT, isManualNetworkSelection=false(automatic), mRilVoiceRadioTechnology=14(LTE), mRilDataRadioTechnology=14(LTE), mCssIndicator=supported, mNetworkId=-1, mSystemId=-1, mCdmaRoamingIndicator=-1, mCdmaDefaultRoamingIndicator=-1, mIsEmergencyOnly=false, mIsDataRoamingFromRegistration=false, mIsUsingCarrierAggregation=false, mLteEarfcnRsrpBoost=0, mNetworkRegistrationStates=[]}
11-11 20:47:18.478 E/KeyguardUpdateMonitor( 2293): serviceState is null in handleServiceStateChange()
11-11 20:47:18.478 D/CarrierText( 2293): updateCarrierText(): 1
11-11 20:47:18.478 D/CarrierText( 2293): Handling (subId=1): READY 中国电信
11-11 20:47:18.478 D/CarrierText( 2293): SIM ready and in service: subId=1, ss={mVoiceRegState=0(IN_SERVICE), mDataRegState=0(IN_SERVICE), mChannelNumber=1823, duplexMode()=1, mCellBandwidths=[], mVoiceRoamingType=home, mDataRoamingType=home, mVoiceOperatorAlphaLong=中国电信, mVoiceOperatorAlphaShort=CT, mDataOperatorAlphaLong=中国电信, mDataOperatorAlphaShort=CT, isManualNetworkSelection=false(automatic), mRilVoiceRadioTechnology=14(LTE), mRilDataRadioTechnology=14(LTE), mCssIndicator=supported, mNetworkId=-1, mSystemId=-1, mCdmaRoamingIndicator=-1, mCdmaDefaultRoamingIndicator=-1, mIsEmergencyOnly=false, mIsDataRoamingFromRegistration=false, mIsUsingCarrierAggregation=false, mLteEarfcnRsrpBoost=0, mNetworkRegistrationStates=[]}
11-11 20:47:18.512 E/ThermalEngine(  792): vivo_thermal_parameter_config :VivoThermal:read type:1  buf: 1
11-11 20:47:18.512 E/ThermalEngine(  792):  
11-11 20:47:18.585 I/ConfigStore(  689): android::hardware::configstore::V1_0::ISurfaceFlingerConfigs::hasHDRDisplay retrieved: 0
11-11 20:47:18.637 I/TouchMotionHandler( 2673): start ContentCatcher
11-11 20:47:18.588 I/chatty  (  689): uid=1000(system) /system/bin/surfaceflinger identical 2 lines
11-11 20:47:18.589 I/ConfigStore(  689): android::hardware::configstore::V1_0::ISurfaceFlingerConfigs::hasHDRDisplay retrieved: 0
11-11 20:47:18.929 E/ANDR-PERF-MPCTL(  658): Invalid profile no. 0, total profiles 0 only
11-11 20:47:18.931 I/sensors-hal(  644): batch:140, android.sensor.accelerometer/28, period=20000000, max_latency=0
11-11 20:47:18.931 I/sensors-hal(  644): batch:149, android.sensor.accelerometer/28, period=20000000, max_latency=0 request completed
11-11 20:47:18.932 I/sensors-hal(  644): activate:107, android.sensor.accelerometer/28 en=1
11-11 20:47:18.932 I/sensors-hal(  644): ssc_enable_rt_task:295, ssc_enable_rt_task : true
11-11 20:47:18.937 I/sensors-hal(  644): activate:118, android.sensor.accelerometer/28 en=1 completed
11-11 20:47:18.939 W/OpenGLRenderer( 2673): Incorrectly called buildLayer on View: WorkspacePreview, destroying layer...
11-11 20:47:18.963 I/SurfaceFlinger(  689): FPS: 25
11-11 20:47:18.965 W/Settings( 2293): Setting airplane_mode_on has moved from android.provider.Settings.System to android.provider.Settings.Global, returning read-only value.
11-11 20:47:19.076 E/sensors-hal(  644): handle_sns_client_event:44, amd_sample: ts=171966761851607 ns; value = [1.000000]
11-11 20:47:19.338 V/GnssLocationProvider( 1488): GPM reportSvStatus
11-11 20:47:19.338 I/GnssLocationProvider( 1488): WakeLock released by handleMessage(REPORT_SV_STATUS, 0, com.android.server.location.GnssLocationProvider$SvStatusInfo@bc5ea4a)
11-11 20:47:19.340 I/GnssLocationProvider( 1488): WakeLock released by handleMessage(MSG_SV_REPORT, 7, 17)
11-11 20:47:19.398 E/sensors-hal(  644): handle_sns_client_event:44, amd_sample: ts=171967067167597 ns; value = [2.000000]
11-11 20:47:19.817 D/LocationAccessPolicy( 1488): isWhiteList: com.amap.android.location
11-11 20:47:19.817 E/LocationAccessPolicy( 1488): canAccessCellLocation in whitList. uid = 10033, pkgName = com.amap.android.location
11-11 20:47:19.826 D/LocationAccessPolicy( 2659): isWhiteList: com.amap.android.location
11-11 20:47:19.827 E/LocationAccessPolicy( 2659): canAccessCellLocation in whitList. uid = 10033, pkgName = com.amap.android.location
11-11 20:47:19.836 D/LocationAccessPolicy( 2659): isWhiteList: com.amap.android.location
11-11 20:47:19.837 E/LocationAccessPolicy( 2659): canAccessCellLocation in whitList. uid = 10033, pkgName = com.amap.android.location
11-11 20:47:19.852 D/LocationAccessPolicy( 2659): isWhiteList: com.amap.android.location
11-11 20:47:19.853 E/LocationAccessPolicy( 2659): canAccessCellLocation in whitList. uid = 10033, pkgName = com.amap.android.location
11-11 20:47:19.970 I/SurfaceFlinger(  689): FPS: 58
11-11 20:47:20.325 E/sensors-hal(  644): handle_sns_client_event:44, amd_sample: ts=171968002596191 ns; value = [1.000000]
11-11 20:47:20.343 V/GnssLocationProvider( 1488): GPM reportSvStatus
11-11 20:47:20.344 I/GnssLocationProvider( 1488): WakeLock released by handleMessage(REPORT_SV_STATUS, 0, com.android.server.location.GnssLocationProvider$SvStatusInfo@fe37dbb)
11-11 20:47:20.352 I/GnssLocationProvider( 1488): WakeLock released by handleMessage(MSG_SV_REPORT, 8, 19)
11-11 20:47:20.472 I//vendor/bin/hw/vendor.qti.hardware.servicetracker@1.0-service(  666): unbindService is called for service : com.vivo.pushservice/com.vivo.push.sdk.service.PushService and for client xin.banghua.beiyuan
11-11 20:47:20.472 I//vendor/bin/hw/vendor.qti.hardware.servicetracker@1.0-service(  666): size of service connections for service: com.vivo.pushservice/com.vivo.push.sdk.service.PushServiceafter removal is 0
11-11 20:47:20.472 I//vendor/bin/hw/vendor.qti.hardware.servicetracker@1.0-service(  666): size of client connections for client: xin.banghua.beiyuanafter removal is 1
11-11 20:47:20.673 E/ANDR-PERF-MPCTL(  658): Invalid profile no. 0, total profiles 0 only
11-11 20:47:20.754 E/ANDR-PERF-MPCTL(  658): Invalid profile no. 0, total profiles 0 only
11-11 20:47:20.832 V/PlayerBase(23400): baseRelease() piid=655 state=0
11-11 20:47:20.871 D/LocationAccessPolicy( 1488): isWhiteList: com.amap.android.location
11-11 20:47:20.872 E/LocationAccessPolicy( 1488): canAccessCellLocation in whitList. uid = 10033, pkgName = com.amap.android.location
11-11 20:47:20.880 D/LocationAccessPolicy( 2659): isWhiteList: com.amap.android.location
11-11 20:47:20.881 E/LocationAccessPolicy( 2659): canAccessCellLocation in whitList. uid = 10033, pkgName = com.amap.android.location
11-11 20:47:20.889 D/LocationAccessPolicy( 2659): isWhiteList: com.amap.android.location
11-11 20:47:20.889 E/LocationAccessPolicy( 2659): canAccessCellLocation in whitList. uid = 10033, pkgName = com.amap.android.location
11-11 20:47:20.905 D/LocationAccessPolicy( 2659): isWhiteList: com.amap.android.location
11-11 20:47:20.905 E/LocationAccessPolicy( 2659): canAccessCellLocation in whitList. uid = 10033, pkgName = com.amap.android.location
11-11 20:47:20.982 I/SurfaceFlinger(  689): FPS: 60
11-11 20:47:21.208 D/WindowManager( 1488): interceptKeyBeforeQueueing systemBooted = true
11-11 20:47:21.208 D/WindowManager( 1488): interceptKeyTq keycode=4 interactive=true keyguardActive=false policyFlags=2b000002
11-11 20:47:21.208 W/WindowManager( 1488): interceptKeyBeforeQueueingForVivo isGameRunning  = false ,keyguardActive = false ,lastDoubleKey = 0 ,keyCode = 4 ,down = true ,canceled = false
11-11 20:47:21.208 D/WindowManager( 1488): mGlobalPowerKeyTriggered = false mGlobalVolumeUpKeyTriggered = false mGlobalVolumeDownKeyTriggered = false mGlobalAiKeyTriggered = false
11-11 20:47:21.206 W/Binder:1488_1F( 1488): type=1400 audit(0.0:71172): avc: denied { read } for name="u:object_r:system_boot_reason_prop:s0" dev="tmpfs" ino=17915 scontext=u:r:system_server:s0 tcontext=u:object_r:system_boot_reason_prop:s0 tclass=file permissive=0
11-11 20:47:21.210 E/libc    ( 1488): Access denied finding property "sys.boot.reason"
11-11 20:47:21.210 D/WindowManager( 1488): checkBaseRequirement inJected : false
11-11 20:47:21.211 D/WindowManager( 1488): performHapticFeedbackLw = true ,effectId = 1
11-11 20:47:21.211 D/WindowManager( 1488): isPhicalHomeKey = false ,result = 1
11-11 20:47:21.212 I/WindowManager( 1488): process interceptKeyBeforeQueueing result = 1
11-11 20:47:21.213 D/WindowManager( 1488): interceptKeyTi keyCode=4 down=true repeatCount=0 keyguardOn=false mHomePressed=false canceled=false
11-11 20:47:21.213 D/WindowManager( 1488): intercept win = Window{2384bcf u0 com.bbk.launcher2/com.bbk.launcher2.Launcher}
11-11 20:47:21.216 D/WindowManager( 1488): intercept attrs = {(0,0)(fillxfill) sim={adjust=pan} layoutInDisplayCutoutMode=always ty=BASE_APPLICATION fmt=TRANSPARENT wanim=0x1030001
11-11 20:47:21.216 D/WindowManager( 1488):   fl=LAYOUT_IN_SCREEN LAYOUT_NO_LIMITS LAYOUT_INSET_DECOR SHOW_WALLPAPER SPLIT_TOUCH HARDWARE_ACCELERATED DRAWS_SYSTEM_BAR_BACKGROUNDS
11-11 20:47:21.216 D/WindowManager( 1488):   pfl=FORCE_DRAW_STATUS_BAR_BACKGROUND homeIndicatorState=-1 keepFullScreen=2 internalFlag=0x4000 preferedDisplay=0}
11-11 20:47:21.216 I/WindowManager( 1488): process interceptKeyBeforeDispatching ,let the application handle the key.
11-11 20:47:21.216 V/InputDispatcher( 1488): Asynchronous input event injection succeeded.
11-11 20:47:21.254 E/sensors-hal(  644): handle_sns_client_event:44, amd_sample: ts=171968937455826 ns; value = [2.000000]
11-11 20:47:21.305 D/WindowManager( 1488): interceptKeyBeforeQueueing systemBooted = true
11-11 20:47:21.305 D/WindowManager( 1488): interceptKeyTq keycode=4 interactive=true keyguardActive=false policyFlags=2b000002
11-11 20:47:21.305 W/WindowManager( 1488): interceptKeyBeforeQueueingForVivo isGameRunning  = false ,keyguardActive = false ,lastDoubleKey = 0 ,keyCode = 4 ,down = false ,canceled = false
11-11 20:47:21.305 D/WindowManager( 1488): mGlobalPowerKeyTriggered = false mGlobalVolumeUpKeyTriggered = false mGlobalVolumeDownKeyTriggered = false mGlobalAiKeyTriggered = false
11-11 20:47:21.296 W/Binder:1488_1F( 1488): type=1400 audit(0.0:71173): avc: denied { read } for name="u:object_r:system_boot_reason_prop:s0" dev="tmpfs" ino=17915 scontext=u:r:system_server:s0 tcontext=u:object_r:system_boot_reason_prop:s0 tclass=file permissive=0
11-11 20:47:21.305 E/libc    ( 1488): Access denied finding property "sys.boot.reason"
11-11 20:47:21.306 D/WindowManager( 1488): checkBaseRequirement inJected : false
11-11 20:47:21.306 D/WindowManager( 1488): isPhicalHomeKey = false ,result = 1
11-11 20:47:21.306 I/WindowManager( 1488): process interceptKeyBeforeQueueing result = 1
11-11 20:47:21.306 D/WindowManager( 1488): interceptKeyTi keyCode=4 down=false repeatCount=0 keyguardOn=false mHomePressed=false canceled=false
11-11 20:47:21.306 D/WindowManager( 1488): intercept win = Window{2384bcf u0 com.bbk.launcher2/com.bbk.launcher2.Launcher}
11-11 20:47:21.309 D/WindowManager( 1488): intercept attrs = {(0,0)(fillxfill) sim={adjust=pan} layoutInDisplayCutoutMode=always ty=BASE_APPLICATION fmt=TRANSPARENT wanim=0x1030001
11-11 20:47:21.309 D/WindowManager( 1488):   fl=LAYOUT_IN_SCREEN LAYOUT_NO_LIMITS LAYOUT_INSET_DECOR SHOW_WALLPAPER SPLIT_TOUCH HARDWARE_ACCELERATED DRAWS_SYSTEM_BAR_BACKGROUNDS
11-11 20:47:21.309 D/WindowManager( 1488):   pfl=FORCE_DRAW_STATUS_BAR_BACKGROUND homeIndicatorState=-1 keepFullScreen=2 internalFlag=0x4000 preferedDisplay=0}
11-11 20:47:21.309 I/WindowManager( 1488): process interceptKeyBeforeDispatching ,let the application handle the key.
11-11 20:47:21.309 V/InputDispatcher( 1488): Asynchronous input event injection succeeded.
11-11 20:47:21.314 I/sensors-hal(  644): activate:107, android.sensor.accelerometer/28 en=0
11-11 20:47:21.317 I/sensors-hal(  644): activate:118, android.sensor.accelerometer/28 en=0 completed
11-11 20:47:21.322 W/OpenGLRenderer( 2673): Incorrectly called buildLayer on View: BBKAnimIndicator, destroying layer...
11-11 20:47:21.337 V/GnssLocationProvider( 1488): GPM reportSvStatus
11-11 20:47:21.337 I/GnssLocationProvider( 1488): WakeLock released by handleMessage(REPORT_SV_STATUS, 0, com.android.server.location.GnssLocationProvider$SvStatusInfo@7806116)
11-11 20:47:21.338 I/GnssLocationProvider( 1488): WakeLock released by handleMessage(MSG_SV_REPORT, 9, 19)
11-11 20:47:21.437 V/APM_AudioPolicyManager(  687): AudioPolicyManager:setRecordSilenced(uid:10048, silenced:1)
11-11 20:47:21.437 V/AudioFlinger(  687): AudioFlinger::setRecordSilenced(uid:10048, silenced:1)
11-11 20:47:21.513 E/ThermalEngine(  792): vivo_thermal_parameter_config :VivoThermal:read type:1  buf: 1
11-11 20:47:21.513 E/ThermalEngine(  792):  
11-11 20:47:21.898 I/ConfigStore(  689): android::hardware::configstore::V1_0::ISurfaceFlingerConfigs::hasHDRDisplay retrieved: 0
11-11 20:47:21.900 I/chatty  (  689): uid=1000(system) /system/bin/surfaceflinger identical 2 lines
11-11 20:47:21.900 I/ConfigStore(  689): android::hardware::configstore::V1_0::ISurfaceFlingerConfigs::hasHDRDisplay retrieved: 0
11-11 20:47:21.983 D/SogouIME( 5131): SogouIME mHandler = 108
11-11 20:47:21.984 D/SogouIME( 5131): SogouIME mHandler = 24
11-11 20:47:22.216 I/SurfaceFlinger(  689): FPS: 52
11-11 20:47:22.237 I/chatty  ( 2673): uid=10115(com.bbk.launcher2) identical 1 line
11-11 20:47:22.337 V/GnssLocationProvider( 1488): GPM reportSvStatus
11-11 20:47:22.337 I/GnssLocationProvider( 1488): WakeLock released by handleMessage(REPORT_SV_STATUS, 0, com.android.server.location.GnssLocationProvider$SvStatusInfo@c423a97)
11-11 20:47:22.338 I/GnssLocationProvider( 1488): WakeLock released by handleMessage(MSG_SV_REPORT, 10, 20)
11-11 20:47:22.527 E/sensors-hal(  644): handle_sns_client_event:44, amd_sample: ts=171970169882805 ns; value = [1.000000]
11-11 20:47:22.998 I/ConfigStore(  689): android::hardware::configstore::V1_0::ISurfaceFlingerConfigs::hasHDRDisplay retrieved: 0
11-11 20:47:23.000 I/chatty  (  689): uid=1000(system) /system/bin/surfaceflinger identical 2 lines
11-11 20:47:23.000 I/ConfigStore(  689): android::hardware::configstore::V1_0::ISurfaceFlingerConfigs::hasHDRDisplay retrieved: 0
11-11 20:47:23.248 E/ANDR-PERF-MPCTL(  658): Invalid profile no. 0, total profiles 0 only
11-11 20:47:23.281 I/SurfaceFlinger(  689): FPS: 44
11-11 20:47:23.289 E/ANDR-PERF-MPCTL(  658): Invalid profile no. 0, total profiles 0 only
11-11 20:47:23.339 V/GnssLocationProvider( 1488): GPM reportSvStatus
11-11 20:47:23.339 I/GnssLocationProvider( 1488): WakeLock released by handleMessage(REPORT_SV_STATUS, 0, com.android.server.location.GnssLocationProvider$SvStatusInfo@dd72484)
11-11 20:47:23.341 I/GnssLocationProvider( 1488): WakeLock released by handleMessage(MSG_SV_REPORT, 12, 20)
11-11 20:47:23.385 E/sensors-hal(  644): handle_sns_client_event:44, amd_sample: ts=171971032778482 ns; value = [2.000000]
11-11 20:47:23.611 D/SogouIME( 5131): SogouIME mHandler = 128
11-11 20:47:24.115 I/ConfigStore(  689): android::hardware::configstore::V1_0::ISurfaceFlingerConfigs::hasHDRDisplay retrieved: 0
11-11 20:47:24.117 I/chatty  (  689): uid=1000(system) /system/bin/surfaceflinger identical 2 lines
11-11 20:47:24.117 I/ConfigStore(  689): android::hardware::configstore::V1_0::ISurfaceFlingerConfigs::hasHDRDisplay retrieved: 0
11-11 20:47:24.182 D/ActivityManager( 1488): StartMode packageName = com.vivo.doubletimezoneclock ,callingPid = -1 ,alwaysRestrict = true ,startMode = 2 ,UidRec:UidRecord{9dbd94e u0a141 TOP  change:uncached procs:1 seq(0,0,0)}
11-11 20:47:24.190 D/ActivityManager( 1488): StartMode packageName = com.vivo.puresearch ,callingPid = -1 ,alwaysRestrict = true ,startMode = 2 ,UidRec:UidRecord{d69f838 u0a134 TOP  change:uncached procs:1 seq(0,0,0)}
11-11 20:47:24.225 D/ActivityManager( 1488): StartMode packageName = com.vivo.weather.provider ,callingPid = -1 ,alwaysRestrict = true ,startMode = 2 ,UidRec:UidRecord{2ce0848 u0a90 SVC  bg:+3m59s897ms idle change:idle procs:1 seq(0,0,0)}
11-11 20:47:24.233 V/APM_AudioPolicyManager(  687): AudioPolicyManager:setRecordSilenced(uid:10090, silenced:0)
11-11 20:47:24.233 V/AudioFlinger(  687): AudioFlinger::setRecordSilenced(uid:10090, silenced:0)
11-11 20:47:24.234 I//vendor/bin/hw/vendor.qti.hardware.servicetracker@1.0-service(  666): bindService is called for service : com.vivo.weather.provider/.dataParse.WeatherHandleJobService and for client system
11-11 20:47:24.234 I//vendor/bin/hw/vendor.qti.hardware.servicetracker@1.0-service(  666): total connections for service : com.vivo.weather.provider/.dataParse.WeatherHandleJobServiceare :1
11-11 20:47:24.234 I//vendor/bin/hw/vendor.qti.hardware.servicetracker@1.0-service(  666): total connections for client : systemare :22
11-11 20:47:24.237 I//vendor/bin/hw/vendor.qti.hardware.servicetracker@1.0-service(  666): startService() is called for servicecom.vivo.weather.provider/.dataParse.WeatherHandleJobService
11-11 20:47:24.272 I//vendor/bin/hw/vendor.qti.hardware.servicetracker@1.0-service(  666): bindService is called for service : com.vivo.weather.provider/.LocalCityLocateJobService and for client system
11-11 20:47:24.272 I//vendor/bin/hw/vendor.qti.hardware.servicetracker@1.0-service(  666): total connections for service : com.vivo.weather.provider/.LocalCityLocateJobServiceare :1
11-11 20:47:24.272 I//vendor/bin/hw/vendor.qti.hardware.servicetracker@1.0-service(  666): total connections for client : systemare :23
11-11 20:47:24.280 I//vendor/bin/hw/vendor.qti.hardware.servicetracker@1.0-service(  666): startService() is called for servicecom.vivo.weather.provider/.LocalCityLocateJobService
11-11 20:47:24.287 E/ANDR-PERF-MPCTL(  658): Invalid profile no. 0, total profiles 0 only
11-11 20:47:24.289 I//vendor/bin/hw/vendor.qti.hardware.servicetracker@1.0-service(  666): unbindService is called for service : com.vivo.weather.provider/.dataParse.WeatherHandleJobService and for client system
11-11 20:47:24.289 I//vendor/bin/hw/vendor.qti.hardware.servicetracker@1.0-service(  666): size of service connections for service: com.vivo.weather.provider/.dataParse.WeatherHandleJobServiceafter removal is 0
11-11 20:47:24.289 I//vendor/bin/hw/vendor.qti.hardware.servicetracker@1.0-service(  666): size of client connections for client: systemafter removal is 22
11-11 20:47:24.289 I//vendor/bin/hw/vendor.qti.hardware.servicetracker@1.0-service(  666): destroyService is called for service : com.vivo.weather.provider/.dataParse.WeatherHandleJobService
11-11 20:47:24.295 I/ActivityManager( 1488): START u0 {act=android.intent.action.MAIN cat=[android.intent.category.LAUNCHER] flg=0x30200000 cmp=com.android.settings/.Settings bnds=[363,664][527,829] (has extras)} from uid 10115
11-11 20:47:24.295 I/ActivityManager( 1488): send message.
11-11 20:47:24.296 W/ContextImpl( 2591): Calling a method in the system process without a qualified user: android.app.ContextImpl.bindService:1645 android.content.ContextWrapper.bindService:698 com.vivo.daemonService.i.a.a:38 com.vivo.daemonService.i.a.a:62 com.vivo.daemonService.IqooSecure.SoftwareLockService$a.activityStarting:2081 
11-11 20:47:24.297 W/ActivityManager( 1488): Unable to start service Intent { act=com.vivo.thirdappbehavior.ThirdAppBehaviorService pkg=com.vivo.abe } U=0: not found
11-11 20:47:24.297 I/ActivityManager( 1488): remove message.
11-11 20:47:24.298 I/ActivityManager( 1488): send message.
11-11 20:47:24.298 I/SurfaceFlinger(  689): FPS: 50
11-11 20:47:24.298 I/ActivityManager( 1488): remove message.
11-11 20:47:24.309 V/ActivityManager( 1488): setActivityType ActivityRecord{5f13bc6 u0 com.android.settings/.Settings d-1 s-1 t-1} packageName=com.android.settings realActivity=com.android.settings/.Settings info.resizeMode=0
11-11 20:47:24.309 I/ActivityManager( 1488): Start ActivityRecord{5f13bc6 u0 com.android.settings/.Settings d-1 s-1 t-1} caller=com.bbk.launcher2 called=com.android.settings calledClass=com.android.settings.Settings
11-11 20:47:24.311 E/ANDR-PERF-LM(  658): PreKillAction: updateAppServices() 369: AppName = com.android.settings, service Name = com.android.bluetooth/.a2dp.A2dpService service PID = -1
11-11 20:47:24.311 E/ANDR-PERF-LM(  658): PreKillAction: updateAppServices() 369: AppName = com.android.settings, service Name =  service PID = -1
11-11 20:47:24.312 I/chatty  (  658): uid=0(root) PreKillActionT identical 9 lines
11-11 20:47:24.312 E/ANDR-PERF-LM(  658): PreKillAction: updateAppServices() 369: AppName = com.android.settings, service Name =  service PID = -1
11-11 20:47:24.312 E/ANDR-PERF-LM(  658): PreKillAction: updateAppServices() 371: inRAMServiceSet size for AppName = com.android.settings is 0
11-11 20:47:24.312 E/ANDR-PERF-LM(  658): PreKillAction: applyAction() 459: (appName,hintID,memoryToGenerate,memoryGenerated, surplusMemory) = (com.android.settings ,4225, 0.000000, 0.000000, 0.000000)
11-11 20:47:24.312 E/ANDR-PERF-LM(  658): PreKillAction: applyAction() 471: (Service - appName,hintID,memoryToGenerate,memoryGenerated, surplusServiceMemory) = (com.android.settings ,4225, 0.000000, 0.000000, 0.000000)
11-11 20:47:24.312 E/ANDR-PERF-JNI( 1488): com_qualcomm_qtiperformance_native_perf_io_prefetch_start
11-11 20:47:24.312 E/ANDR-IOP(  657): IOP HAL: Received pkg_name = com.android.settings pid = -1
11-11 20:47:24.313 E/ANDR-IOP(  657): io prefetch is disabled
11-11 20:47:24.322 W/ActivityManager( 1488): vivo occlude resumeTop canOccclude = false next.occlude = false
11-11 20:47:24.323 D/ActivityTrigger( 1488): ActivityTrigger activityPauseTrigger 
11-11 20:47:24.329 I//vendor/bin/hw/vendor.qti.hardware.servicetracker@1.0-service(  666): unbindService is called for service : com.vivo.weather.provider/.LocalCityLocateJobService and for client system
11-11 20:47:24.329 I//vendor/bin/hw/vendor.qti.hardware.servicetracker@1.0-service(  666): size of service connections for service: com.vivo.weather.provider/.LocalCityLocateJobServiceafter removal is 0
11-11 20:47:24.329 I//vendor/bin/hw/vendor.qti.hardware.servicetracker@1.0-service(  666): size of client connections for client: systemafter removal is 21
11-11 20:47:24.330 E/BackgroundFallback( 1488): initVivoBgFallback callstackcom.android.internal.policy.DecorView.<init>:388 com.android.internal.policy.PhoneWindow.generateDecor:2446 com.android.internal.policy.PhoneWindow.installDecor:2825 com.android.internal.policy.PhoneWindow.getDecorView:2188 com.android.server.policy.PhoneWindowManager.addSplashScreen:4101 com.android.server.wm.SplashScreenStartingData.createStartingSurface:56 com.android.server.wm.AppWindowContainerController$1.run:168 android.os.Handler.handleCallback:873 android.os.Handler.dispatchMessage:99 android.os.Looper.loop:224 
11-11 20:47:24.331 I//vendor/bin/hw/vendor.qti.hardware.servicetracker@1.0-service(  666): destroyService is called for service : com.vivo.weather.provider/.LocalCityLocateJobService
11-11 20:47:24.333 W/WindowManager( 1488): Failed looking up window callers=com.android.server.wm.VivoBaseWindowManagerService.adjustDisplayIdForWindow:784 com.android.server.wm.WindowManagerService.addWindow:1438 com.android.server.wm.Session.addToDisplay:208 
11-11 20:47:24.337 D/LocSvc_HIDL_IzatProvider_jni( 1488): Provider Type: 2; Num Updates: 2147483647; Interval: 1800000Displacement: 0.000000; Accuracy: 1
11-11 20:47:24.337 V/LocSvc_HIDL_IzatProvider_jni( 1488): [onAddRequest][165] [HC] =>> [HS]
11-11 20:47:24.337 V/LocSvc_HIDL_IzatProvider(  654): [onAddRequest][195] [HS] <<<<= [HC]
11-11 20:47:24.338 V/GnssLocationProvider( 1488): GPM reportSvStatus
11-11 20:47:24.338 I/GnssLocationProvider( 1488): WakeLock released by handleMessage(REPORT_SV_STATUS, 0, com.android.server.location.GnssLocationProvider$SvStatusInfo@c3a759b)
11-11 20:47:24.339 I/GnssLocationProvider( 1488): WakeLock released by handleMessage(MSG_SV_REPORT, 12, 19)
11-11 20:47:24.342 V/LocSvc_HIDL_OsNpGlue_jni( 1488): [onSetRequest][60] [HC] <<= [HS]
11-11 20:47:24.342 I/NpProxy ( 1488): handleMessage what - 3
11-11 20:47:24.342 D/NpProxy-VSNS( 1488): setRequestVSNS nlpId:NLP_INDEX_DOMESTIC, request:ProviderRequest[ON interval=+30m0s0ms lowPowerMode=false], WorkSource{10090 com.vivo.weather.provider}
11-11 20:47:24.343 E/sensors-hal(  644): handle_sns_client_event:44, amd_sample: ts=171971987864368 ns; value = [1.000000]
11-11 20:47:24.344 I/TouchMotionHandler( 1488): handler onAttached
11-11 20:47:24.345 I/GnssLocationProvider( 1488): WakeLock released by handleMessage(REPORT_LOCATION, 1, Location[gps 32.180845,118.590592 hAcc=39 et=+1d23h46m12s85ms alt=24.765625 vel=0.0 vAcc=32 sAcc=1 bAcc=??? {Bundle[{satellites=0, maxCn0=0, meanCn0=0}]}])
11-11 20:47:24.357 D/LauncherOverlayManager( 2673): onPause
11-11 20:47:24.358 W/ActivityManager( 1488): vivo occlude resumeTop canOccclude = false next.occlude = false
11-11 20:47:24.360 I/NpProxy ( 1488): handleMessage what - 4
11-11 20:47:24.360 D/LocationAccessPolicy( 2659): isWhiteList: com.amap.android.location
11-11 20:47:24.360 V/LocSvc_HIDL_OsNpGlue_jni( 1488): [onJavaLocationChanged][180] [HC] =>> [HS]
11-11 20:47:24.361 V/LocSvc_HIDL_IzatOsNpGlue(  654): [locationChanged][95] [HS] <<<<= [HC]
11-11 20:47:24.361 V/LocSvc_HIDL_IzatProvider(  654): [onLocationChanged][72] [HS] =>>>> [HC]
11-11 20:47:24.362 V/LocSvc_HIDL_IzatProvider_jni( 1488): [onLocationChanged][218] [HC] <<= [HS]
11-11 20:47:24.362 I/ActivityManager( 1488): The Process com.android.settings Already Exists in BG. So sending its PID: 21692
11-11 20:47:24.362 D/RMS-PreloadedAppRecordMgr( 1488): setNeedKeepQuiet pid=21692,uid=1000,keepQuiet=false
11-11 20:47:24.365 E/        (  689): IProducerListener: malformed binder reply
11-11 20:47:24.367 E/LocationAccessPolicy( 2659): canAccessCellLocation in whitList. uid = 10033, pkgName = com.amap.android.location
11-11 20:47:24.370 W/ActivityThread(21692): handleWindowVisibility: no activity for token android.os.BinderProxy@6a805b
11-11 20:47:24.374 D/LocationService(23400): 定位地址：纬度32.178600|经度：118.595609
11-11 20:47:24.374 D/SharedHelper(23400): readUserInfo: 读取的用户名{userPortrait=https://moyuanoss.oss-cn-shanghai.aliyuncs.com/images/34/2020/02/HZD8Y27PIaYR9iYD3TD2d7yD06bB78.jpg, userRegion=北京-北京, userProperty=Z, userGender=男, userNickName=找人, userID=51527, userAge=18}
11-11 20:47:24.378 I/LocationManagerService( 1488): getFromLocation latitude:32.180663 uid:10090 pid:20445
11-11 20:47:24.381 D/LocationAccessPolicy( 2659): isWhiteList: com.amap.android.location
11-11 20:47:24.382 E/LocationAccessPolicy( 2659): canAccessCellLocation in whitList. uid = 10033, pkgName = com.amap.android.location
11-11 20:47:24.391 I/FaceDetectService( 1488): notifyFaceDetectKeyHandler action: 17
