11-11 20:47:35.053 W/Settings( 2293): Setting airplane_mode_on has moved from android.provider.Settings.System to android.provider.Settings.Global, returning read-only value.
11-11 20:47:35.081 I/ConfigStore(  689): android::hardware::configstore::V1_0::ISurfaceFlingerConfigs::hasHDRDisplay retrieved: 0
11-11 20:47:35.081 I/chatty  (  689): uid=1000(system) /system/bin/surfaceflinger identical 1 line
11-11 20:47:35.081 I/ConfigStore(  689): android::hardware::configstore::V1_0::ISurfaceFlingerConfigs::hasHDRDisplay retrieved: 0
11-11 20:47:35.087 D/SogouIME( 5131): SogouIME mHandler = 108
11-11 20:47:35.087 D/SogouIME( 5131): SogouIME mHandler = 24
11-11 20:47:35.158 E/ANDR-PERF-MPCTL(  658): Invalid profile no. 0, total profiles 0 only
11-11 20:47:35.282 I/SurfaceFlinger(  689): FPS: 39
11-11 20:47:35.297 E/sensors-hal(  644): handle_sns_client_event:44, amd_sample: ts=171982942016138 ns; value = [1.000000]
11-11 20:47:35.397 E/sensors-hal(  644): handle_sns_client_event:44, amd_sample: ts=171983085993222 ns; value = [2.000000]
11-11 20:47:35.648 E/ANDR-PERF-MPCTL(  658): Invalid profile no. 0, total profiles 0 only
11-11 20:47:36.052 W/Settings( 2293): Setting airplane_mode_on has moved from android.provider.Settings.System to android.provider.Settings.Global, returning read-only value.
11-11 20:47:36.082 I/ConfigStore(  689): android::hardware::configstore::V1_0::ISurfaceFlingerConfigs::hasHDRDisplay retrieved: 0
11-11 20:47:36.083 I/chatty  (  689): uid=1000(system) /system/bin/surfaceflinger identical 1 line
11-11 20:47:36.083 I/ConfigStore(  689): android::hardware::configstore::V1_0::ISurfaceFlingerConfigs::hasHDRDisplay retrieved: 0
11-11 20:47:36.344 V/GnssLocationProvider( 1488): GPM reportSvStatus
11-11 20:47:36.345 I/GnssLocationProvider( 1488): WakeLock released by handleMessage(REPORT_SV_STATUS, 0, com.android.server.location.GnssLocationProvider$SvStatusInfo@79ab50e)
11-11 20:47:36.353 I/SurfaceFlinger(  689): FPS: 45
11-11 20:47:36.360 I/GnssLocationProvider( 1488): WakeLock released by handleMessage(MSG_SV_REPORT, 2, 0)
11-11 20:47:36.519 E/ThermalEngine(  792): vivo_thermal_parameter_config :VivoThermal:read type:1  buf: 1
11-11 20:47:36.519 E/ThermalEngine(  792):  
11-11 20:47:36.761 E/sensors-hal(  644): handle_sns_client_event:44, amd_sample: ts=171984419431972 ns; value = [1.000000]
11-11 20:47:36.767 I/ActivityManager( 1488): START u0 {flg=0x8000 cmp=com.android.settings/.Settings$GeneralSettingsActivity (has extras)} from uid 1000
11-11 20:47:36.767 I/ActivityManager( 1488): send message.
11-11 20:47:36.770 W/ContextImpl( 2591): Calling a method in the system process without a qualified user: android.app.ContextImpl.bindService:1645 android.content.ContextWrapper.bindService:698 com.vivo.daemonService.i.a.a:38 com.vivo.daemonService.i.a.a:62 com.vivo.daemonService.IqooSecure.SoftwareLockService$a.activityStarting:2081 
11-11 20:47:36.771 W/ActivityManager( 1488): Unable to start service Intent { act=com.vivo.thirdappbehavior.ThirdAppBehaviorService pkg=com.vivo.abe } U=0: not found
11-11 20:47:36.771 I/ActivityManager( 1488): remove message.
11-11 20:47:36.771 I/ActivityManager( 1488): send message.
11-11 20:47:36.772 I/ActivityManager( 1488): remove message.
11-11 20:47:36.773 V/ActivityManager( 1488): setActivityType ActivityRecord{6dd8b2f u0 com.android.settings/.Settings$GeneralSettingsActivity d-1 s-1 t-1} packageName=com.android.settings realActivity=com.android.settings/.Settings$GeneralSettingsActivity info.resizeMode=0
11-11 20:47:36.775 E/ANDR-PERF-MPCTL(  658): Invalid profile no. 0, total profiles 0 only
11-11 20:47:36.785 W/ActivityManager( 1488): vivo occlude resumeTop canOccclude = false next.occlude = false
11-11 20:47:36.785 D/ActivityTrigger( 1488): ActivityTrigger activityPauseTrigger 
11-11 20:47:36.792 D/ConnectivityService( 1488): releasing NetworkRequest [ LISTEN id=80, [ Uid: 1000] ] (release request)
11-11 20:47:36.793 W/ActivityManager( 1488): vivo occlude resumeTop canOccclude = false next.occlude = false
11-11 20:47:36.795 I/ActivityManager( 1488): The Process com.android.settings Already Exists in BG. So sending its PID: 21692
11-11 20:47:36.795 D/RMS-PreloadedAppRecordMgr( 1488): setNeedKeepQuiet pid=21692,uid=1000,keepQuiet=false
11-11 20:47:36.801 I/FaceDetectService( 1488): notifyFaceDetectKeyHandler action: 17
11-11 20:47:36.804 I/ActivityWatcher( 1488): activity state: 1
11-11 20:47:36.810 W/ActivityThread(21692): handleWindowVisibility: no activity for token android.os.BinderProxy@5ed62b1
11-11 20:47:36.951 V/NFC     (21692): this device does not have NFC support
11-11 20:47:36.957 I/android_os_HwBinder(21692): HwBinder: Starting thread pool for default::vendor.vivo.hardware.configstore@1.0::IVivoConfigStore
11-11 20:47:37.078 D/ConnectivityService( 1488): requestNetwork for uid/pid:1000/21692 NetworkRequest [ TRACK_DEFAULT id=81, [ Capabilities: INTERNET&NOT_RESTRICTED&TRUSTED Unwanted:  Uid: 1000] ]
11-11 20:47:37.079 D/ConnectivityService( 1488): rematching NetworkInfo [MOBILE (LTE) - 105]
11-11 20:47:37.079 D/ConnectivityService( 1488):  network has: [ Transports: CELLULAR Capabilities: SUPL&DUN&IA&INTERNET&NOT_RESTRICTED&TRUSTED&NOT_VPN&VALIDATED&NOT_ROAMING&FOREGROUND&NOT_CONGESTED&NOT_SUSPENDED Unwanted:  LinkDnBandwidth>=5416Kbps Specifier: <1>]
11-11 20:47:37.080 D/ConnectivityService( 1488):   checking if request is satisfied: NetworkRequest [ TRACK_DEFAULT id=81, [ Capabilities: INTERNET&NOT_RESTRICTED&TRUSTED Unwanted:  Uid: 1000] ]
11-11 20:47:37.080 D/ConnectivityService( 1488): currentScore = 0, newScore = 50
11-11 20:47:37.080 D/ConnectivityService( 1488): rematch for NetworkInfo [MOBILE (LTE) - 105]
11-11 20:47:37.080 D/ConnectivityService( 1488):    accepting network in place of null
11-11 20:47:37.080 D/ConnectivityService( 1488): sending new Min Network Score(50): NetworkRequest [ TRACK_DEFAULT id=81, [ Capabilities: INTERNET&NOT_RESTRICTED&TRUSTED Unwanted:  Uid: 1000] ]
11-11 20:47:37.081 D/WIFI_UT ( 1488): got request NetworkRequest [ TRACK_DEFAULT id=81, [ Capabilities: INTERNET&NOT_RESTRICTED&TRUSTED Unwanted:  Uid: 1000] ] with score 50
11-11 20:47:37.082 W/WindowManager( 1488): Failed looking up window callers=com.android.server.wm.VivoBaseWindowManagerService.adjustDisplayIdForWindow:784 com.android.server.wm.WindowManagerService.addWindow:1438 com.android.server.wm.Session.addToDisplay:208 
11-11 20:47:37.082 D/PhoneSwitcherNetworkRequstListener( 2659): got request NetworkRequest [ TRACK_DEFAULT id=81, [ Capabilities: INTERNET&NOT_RESTRICTED&TRUSTED Unwanted:  Uid: 1000] ] with score 50
11-11 20:47:37.082 D/Ethernet( 1488): got request NetworkRequest [ TRACK_DEFAULT id=81, [ Capabilities: INTERNET&NOT_RESTRICTED&TRUSTED Unwanted:  Uid: 1000] ] with score 50
11-11 20:47:37.086 D/WIFI    ( 1488): got request NetworkRequest [ TRACK_DEFAULT id=81, [ Capabilities: INTERNET&NOT_RESTRICTED&TRUSTED Unwanted:  Uid: 1000] ] with score 50
11-11 20:47:37.087 D/ConnectivityService( 1488): Network NetworkInfo [MOBILE (LTE) - 105] was already satisfying request 11. No change.
11-11 20:47:37.088 D/ConnectivityService( 1488): Network NetworkInfo [MOBILE (LTE) - 105] was already satisfying request 7. No change.
11-11 20:47:37.089 D/ConnectivityService( 1488): Network NetworkInfo [MOBILE (LTE) - 105] was already satisfying request 14. No change.
11-11 20:47:37.089 D/ConnectivityService( 1488):   checking if request is satisfied: NetworkRequest [ REQUEST id=16, [ Transports: CELLULAR Capabilities: IMS&TRUSTED&NOT_VPN Unwanted:  Specifier: <1> Uid: 1000] ]
11-11 20:47:37.090 D/ConnectivityService( 1488): Network NetworkInfo [MOBILE (LTE) - 105] was already satisfying request 1. No change.
11-11 20:47:37.090 I/ActivityWatcher( 1488): activity state: 0
11-11 20:47:37.092 D/ConnectivityService( 1488): sending notification CALLBACK_AVAILABLE for NetworkRequest [ TRACK_DEFAULT id=81, [ Capabilities: INTERNET&NOT_RESTRICTED&TRUSTED Unwanted:  Uid: 1000] ]
11-11 20:47:37.092 D/ConnectivityService( 1488): isWifiPoorLink:false, nai.everValidated:true, networkType:0, networkDetailedState:CONNECTED, nai.isLingering():false, unneeded(nai, UnneededFor.TEARDOWN):false
11-11 20:47:37.092 D/ConnectivityService( 1488): rematching NetworkInfo [MOBILE (LTE) - 100]
11-11 20:47:37.092 D/ConnectivityService( 1488):  network has: [ Transports: CELLULAR Capabilities: IMS&NOT_METERED&TRUSTED&NOT_VPN&VALIDATED&NOT_ROAMING&FOREGROUND&NOT_CONGESTED&NOT_SUSPENDED Unwanted:  LinkDnBandwidth>=5416Kbps Specifier: <1>]
11-11 20:47:37.092 D/ConnectivityService( 1488):   checking if request is satisfied: NetworkRequest [ TRACK_DEFAULT id=81, [ Capabilities: INTERNET&NOT_RESTRICTED&TRUSTED Unwanted:  Uid: 1000] ]
11-11 20:47:37.092 D/ConnectivityService( 1488):   checking if request is satisfied: NetworkRequest [ TRACK_DEFAULT id=11, [ Capabilities: INTERNET&NOT_RESTRICTED&TRUSTED Unwanted:  Uid: 1000] ]
11-11 20:47:37.093 D/ConnectivityService( 1488):   checking if request is satisfied: NetworkRequest [ TRACK_DEFAULT id=7, [ Capabilities: INTERNET&NOT_RESTRICTED&TRUSTED Unwanted:  Uid: 1000] ]
11-11 20:47:37.093 D/ConnectivityService( 1488):   checking if request is satisfied: NetworkRequest [ TRACK_DEFAULT id=14, [ Capabilities: INTERNET&NOT_RESTRICTED&TRUSTED Unwanted:  Uid: 10027] ]
11-11 20:47:37.093 D/ConnectivityService( 1488): Network NetworkInfo [MOBILE (LTE) - 100] was already satisfying request 16. No change.
11-11 20:47:37.093 D/ConnectivityService( 1488):   checking if request is satisfied: NetworkRequest [ REQUEST id=1, [ Capabilities: INTERNET&NOT_RESTRICTED&TRUSTED&NOT_VPN Unwanted: ] ]
11-11 20:47:37.093 D/ConnectivityService( 1488): isWifiPoorLink:false, nai.everValidated:true, networkType:0, networkDetailedState:CONNECTED, nai.isLingering():false, unneeded(nai, UnneededFor.TEARDOWN):false
11-11 20:47:37.097 I/TouchMotionHandler(21692): handler onAttached
11-11 20:47:37.105 I/FaceDetectService( 1488): notifyFaceDetectKeyHandler action: 17
11-11 20:47:37.109 E/        (  689): IProducerListener: malformed binder reply
11-11 20:47:37.164 D/SogouIME( 5131): SogouIME mHandler = 98
11-11 20:47:37.338 V/GnssLocationProvider( 1488): GPM reportSvStatus
11-11 20:47:37.338 I/GnssLocationProvider( 1488): WakeLock released by handleMessage(REPORT_SV_STATUS, 0, com.android.server.location.GnssLocationProvider$SvStatusInfo@204d0f)
11-11 20:47:37.339 I/GnssLocationProvider( 1488): WakeLock released by handleMessage(MSG_SV_REPORT, 6, 18)
11-11 20:47:37.364 I/SurfaceFlinger(  689): FPS: 34
11-11 20:47:37.486 D/ActivityTrigger( 1488): ActivityTrigger activityStopTrigger 
11-11 20:47:37.596 I/ConfigStore(  689): android::hardware::configstore::V1_0::ISurfaceFlingerConfigs::hasHDRDisplay retrieved: 0
11-11 20:47:37.597 I/chatty  (  689): uid=1000(system) /system/bin/surfaceflinger identical 1 line
11-11 20:47:37.597 I/ConfigStore(  689): android::hardware::configstore::V1_0::ISurfaceFlingerConfigs::hasHDRDisplay retrieved: 0
11-11 20:47:37.890 D/LocationAccessPolicy( 1488): isWhiteList: com.amap.android.location
11-11 20:47:37.890 E/LocationAccessPolicy( 1488): canAccessCellLocation in whitList. uid = 10033, pkgName = com.amap.android.location
11-11 20:47:37.899 D/LocationAccessPolicy( 2659): isWhiteList: com.amap.android.location
11-11 20:47:37.899 E/LocationAccessPolicy( 2659): canAccessCellLocation in whitList. uid = 10033, pkgName = com.amap.android.location
11-11 20:47:37.907 D/LocationAccessPolicy( 2659): isWhiteList: com.amap.android.location
11-11 20:47:37.908 E/LocationAccessPolicy( 2659): canAccessCellLocation in whitList. uid = 10033, pkgName = com.amap.android.location
11-11 20:47:37.923 D/LocationAccessPolicy( 2659): isWhiteList: com.amap.android.location
11-11 20:47:37.924 E/LocationAccessPolicy( 2659): canAccessCellLocation in whitList. uid = 10033, pkgName = com.amap.android.location
11-11 20:47:38.338 V/GnssLocationProvider( 1488): GPM reportSvStatus
11-11 20:47:38.338 I/GnssLocationProvider( 1488): WakeLock released by handleMessage(REPORT_SV_STATUS, 0, com.android.server.location.GnssLocationProvider$SvStatusInfo@6c4a77a)
11-11 20:47:38.340 I/GnssLocationProvider( 1488): WakeLock released by handleMessage(MSG_SV_REPORT, 10, 19)
11-11 20:47:38.365 I/SurfaceFlinger(  689): FPS: 13
11-11 20:47:38.396 E/sensors-hal(  644): handle_sns_client_event:44, amd_sample: ts=171986068539107 ns; value = [2.000000]
11-11 20:47:38.404 V/InputDispatcher( 1488): Asynchronous input event injection succeeded.
11-11 20:47:38.408 D/WindowManager( 1488): interceptKeyBeforeQueueing systemBooted = true
11-11 20:47:38.408 D/WindowManager( 1488): interceptKeyTq keycode=4 interactive=true keyguardActive=false policyFlags=2b000002
11-11 20:47:38.408 W/WindowManager( 1488): interceptKeyBeforeQueueingForVivo isGameRunning  = false ,keyguardActive = false ,lastDoubleKey = 0 ,keyCode = 4 ,down = true ,canceled = false
11-11 20:47:38.408 D/WindowManager( 1488): mGlobalPowerKeyTriggered = false mGlobalVolumeUpKeyTriggered = false mGlobalVolumeDownKeyTriggered = false mGlobalAiKeyTriggered = false
11-11 20:47:38.406 W/Binder:1488_1( 1488): type=1400 audit(0.0:71174): avc: denied { read } for name="u:object_r:system_boot_reason_prop:s0" dev="tmpfs" ino=17915 scontext=u:r:system_server:s0 tcontext=u:object_r:system_boot_reason_prop:s0 tclass=file permissive=0
11-11 20:47:38.409 E/libc    ( 1488): Access denied finding property "sys.boot.reason"
11-11 20:47:38.410 D/WindowManager( 1488): checkBaseRequirement inJected : false
11-11 20:47:38.410 D/WindowManager( 1488): performHapticFeedbackLw = true ,effectId = 1
11-11 20:47:38.410 D/WindowManager( 1488): isPhicalHomeKey = false ,result = 1
11-11 20:47:38.411 I/WindowManager( 1488): process interceptKeyBeforeQueueing result = 1
11-11 20:47:38.411 D/WindowManager( 1488): interceptKeyTi keyCode=4 down=true repeatCount=0 keyguardOn=false mHomePressed=false canceled=false
11-11 20:47:38.411 D/WindowManager( 1488): intercept win = Window{fa47dbe u0 com.android.settings/com.android.settings.Settings$GeneralSettingsActivity}
11-11 20:47:38.414 D/WindowManager( 1488): intercept attrs = {(0,0)(fillxfill) sim={adjust=resize forwardNavigation} layoutInDisplayCutoutMode=always ty=BASE_APPLICATION wanim=0x1030001
11-11 20:47:38.414 D/WindowManager( 1488):   fl=LAYOUT_IN_SCREEN LAYOUT_INSET_DECOR SPLIT_TOUCH HARDWARE_ACCELERATED DRAWS_SYSTEM_BAR_BACKGROUNDS
11-11 20:47:38.414 D/WindowManager( 1488):   pfl=FORCE_DRAW_STATUS_BAR_BACKGROUND homeIndicatorState=0 keepFullScreen=2 internalFlag=0x4000 preferedDisplay=0}
11-11 20:47:38.415 I/WindowManager( 1488): process interceptKeyBeforeDispatching ,let the application handle the key.
11-11 20:47:38.415 V/InputDispatcher( 1488): Asynchronous input event injection succeeded.
11-11 20:47:38.426 V/InputDispatcher( 1488): Asynchronous input event injection succeeded.
11-11 20:47:38.428 D/WindowManager( 1488): interceptKeyBeforeQueueing systemBooted = true
11-11 20:47:38.426 W/Binder:1488_1( 1488): type=1400 audit(0.0:71175): avc: denied { read } for name="u:object_r:system_boot_reason_prop:s0" dev="tmpfs" ino=17915 scontext=u:r:system_server:s0 tcontext=u:object_r:system_boot_reason_prop:s0 tclass=file permissive=0
11-11 20:47:38.429 D/WindowManager( 1488): interceptKeyTq keycode=4 interactive=true keyguardActive=false policyFlags=2b000002
11-11 20:47:38.429 W/WindowManager( 1488): interceptKeyBeforeQueueingForVivo isGameRunning  = false ,keyguardActive = false ,lastDoubleKey = 0 ,keyCode = 4 ,down = false ,canceled = false
11-11 20:47:38.429 D/WindowManager( 1488): mGlobalPowerKeyTriggered = false mGlobalVolumeUpKeyTriggered = false mGlobalVolumeDownKeyTriggered = false mGlobalAiKeyTriggered = false
11-11 20:47:38.429 E/libc    ( 1488): Access denied finding property "sys.boot.reason"
11-11 20:47:38.429 D/WindowManager( 1488): checkBaseRequirement inJected : false
11-11 20:47:38.430 D/WindowManager( 1488): isPhicalHomeKey = false ,result = 1
11-11 20:47:38.430 I/WindowManager( 1488): process interceptKeyBeforeQueueing result = 1
11-11 20:47:38.430 D/WindowManager( 1488): interceptKeyTi keyCode=4 down=false repeatCount=0 keyguardOn=false mHomePressed=false canceled=false
11-11 20:47:38.430 D/WindowManager( 1488): intercept win = Window{fa47dbe u0 com.android.settings/com.android.settings.Settings$GeneralSettingsActivity}
11-11 20:47:38.433 D/WindowManager( 1488): intercept attrs = {(0,0)(fillxfill) sim={adjust=resize forwardNavigation} layoutInDisplayCutoutMode=always ty=BASE_APPLICATION wanim=0x1030001
11-11 20:47:38.433 D/WindowManager( 1488):   fl=LAYOUT_IN_SCREEN LAYOUT_INSET_DECOR SPLIT_TOUCH HARDWARE_ACCELERATED DRAWS_SYSTEM_BAR_BACKGROUNDS
11-11 20:47:38.433 D/WindowManager( 1488):   pfl=FORCE_DRAW_STATUS_BAR_BACKGROUND homeIndicatorState=0 keepFullScreen=2 internalFlag=0x4000 preferedDisplay=0}
11-11 20:47:38.433 I/WindowManager( 1488): process interceptKeyBeforeDispatching ,let the application handle the key.
11-11 20:47:38.433 V/InputDispatcher( 1488): Asynchronous input event injection succeeded.
11-11 20:47:38.437 W/WindowManager( 1488): notify Activity finish AppWindowToken{c3272c5 token=Token{216c53c ActivityRecord{6dd8b2f u0 com.android.settings/.Settings$GeneralSettingsActivity d0 s30 t31}}}
11-11 20:47:38.438 D/ActivityTrigger( 1488): ActivityTrigger activityPauseTrigger 
11-11 20:47:38.447 D/ConnectivityService( 1488): releasing NetworkRequest [ TRACK_DEFAULT id=81, [ Capabilities: INTERNET&NOT_RESTRICTED&TRUSTED Unwanted:  Uid: 1000] ] (release request)
11-11 20:47:38.448 D/ConnectivityService( 1488):  Removing from current network NetworkInfo [MOBILE (LTE) - 105], leaving 16 requests.
11-11 20:47:38.451 W/ActivityManager( 1488): vivo occlude resumeTop canOccclude = false next.occlude = false
11-11 20:47:38.455 I/FaceDetectService( 1488): notifyFaceDetectKeyHandler action: 17
11-11 20:47:38.463 I/ActivityWatcher( 1488): activity state: 1
11-11 20:47:38.474 D/ConnectivityService( 1488): listenForNetwork for uid/pid:1000/21692 NetworkRequest [ LISTEN id=82, [ Uid: 1000] ]
11-11 20:47:38.474 D/ConnectivityService( 1488): rematching NetworkInfo [MOBILE (LTE) - 105]
11-11 20:47:38.474 D/ConnectivityService( 1488):  network has: [ Transports: CELLULAR Capabilities: SUPL&DUN&IA&INTERNET&NOT_RESTRICTED&TRUSTED&NOT_VPN&VALIDATED&NOT_ROAMING&FOREGROUND&NOT_CONGESTED&NOT_SUSPENDED Unwanted:  LinkDnBandwidth>=5416Kbps Specifier: <1>]
11-11 20:47:38.476 D/ConnectivityService( 1488): Network NetworkInfo [MOBILE (LTE) - 105] was already satisfying request 11. No change.
11-11 20:47:38.476 I/ActivityWatcher( 1488): activity state: 0
11-11 20:47:38.477 D/ConnectivityService( 1488): Network NetworkInfo [MOBILE (LTE) - 105] was already satisfying request 7. No change.
11-11 20:47:38.477 D/ConnectivityService( 1488): Network NetworkInfo [MOBILE (LTE) - 105] was already satisfying request 14. No change.
11-11 20:47:38.477 D/ConnectivityService( 1488):   checking if request is satisfied: NetworkRequest [ REQUEST id=16, [ Transports: CELLULAR Capabilities: IMS&TRUSTED&NOT_VPN Unwanted:  Specifier: <1> Uid: 1000] ]
11-11 20:47:38.478 D/ConnectivityService( 1488): Network NetworkInfo [MOBILE (LTE) - 105] was already satisfying request 1. No change.
11-11 20:47:38.479 D/ConnectivityService( 1488): sending notification CALLBACK_AVAILABLE for NetworkRequest [ LISTEN id=82, [ Uid: 1000] ]
11-11 20:47:38.485 D/ConnectivityService( 1488): isWifiPoorLink:false, nai.everValidated:true, networkType:0, networkDetailedState:CONNECTED, nai.isLingering():false, unneeded(nai, UnneededFor.TEARDOWN):false
11-11 20:47:38.485 D/ConnectivityService( 1488): rematching NetworkInfo [MOBILE (LTE) - 100]
11-11 20:47:38.485 D/ConnectivityService( 1488):  network has: [ Transports: CELLULAR Capabilities: IMS&NOT_METERED&TRUSTED&NOT_VPN&VALIDATED&NOT_ROAMING&FOREGROUND&NOT_CONGESTED&NOT_SUSPENDED Unwanted:  LinkDnBandwidth>=5416Kbps Specifier: <1>]
11-11 20:47:38.485 D/ConnectivityService( 1488):   checking if request is satisfied: NetworkRequest [ TRACK_DEFAULT id=11, [ Capabilities: INTERNET&NOT_RESTRICTED&TRUSTED Unwanted:  Uid: 1000] ]
11-11 20:47:38.485 D/ConnectivityService( 1488):   checking if request is satisfied: NetworkRequest [ TRACK_DEFAULT id=7, [ Capabilities: INTERNET&NOT_RESTRICTED&TRUSTED Unwanted:  Uid: 1000] ]
11-11 20:47:38.485 D/ConnectivityService( 1488):   checking if request is satisfied: NetworkRequest [ TRACK_DEFAULT id=14, [ Capabilities: INTERNET&NOT_RESTRICTED&TRUSTED Unwanted:  Uid: 10027] ]
11-11 20:47:38.485 D/ConnectivityService( 1488): Network NetworkInfo [MOBILE (LTE) - 100] was already satisfying request 16. No change.
11-11 20:47:38.485 D/ConnectivityService( 1488):   checking if request is satisfied: NetworkRequest [ REQUEST id=1, [ Capabilities: INTERNET&NOT_RESTRICTED&TRUSTED&NOT_VPN Unwanted: ] ]
11-11 20:47:38.485 D/ConnectivityService( 1488): sending notification CALLBACK_AVAILABLE for NetworkRequest [ LISTEN id=82, [ Uid: 1000] ]
11-11 20:47:38.487 D/ConnectivityService( 1488): isWifiPoorLink:false, nai.everValidated:true, networkType:0, networkDetailedState:CONNECTED, nai.isLingering():false, unneeded(nai, UnneededFor.TEARDOWN):false
11-11 20:47:38.490 I/FaceDetectService( 1488): notifyFaceDetectKeyHandler action: 17
11-11 20:47:38.494 E/        (  689): IProducerListener: malformed binder reply
11-11 20:47:38.563 D/SogouIME( 5131): SogouIME mHandler = 98
11-11 20:47:38.789 I/TouchMotionHandler(21692): handler onDetached
11-11 20:47:38.869 D/LocationAccessPolicy( 1488): isWhiteList: com.amap.android.location
11-11 20:47:38.869 E/LocationAccessPolicy( 1488): canAccessCellLocation in whitList. uid = 10033, pkgName = com.amap.android.location
11-11 20:47:38.874 D/LocationAccessPolicy( 2659): isWhiteList: com.amap.android.location
11-11 20:47:38.874 E/LocationAccessPolicy( 2659): canAccessCellLocation in whitList. uid = 10033, pkgName = com.amap.android.location
11-11 20:47:38.881 D/LocationAccessPolicy( 2659): isWhiteList: com.amap.android.location
11-11 20:47:38.881 E/LocationAccessPolicy( 2659): canAccessCellLocation in whitList. uid = 10033, pkgName = com.amap.android.location
11-11 20:47:38.892 W/System  ( 2659): A resource failed to call close. 
11-11 20:47:38.892 D/LocationAccessPolicy( 2659): isWhiteList: com.amap.android.location
11-11 20:47:38.892 E/LocationAccessPolicy( 2659): canAccessCellLocation in whitList. uid = 10033, pkgName = com.amap.android.location
11-11 20:47:39.013 I/ConfigStore(  689): android::hardware::configstore::V1_0::ISurfaceFlingerConfigs::hasHDRDisplay retrieved: 0
11-11 20:47:39.013 I/chatty  (  689): uid=1000(system) /system/bin/surfaceflinger identical 1 line
11-11 20:47:39.014 I/ConfigStore(  689): android::hardware::configstore::V1_0::ISurfaceFlingerConfigs::hasHDRDisplay retrieved: 0
11-11 20:47:39.337 V/GnssLocationProvider( 1488): GPM reportSvStatus
11-11 20:47:39.337 I/GnssLocationProvider( 1488): WakeLock released by handleMessage(REPORT_SV_STATUS, 0, com.android.server.location.GnssLocationProvider$SvStatusInfo@1d274d0)
11-11 20:47:39.338 I/GnssLocationProvider( 1488): WakeLock released by handleMessage(MSG_SV_REPORT, 11, 19)
11-11 20:47:39.344 I/GnssLocationProvider( 1488): WakeLock released by handleMessage(REPORT_LOCATION, 1, Location[gps 32.180796,118.590538 hAcc=37 et=+1d23h46m27s84ms alt=24.5955810546875 vel=0.0 vAcc=25 sAcc=1 bAcc=??? {Bundle[{satellites=0, maxCn0=0, meanCn0=0}]}])
11-11 20:47:39.521 E/ThermalEngine(  792): vivo_thermal_parameter_config :VivoThermal:read type:1  buf: 1
11-11 20:47:39.521 E/ThermalEngine(  792):  
11-11 20:47:39.616 I/SurfaceFlinger(  689): FPS: 50
11-11 20:47:39.815 E/ANDR-PERF-MPCTL(  658): Invalid profile no. 0, total profiles 0 only
11-11 20:47:40.067 W/Settings( 2293): Setting airplane_mode_on has moved from android.provider.Settings.System to android.provider.Settings.Global, returning read-only value.
11-11 20:47:40.182 I/ConfigStore(  689): android::hardware::configstore::V1_0::ISurfaceFlingerConfigs::hasHDRDisplay retrieved: 0
11-11 20:47:40.183 I/chatty  (  689): uid=1000(system) /system/bin/surfaceflinger identical 1 line
11-11 20:47:40.183 I/ConfigStore(  689): android::hardware::configstore::V1_0::ISurfaceFlingerConfigs::hasHDRDisplay retrieved: 0
11-11 20:47:40.617 I/SurfaceFlinger(  689): FPS: 44
11-11 20:47:40.810 E/ANDR-PERF-MPCTL(  658): Invalid profile no. 0, total profiles 0 only
11-11 20:47:40.876 E/sensors-hal(  644): handle_sns_client_event:44, amd_sample: ts=171988529297961 ns; value = [1.000000]
11-11 20:47:41.072 W/Settings( 2293): Setting airplane_mode_on has moved from android.provider.Settings.System to android.provider.Settings.Global, returning read-only value.
11-11 20:47:41.099 I/ConfigStore(  689): android::hardware::configstore::V1_0::ISurfaceFlingerConfigs::hasHDRDisplay retrieved: 0
11-11 20:47:41.100 I/chatty  (  689): uid=1000(system) /system/bin/surfaceflinger identical 1 line
11-11 20:47:41.101 I/ConfigStore(  689): android::hardware::configstore::V1_0::ISurfaceFlingerConfigs::hasHDRDisplay retrieved: 0
11-11 20:47:41.264 D/DcNetworkAgent( 2659): NetworkAgent: Changed from [ Transports: CELLULAR Capabilities: IMS&NOT_METERED&TRUSTED&NOT_VPN&NOT_ROAMING&NOT_CONGESTED Unwanted:  LinkDnBandwidth>=5416Kbps Specifier: <1>] to [ Transports: CELLULAR Capabilities: IMS&NOT_METERED&TRUSTED&NOT_VPN&NOT_ROAMING&NOT_CONGESTED Unwanted:  LinkDnBandwidth>=4420Kbps Specifier: <1>], Data RAT=14, mApnSetting=[ApnSettingV5] China Telecomm (IMS), 3481, 46011, IMS, , , , , , -1, ims, IPV4V6, IPV4V6, true, 0, 0, 0, false, 0, 0, 0, 0, , , false, 0, 0
11-11 20:47:41.266 D/ConnectivityService( 1488): notifyType CALLBACK_CAP_CHANGED for NetworkInfo [MOBILE (LTE) - 100]
11-11 20:47:41.266 D/ConnectivityService( 1488):  sending notification for NetworkRequest [ LISTEN id=3, [] ]
11-11 20:47:41.266 D/ConnectivityService( 1488): sending notification CALLBACK_CAP_CHANGED for NetworkRequest [ LISTEN id=3, [] ]
11-11 20:47:41.267 D/ConnectivityService( 1488):  sending notification for NetworkRequest [ LISTEN id=15, [] ]
11-11 20:47:41.267 D/ConnectivityService( 1488): sending notification CALLBACK_CAP_CHANGED for NetworkRequest [ LISTEN id=15, [] ]
11-11 20:47:41.267 D/ConnectivityService( 1488):  sending notification for NetworkRequest [ REQUEST id=16, [ Transports: CELLULAR Capabilities: IMS&TRUSTED&NOT_VPN Unwanted:  Specifier: <1> Uid: 1000] ]
11-11 20:47:41.267 D/ConnectivityService( 1488): sending notification CALLBACK_CAP_CHANGED for NetworkRequest [ REQUEST id=16, [ Transports: CELLULAR Capabilities: IMS&TRUSTED&NOT_VPN Unwanted:  Specifier: <1> Uid: 1000] ]
11-11 20:47:41.268 D/ConnectivityService( 1488):  sending notification for NetworkRequest [ LISTEN id=82, [ Uid: 1000] ]
11-11 20:47:41.268 D/ConnectivityService( 1488): sending notification CALLBACK_CAP_CHANGED for NetworkRequest [ LISTEN id=82, [ Uid: 1000] ]
11-11 20:47:41.269 D/DcNetworkAgent( 2659): NetworkAgent: Changed from [ Transports: CELLULAR Capabilities: SUPL&DUN&IA&INTERNET&NOT_RESTRICTED&TRUSTED&NOT_VPN&NOT_ROAMING&NOT_CONGESTED Unwanted:  LinkDnBandwidth>=5416Kbps Specifier: <1>] to [ Transports: CELLULAR Capabilities: SUPL&DUN&IA&INTERNET&NOT_RESTRICTED&TRUSTED&NOT_VPN&NOT_ROAMING&NOT_CONGESTED Unwanted:  LinkDnBandwidth>=4420Kbps Specifier: <1>], Data RAT=14, mApnSetting=[ApnSettingV5] 中国电信互联网设置 CTNET , 3479, 46011, ctnet, , , , , , 3, default | hipri | supl | dun | ia | xcap, IPV4V6, IPV4V6, true, 0, 0, 0, false, 0, 0, 0, 0, , , false, 0, 0
11-11 20:47:41.271 D/ConnectivityService( 1488): notifyType CALLBACK_CAP_CHANGED for NetworkInfo [MOBILE (LTE) - 105]
11-11 20:47:41.271 D/ConnectivityService( 1488):  sending notification for NetworkRequest [ REQUEST id=1, [ Capabilities: INTERNET&NOT_RESTRICTED&TRUSTED&NOT_VPN Unwanted: ] ]
11-11 20:47:41.271 D/ConnectivityService( 1488):  sending notification for NetworkRequest [ LISTEN id=3, [] ]
11-11 20:47:41.272 D/ConnectivityService( 1488): sending notification CALLBACK_CAP_CHANGED for NetworkRequest [ LISTEN id=3, [] ]
11-11 20:47:41.272 D/ConnectivityService( 1488):  sending notification for NetworkRequest [ LISTEN id=4, [ Transports: CELLULAR Capabilities: INTERNET&NOT_RESTRICTED&TRUSTED&NOT_VPN Unwanted:  Uid: 1000] ]
11-11 20:47:41.272 D/ConnectivityService( 1488): sending notification CALLBACK_CAP_CHANGED for NetworkRequest [ LISTEN id=4, [ Transports: CELLULAR Capabilities: INTERNET&NOT_RESTRICTED&TRUSTED&NOT_VPN Unwanted:  Uid: 1000] ]
11-11 20:47:41.272 D/ConnectivityService( 1488):  sending notification for NetworkRequest [ LISTEN id=5, [ Capabilities: NOT_RESTRICTED&TRUSTED&NOT_VPN Unwanted:  Uid: 1000] ]
11-11 20:47:41.272 D/ConnectivityService( 1488): sending notification CALLBACK_CAP_CHANGED for NetworkRequest [ LISTEN id=5, [ Capabilities: NOT_RESTRICTED&TRUSTED&NOT_VPN Unwanted:  Uid: 1000] ]
11-11 20:47:41.272 D/ConnectivityService( 1488):  sending notification for NetworkRequest [ LISTEN id=6, [ Transports: CELLULAR Capabilities: INTERNET&NOT_RESTRICTED&TRUSTED&NOT_VPN Unwanted:  Uid: 1000] ]
11-11 20:47:41.272 D/ConnectivityService( 1488): sending notification CALLBACK_CAP_CHANGED for NetworkRequest [ LISTEN id=6, [ Transports: CELLULAR Capabilities: INTERNET&NOT_RESTRICTED&TRUSTED&NOT_VPN Unwanted:  Uid: 1000] ]
11-11 20:47:41.272 D/ConnectivityService( 1488):  sending notification for NetworkRequest [ TRACK_DEFAULT id=7, [ Capabilities: INTERNET&NOT_RESTRICTED&TRUSTED Unwanted:  Uid: 1000] ]
11-11 20:47:41.272 D/ConnectivityService( 1488): sending notification CALLBACK_CAP_CHANGED for NetworkRequest [ TRACK_DEFAULT id=7, [ Capabilities: INTERNET&NOT_RESTRICTED&TRUSTED Unwanted:  Uid: 1000] ]
11-11 20:47:41.272 D/ConnectivityService( 1488):  sending notification for NetworkRequest [ LISTEN id=8, [ Capabilities: INTERNET&NOT_RESTRICTED&TRUSTED&VALIDATED Unwanted:  Uid: 1000] ]
11-11 20:47:41.272 D/ConnectivityService( 1488): sending notification CALLBACK_CAP_CHANGED for NetworkRequest [ LISTEN id=8, [ Capabilities: INTERNET&NOT_RESTRICTED&TRUSTED&VALIDATED Unwanted:  Uid: 1000] ]
11-11 20:47:41.273 D/ConnectivityService( 1488):  sending notification for NetworkRequest [ LISTEN id=10, [ Transports: CELLULAR Capabilities: INTERNET&NOT_RESTRICTED&TRUSTED&NOT_VPN Unwanted:  Uid: 1000] ]
11-11 20:47:41.273 D/ConnectivityService( 1488): sending notification CALLBACK_CAP_CHANGED for NetworkRequest [ LISTEN id=10, [ Transports: CELLULAR Capabilities: INTERNET&NOT_RESTRICTED&TRUSTED&NOT_VPN Unwanted:  Uid: 1000] ]
11-11 20:47:41.273 D/ConnectivityService( 1488):  sending notification for NetworkRequest [ TRACK_DEFAULT id=11, [ Capabilities: INTERNET&NOT_RESTRICTED&TRUSTED Unwanted:  Uid: 1000] ]
11-11 20:47:41.273 D/ConnectivityService( 1488): sending notification CALLBACK_CAP_CHANGED for NetworkRequest [ TRACK_DEFAULT id=11, [ Capabilities: INTERNET&NOT_RESTRICTED&TRUSTED Unwanted:  Uid: 1000] ]
11-11 20:47:41.273 D/ConnectivityService( 1488):  sending notification for NetworkRequest [ LISTEN id=12, [ Transports: CELLULAR Capabilities: INTERNET&NOT_RESTRICTED&TRUSTED&NOT_VPN Unwanted:  Uid: 1000] ]
11-11 20:47:41.273 D/ConnectivityService( 1488): sending notification CALLBACK_CAP_CHANGED for NetworkRequest [ LISTEN id=12, [ Transports: CELLULAR Capabilities: INTERNET&NOT_RESTRICTED&TRUSTED&NOT_VPN Unwanted:  Uid: 1000] ]
11-11 20:47:41.273 D/ConnectivityService( 1488):  sending notification for NetworkRequest [ TRACK_DEFAULT id=14, [ Capabilities: INTERNET&NOT_RESTRICTED&TRUSTED Unwanted:  Uid: 10027] ]
11-11 20:47:41.274 D/ConnectivityService( 1488): sending notification CALLBACK_CAP_CHANGED for NetworkRequest [ TRACK_DEFAULT id=14, [ Capabilities: INTERNET&NOT_RESTRICTED&TRUSTED Unwanted:  Uid: 10027] ]
11-11 20:47:41.274 D/ConnectivityService( 1488):  sending notification for NetworkRequest [ LISTEN id=15, [] ]
11-11 20:47:41.274 D/ConnectivityService( 1488): sending notification CALLBACK_CAP_CHANGED for NetworkRequest [ LISTEN id=15, [] ]
11-11 20:47:41.274 D/ConnectivityService( 1488):  sending notification for NetworkRequest [ LISTEN id=57, [ Capabilities: NOT_RESTRICTED&TRUSTED&NOT_VPN Unwanted:  Uid: 10116] ]
11-11 20:47:41.274 D/ConnectivityService( 1488): sending notification CALLBACK_CAP_CHANGED for NetworkRequest [ LISTEN id=57, [ Capabilities: NOT_RESTRICTED&TRUSTED&NOT_VPN Unwanted:  Uid: 10116] ]
11-11 20:47:41.274 D/ConnectivityService( 1488):  sending notification for NetworkRequest [ LISTEN id=71, [ Capabilities: NOT_RESTRICTED&TRUSTED&NOT_VPN Unwanted:  Uid: 10116] ]
11-11 20:47:41.275 D/ConnectivityService( 1488): sending notification CALLBACK_CAP_CHANGED for NetworkRequest [ LISTEN id=71, [ Capabilities: NOT_RESTRICTED&TRUSTED&NOT_VPN Unwanted:  Uid: 10116] ]
11-11 20:47:41.275 D/ConnectivityService( 1488):  sending notification for NetworkRequest [ LISTEN id=73, [ Capabilities: INTERNET&NOT_RESTRICTED&TRUSTED Unwanted:  Uid: 10116] ]
11-11 20:47:41.275 D/ConnectivityService( 1488): sending notification CALLBACK_CAP_CHANGED for NetworkRequest [ LISTEN id=73, [ Capabilities: INTERNET&NOT_RESTRICTED&TRUSTED Unwanted:  Uid: 10116] ]
11-11 20:47:41.275 D/ConnectivityService( 1488):  sending notification for NetworkRequest [ LISTEN id=79, [ Capabilities: NOT_RESTRICTED&TRUSTED&NOT_VPN Unwanted:  Uid: 10037] ]
11-11 20:47:41.275 D/ConnectivityService( 1488): sending notification CALLBACK_CAP_CHANGED for NetworkRequest [ LISTEN id=79, [ Capabilities: NOT_RESTRICTED&TRUSTED&NOT_VPN Unwanted:  Uid: 10037] ]
11-11 20:47:41.275 D/ConnectivityService( 1488):  sending notification for NetworkRequest [ LISTEN id=82, [ Uid: 1000] ]
11-11 20:47:41.275 D/ConnectivityService( 1488): sending notification CALLBACK_CAP_CHANGED for NetworkRequest [ LISTEN id=82, [ Uid: 1000] ]
11-11 20:47:41.280 D/NtpTrustedTime( 1488): currentTimeMillis() cache hit
11-11 20:47:42.200 I/SurfaceFlinger(  689): FPS: 2
11-11 20:47:42.235 E/sensors-hal(  644): handle_sns_client_event:44, amd_sample: ts=171989882198013 ns; value = [2.000000]
11-11 20:47:42.496 W/unknown (20556): type=1400 audit(0.0:71176): avc: denied { read } for name="drivers" dev="proc" ino=4026531855 scontext=u:r:untrusted_app_27:s0:c512,c768 tcontext=u:object_r:proc_tty_drivers:s0 tclass=file permissive=0
11-11 20:47:42.522 E/ThermalEngine(  792): vivo_thermal_parameter_config :VivoThermal:read type:1  buf: 1
11-11 20:47:42.522 E/ThermalEngine(  792):  
11-11 20:47:42.656 W/unknown (20556): type=1400 audit(0.0:71177): avc: denied { getattr } for path="/sys/kernel/debug/tracing/trace_marker" dev="tracefs" ino=3084 scontext=u:r:untrusted_app_27:s0:c512,c768 tcontext=u:object_r:debugfs_trace_marker:s0 tclass=file permissive=0
11-11 20:47:43.214 I/SurfaceFlinger(  689): FPS: 41
11-11 20:47:43.497 E/sensors-hal(  644): handle_sns_client_event:44, amd_sample: ts=171991154808066 ns; value = [1.000000]
11-11 20:47:43.724 I/ActivityManager( 1488): START u0 {flg=0x8000 cmp=com.android.systemui/com.vivo.systemui.statusbar.notification.settings.StatusbarSettingActivity (has extras)} from uid 1000
11-11 20:47:43.724 I/ActivityManager( 1488): send message.
11-11 20:47:43.728 W/ContextImpl( 2591): Calling a method in the system process without a qualified user: android.app.ContextImpl.bindService:1645 android.content.ContextWrapper.bindService:698 com.vivo.daemonService.i.a.a:38 com.vivo.daemonService.i.a.a:62 com.vivo.daemonService.IqooSecure.SoftwareLockService$a.activityStarting:2081 
11-11 20:47:43.735 W/ActivityManager( 1488): Unable to start service Intent { act=com.vivo.thirdappbehavior.ThirdAppBehaviorService pkg=com.vivo.abe } U=0: not found
11-11 20:47:43.737 I/ActivityManager( 1488): remove message.
11-11 20:47:43.737 I/ActivityManager( 1488): send message.
11-11 20:47:43.739 I/ActivityManager( 1488): remove message.
11-11 20:47:43.740 I/ConfigStore(  689): android::hardware::configstore::V1_0::ISurfaceFlingerConfigs::hasHDRDisplay retrieved: 0
11-11 20:47:43.761 V/ActivityManager( 1488): setActivityType ActivityRecord{f134cc9 u0 com.android.systemui/com.vivo.systemui.statusbar.notification.settings.StatusbarSettingActivity d-1 s-1 t-1} packageName=com.android.systemui realActivity=com.android.systemui/com.vivo.systemui.statusbar.notification.settings.StatusbarSettingActivity info.resizeMode=0
11-11 20:47:43.761 I/ActivityManager( 1488): Start ActivityRecord{f134cc9 u0 com.android.systemui/com.vivo.systemui.statusbar.notification.settings.StatusbarSettingActivity d-1 s-1 t-1} caller=com.android.settings called=com.android.systemui calledClass=com.vivo.systemui.statusbar.notification.settings.StatusbarSettingActivity
11-11 20:47:43.741 I/chatty  (  689): uid=1000(system) /system/bin/surfaceflinger identical 1 line
11-11 20:47:43.741 I/ConfigStore(  689): android::hardware::configstore::V1_0::ISurfaceFlingerConfigs::hasHDRDisplay retrieved: 0
11-11 20:47:43.764 E/ANDR-PERF-MPCTL(  658): Invalid profile no. 0, total profiles 0 only
11-11 20:47:43.773 W/ActivityManager( 1488): vivo occlude resumeTop canOccclude = false next.occlude = false
11-11 20:47:43.773 D/ActivityTrigger( 1488): ActivityTrigger activityPauseTrigger 
11-11 20:47:43.780 D/ConnectivityService( 1488): releasing NetworkRequest [ LISTEN id=82, [ Uid: 1000] ] (release request)
11-11 20:47:43.782 W/ActivityManager( 1488): vivo occlude resumeTop canOccclude = false next.occlude = false
11-11 20:47:43.784 I/ActivityManager( 1488): The Process com.android.systemui Already Exists in BG. So sending its PID: 2293
11-11 20:47:43.785 D/RMS-PreloadedAppRecordMgr( 1488): setNeedKeepQuiet pid=2293,uid=10027,keepQuiet=false
11-11 20:47:43.785 D/RMS-PreloadedAppRecordMgr( 1488): setNeedKeepQuiet pkgName=com.android.systemui,userId=0uid=0,keepQuiet=false
11-11 20:47:43.787 W/ActivityThread( 2293): handleWindowVisibility: no activity for token android.os.BinderProxy@3550c3c
11-11 20:47:43.796 I/FaceDetectService( 1488): notifyFaceDetectKeyHandler action: 17
11-11 20:47:43.801 I/ActivityWatcher( 1488): activity state: 1
11-11 20:47:43.873 D/LocationAccessPolicy( 1488): isWhiteList: com.amap.android.location
11-11 20:47:43.874 E/LocationAccessPolicy( 1488): canAccessCellLocation in whitList. uid = 10033, pkgName = com.amap.android.location
11-11 20:47:43.878 D/LocationAccessPolicy( 2659): isWhiteList: com.amap.android.location
11-11 20:47:43.878 E/LocationAccessPolicy( 2659): canAccessCellLocation in whitList. uid = 10033, pkgName = com.amap.android.location
11-11 20:47:43.882 D/LocationAccessPolicy( 2659): isWhiteList: com.amap.android.location
11-11 20:47:43.883 E/LocationAccessPolicy( 2659): canAccessCellLocation in whitList. uid = 10033, pkgName = com.amap.android.location
11-11 20:47:43.885 W/WindowManager( 1488): Failed looking up window callers=com.android.server.wm.VivoBaseWindowManagerService.adjustDisplayIdForWindow:784 com.android.server.wm.WindowManagerService.addWindow:1438 com.android.server.wm.Session.addToDisplay:208 
11-11 20:47:43.891 D/LocationAccessPolicy( 2659): isWhiteList: com.amap.android.location
11-11 20:47:43.892 E/LocationAccessPolicy( 2659): canAccessCellLocation in whitList. uid = 10033, pkgName = com.amap.android.location
11-11 20:47:43.895 I/ActivityWatcher( 1488): activity state: 0
11-11 20:47:43.900 I/TouchMotionHandler( 2293): handler onAttached
11-11 20:47:43.918 I/FaceDetectService( 1488): notifyFaceDetectKeyHandler action: 17
11-11 20:47:43.922 E/        (  689): IProducerListener: malformed binder reply
11-11 20:47:44.002 E/ANDR-IOP(  657): IOP HAL: Received pkg_name = com.android.systemui pid = 0
11-11 20:47:44.006 E/SogouIME-412384_20200114( 5131): SogouIME#onUnbindInput():15464 onUnbindInput
11-11 20:47:44.012 E/SogouIME-412384_20200114( 5131): SogouIME#onBindInput():15484 onBindInput
11-11 20:47:44.025 I/ActivityManager( 1488): Displayed com.android.systemui/com.vivo.systemui.statusbar.notification.settings.StatusbarSettingActivity: +280ms
11-11 20:47:44.038 D/SogouIME( 5131): SogouIME mHandler = 98
11-11 20:47:44.232 I/SurfaceFlinger(  689): FPS: 25
11-11 20:47:44.304 D/ActivityTrigger( 1488): ActivityTrigger activityStopTrigger 
11-11 20:47:44.317 D/ConnectivityService( 1488): onForegroundActivitiesChanged: pid=21692, uid=1000, foregroundActivities=false
11-11 20:47:44.317 D/gamevibrator( 1488): onForegroundActivitiesChanged pid:21692, uid:1000, hasFore:false
11-11 20:47:44.318 I/PackageManager( 1488): x-------->>>>>>>> zuishang = com.android.systemui
11-11 20:47:44.318 D/FeatureService( 1488): onForegroundActivitiesChanged: pid=21692, uid=1000, foregroundActivities=false
11-11 20:47:44.318 D/FeatureService( 1488): handleForgrouneAppChanged pid:21692, uid:1000 foreground:false
11-11 20:47:44.319 D/UiModeManager( 1488): onForegroundActivitiesChanged: pid=21692, uid=1000, foregroundActivities=false
11-11 20:47:44.413 I/ConfigStore(  689): android::hardware::configstore::V1_0::ISurfaceFlingerConfigs::hasHDRDisplay retrieved: 0
11-11 20:47:44.414 I/chatty  (  689): uid=1000(system) /system/bin/surfaceflinger identical 1 line
11-11 20:47:44.414 I/ConfigStore(  689): android::hardware::configstore::V1_0::ISurfaceFlingerConfigs::hasHDRDisplay retrieved: 0
11-11 20:47:44.676 D/Linux   ( 4766): [Posix_connect Debug]Process com.amap.android.location :80 
11-11 20:47:44.749 E/sensors-hal(  644): vivo_ssc_ticks2systemtime:610, vivo ssc ticks convert to system time=23:46:38.221
11-11 20:47:44.813 E/ANDR-PERF-MPCTL(  658): Invalid profile no. 0, total profiles 0 only
11-11 20:47:44.882 D/LocationAccessPolicy( 1488): isWhiteList: com.amap.android.location
11-11 20:47:44.882 E/LocationAccessPolicy( 1488): canAccessCellLocation in whitList. uid = 10033, pkgName = com.amap.android.location
11-11 20:47:44.893 D/LocationAccessPolicy( 2659): isWhiteList: com.amap.android.location
11-11 20:47:44.894 E/LocationAccessPolicy( 2659): canAccessCellLocation in whitList. uid = 10033, pkgName = com.amap.android.location
11-11 20:47:44.907 D/LocationAccessPolicy( 2659): isWhiteList: com.amap.android.location
11-11 20:47:44.909 E/LocationAccessPolicy( 2659): canAccessCellLocation in whitList. uid = 10033, pkgName = com.amap.android.location
11-11 20:47:44.930 D/LocationAccessPolicy( 2659): isWhiteList: com.amap.android.location
11-11 20:47:44.932 E/LocationAccessPolicy( 2659): canAccessCellLocation in whitList. uid = 10033, pkgName = com.amap.android.location
11-11 20:47:45.116 W/Settings( 2293): Setting airplane_mode_on has moved from android.provider.Settings.System to android.provider.Settings.Global, returning read-only value.
11-11 20:47:45.248 I/SurfaceFlinger(  689): FPS: 15
11-11 20:47:45.464 I/ConfigStore(  689): android::hardware::configstore::V1_0::ISurfaceFlingerConfigs::hasHDRDisplay retrieved: 0
11-11 20:47:45.465 I/chatty  (  689): uid=1000(system) /system/bin/surfaceflinger identical 1 line
11-11 20:47:45.466 I/ConfigStore(  689): android::hardware::configstore::V1_0::ISurfaceFlingerConfigs::hasHDRDisplay retrieved: 0
11-11 20:47:45.523 E/ThermalEngine(  792): vivo_thermal_parameter_config :VivoThermal:read type:1  buf: 1
11-11 20:47:45.523 E/ThermalEngine(  792):  
11-11 20:47:45.568 E/sensors-hal(  644): handle_sns_client_event:44, amd_sample: ts=171993230742909 ns; value = [2.000000]
11-11 20:47:45.591 I/ActivityManager( 1488): START u0 {act=android.intent.action.MAIN cmp=com.android.systemui/com.vivo.systemui.statusbar.notification.settings.StatusbarSettingActivity (has extras)} from uid 10027
11-11 20:47:45.591 I/ActivityManager( 1488): send message.
11-11 20:47:45.593 W/ContextImpl( 2591): Calling a method in the system process without a qualified user: android.app.ContextImpl.bindService:1645 android.content.ContextWrapper.bindService:698 com.vivo.daemonService.i.a.a:38 com.vivo.daemonService.i.a.a:62 com.vivo.daemonService.IqooSecure.SoftwareLockService$a.activityStarting:2081 
11-11 20:47:45.594 W/ActivityManager( 1488): Unable to start service Intent { act=com.vivo.thirdappbehavior.ThirdAppBehaviorService pkg=com.vivo.abe } U=0: not found
11-11 20:47:45.594 I/ActivityManager( 1488): remove message.
11-11 20:47:45.594 I/ActivityManager( 1488): send message.
11-11 20:47:45.595 I/ActivityManager( 1488): remove message.
11-11 20:47:45.595 V/ActivityManager( 1488): setActivityType ActivityRecord{43d59ad u0 com.android.systemui/com.vivo.systemui.statusbar.notification.settings.StatusbarSettingActivity d-1 s-1 t-1} packageName=com.android.systemui realActivity=com.android.systemui/com.vivo.systemui.statusbar.notification.settings.StatusbarSettingActivity info.resizeMode=0
11-11 20:47:45.603 W/ActivityManager( 1488): vivo occlude resumeTop canOccclude = false next.occlude = false
11-11 20:47:45.604 D/ActivityTrigger( 1488): ActivityTrigger activityPauseTrigger 
11-11 20:47:45.613 W/ActivityManager( 1488): vivo occlude resumeTop canOccclude = false next.occlude = false
11-11 20:47:45.615 I/ActivityManager( 1488): The Process com.android.systemui Already Exists in BG. So sending its PID: 2293
11-11 20:47:45.615 D/RMS-PreloadedAppRecordMgr( 1488): setNeedKeepQuiet pid=2293,uid=10027,keepQuiet=false
11-11 20:47:45.615 D/RMS-PreloadedAppRecordMgr( 1488): setNeedKeepQuiet pkgName=com.android.systemui,userId=0uid=0,keepQuiet=false
11-11 20:47:45.620 I/FaceDetectService( 1488): notifyFaceDetectKeyHandler action: 17
11-11 20:47:45.624 I/ActivityWatcher( 1488): activity state: 1
11-11 20:47:45.624 W/ActivityThread( 2293): handleWindowVisibility: no activity for token android.os.BinderProxy@8d0679b
11-11 20:47:45.673 E/BitmapFactory( 2293): Unable to decode stream: java.io.FileNotFoundException: /oem/etc/theme/launcher/icon_bg_default.png (No such file or directory)
11-11 20:47:45.707 W/WindowManager( 1488): Failed looking up window callers=com.android.server.wm.VivoBaseWindowManagerService.adjustDisplayIdForWindow:784 com.android.server.wm.WindowManagerService.addWindow:1438 com.android.server.wm.Session.addToDisplay:208 
11-11 20:47:45.714 I/ActivityWatcher( 1488): activity state: 0
11-11 20:47:45.717 I/TouchMotionHandler( 2293): handler onAttached
11-11 20:47:45.726 D/SurfaceFlinger(  689): duplicate layer name: changing com.android.systemui/com.vivo.systemui.statusbar.notification.settings.StatusbarSettingActivity to com.android.systemui/com.vivo.systemui.statusbar.notification.settings.StatusbarSettingActivity#1
11-11 20:47:45.728 I/FaceDetectService( 1488): notifyFaceDetectKeyHandler action: 17
11-11 20:47:45.734 E/        (  689): IProducerListener: malformed binder reply
11-11 20:47:45.798 D/SogouIME( 5131): SogouIME mHandler = 98
11-11 20:47:45.810 D/NotificationService( 1488): handleSavePolicyFile
11-11 20:47:45.883 W/ndroid.systemu( 2293): resources.arsc in APK '/data/app/com.smile.gifmaker-ABCZV_z8X6iwkGYB1KAZhw==/base.apk' is compressed.
11-11 20:47:46.092 D/ActivityTrigger( 1488): ActivityTrigger activityStopTrigger 
11-11 20:47:46.109 I/system_server( 1488): Background concurrent copying GC freed 124864(7MB) AllocSpace objects, 23(844KB) LOS objects, 18% free, 34MB/42MB, paused 704us total 180.416ms
11-11 20:47:46.121 W/Settings( 2293): Setting airplane_mode_on has moved from android.provider.Settings.System to android.provider.Settings.Global, returning read-only value.
11-11 20:47:46.172 W/ndroid.systemu( 2293): resources.arsc in APK '/data/app/com.autonavi.minimap-vggpUo9IfidEiD5r1Ri2FA==/base.apk' is compressed.
11-11 20:47:46.201 W/ndroid.systemu( 2293): resources.arsc in APK '/data/app/com.eg.android.AlipayGphone-co6RLs0LvN_5Mkh8Fq2AWg==/base.apk' is compressed.
11-11 20:47:46.206 W/ndroid.systemu( 2293): resources.arsc in APK '/data/app/com.jingdong.app.mall-xqifvZLEkLjJ0s2cgk_L9g==/base.apk' is compressed.
11-11 20:47:46.212 I/ConfigStore(  689): android::hardware::configstore::V1_0::ISurfaceFlingerConfigs::hasHDRDisplay retrieved: 0
11-11 20:47:46.213 I/chatty  (  689): uid=1000(system) /system/bin/surfaceflinger identical 1 line
11-11 20:47:46.213 I/ConfigStore(  689): android::hardware::configstore::V1_0::ISurfaceFlingerConfigs::hasHDRDisplay retrieved: 0
11-11 20:47:46.227 W/ndroid.systemu( 2293): resources.arsc in APK '/data/app/com.sina.weibo-8c-bzmrh9v7VkynWZwTRRg==/base.apk' is compressed.
11-11 20:47:46.277 W/ndroid.systemu( 2293): resources.arsc in APK '/data/app/com.ss.android.article.news-MK6_8UMJ_a22-y69ZwCJCg==/base.apk' is compressed.
11-11 20:47:46.296 W/ndroid.systemu( 2293): resources.arsc in APK '/data/app/com.ss.android.ugc.aweme-1fMHWbR1BWBocBAr0k3YNA==/base.apk' is compressed.
11-11 20:47:46.312 I/ConfigStore(  689): android::hardware::configstore::V1_0::ISurfaceFlingerConfigs::hasHDRDisplay retrieved: 0
11-11 20:47:46.313 I/chatty  (  689): uid=1000(system) /system/bin/surfaceflinger identical 1 line
11-11 20:47:46.313 I/ConfigStore(  689): android::hardware::configstore::V1_0::ISurfaceFlingerConfigs::hasHDRDisplay retrieved: 0
11-11 20:47:46.314 I/SurfaceFlinger(  689): FPS: 41
11-11 20:47:46.325 W/ndroid.systemu( 2293): resources.arsc in APK '/data/app/com.tencent.mm-6yXsjnpruJzlWIR-HC3woA==/base.apk' is compressed.
11-11 20:47:46.364 W/ndroid.systemu( 2293): resources.arsc in APK '/data/app/com.tencent.mtt-nrcpsU8781TSLTWPLiWlmQ==/base.apk' is compressed.
11-11 20:47:46.382 W/ndroid.systemu( 2293): resources.arsc in APK '/data/app/com.tencent.news-zbLWdJmBVXumvzJKToyYMA==/base.apk' is compressed.
11-11 20:47:46.456 W/ndroid.systemu( 2293): resources.arsc in APK '/data/app/com.xunmeng.pinduoduo-norzuqfQfunv_QmR7XETcA==/base.apk' is compressed.
11-11 20:47:46.477 W/ndroid.systemu( 2293): resources.arsc in APK '/data/app/com.youku.phone-q7cksW8JO8M8StbbFEeQ4w==/base.apk' is compressed.
11-11 20:47:46.611 I/chatty  ( 2293): uid=10027(com.android.systemui) AsyncTask #223 identical 3 lines
11-11 20:47:46.629 E/sensors-hal(  644): handle_sns_client_event:44, amd_sample: ts=171994276341711 ns; value = [1.000000]
11-11 20:47:46.815 I/chatty  ( 2293): uid=10027(com.android.systemui) AsyncTask #223 identical 13 lines
11-11 20:47:46.848 I/chatty  ( 2293): uid=10027(com.android.systemui) AsyncTask #223 identical 24 lines
11-11 20:47:46.849 I/chatty  ( 2293): uid=10027(com.android.systemui) AsyncTask #223 identical 1 line
