11-11 20:47:10.138 I/SurfaceFlinger(  689): FPS: 13
11-11 20:47:10.214 E/ test1111111111(24521): touchX = 0 touchY= 838 touchWidth= 720 touchHeight = 566
11-11 20:47:10.214 E/ test1111111111(24521): GestureOn !0 touchX = 0 touchY= 838 touchWidth= 720 touchHeight = 1376
11-11 20:47:10.336 I/ConfigStore(  689): android::hardware::configstore::V1_0::ISurfaceFlingerConfigs::hasHDRDisplay retrieved: 0
11-11 20:47:10.340 I/chatty  (  689): uid=1000(system) /system/bin/surfaceflinger identical 2 lines
11-11 20:47:10.341 I/ConfigStore(  689): android::hardware::configstore::V1_0::ISurfaceFlingerConfigs::hasHDRDisplay retrieved: 0
11-11 20:47:10.605 V/Typeface(23400): CurFontPath: /system/fonts/DroidSansFallbackBBK.ttf
11-11 20:47:10.607 I/NotificationService( 1488): enqueueToast pkg=xin.banghua.beiyuan callback=android.app.ITransientNotification$Stub$Proxy@e180d5e duration=1
11-11 20:47:10.621 D/NotificationService( 1488): Show pkg=xin.banghua.beiyuan callback=android.app.ITransientNotification$Stub$Proxy@e180d5e
11-11 20:47:10.630 W/WindowManager( 1488): Failed looking up window callers=com.android.server.wm.VivoBaseWindowManagerService.adjustDisplayIdForWindow:784 com.android.server.wm.WindowManagerService.addWindow:1438 com.android.server.wm.Session.addToDisplay:208 
11-11 20:47:10.641 D/Uniquelogin(23400): run: uniquelogintoken1605098830625
11-11 20:47:10.667 E/        (  689): IProducerListener: malformed binder reply
11-11 20:47:10.686 E/ANDR-PERF-MPCTL(  658): Invalid profile no. 0, total profiles 0 only
11-11 20:47:10.702 D/Linux   (23400): [Posix_connect Debug]Process xin.banghua.beiyuan :443 
11-11 20:47:10.939 W/Settings( 2293): Setting airplane_mode_on has moved from android.provider.Settings.System to android.provider.Settings.Global, returning read-only value.
11-11 20:47:11.110 D/ConversationFragment(23400): run: 看看Response{protocol=http/1.1, code=200, message=OK, url=https://console.banghua.xin/app/index.php?i=99999&c=entry&a=webapp&do=signin&m=socialchat}
11-11 20:47:11.113 D/登录信息(23400): 登陆成功
11-11 20:47:11.123 D/进入handler(23400): 0
11-11 20:47:11.123 D/发送通知(23400): 登陆成功
11-11 20:47:11.126 V/Typeface(23400): CurFontPath: /system/fonts/DroidSansFallbackBBK.ttf
11-11 20:47:11.127 I/NotificationService( 1488): enqueueToast pkg=xin.banghua.beiyuan callback=android.app.ITransientNotification$Stub$Proxy@116e80d duration=1
11-11 20:47:11.132 D/保存用户数据(23400): 51527
11-11 20:47:11.140 D/SharedHelper(23400): saveUserInfo: 保存的用户名：找人
11-11 20:47:11.141 D/融云注册信息(23400): 进入融云注册
11-11 20:47:11.147 I/SurfaceFlinger(  689): FPS: 36
11-11 20:47:11.201 D/PowerManagerService( 1488): acquireWakeLockInternal: lock=7560104, flags=0x2000000a, tag="WindowManager", ws=WorkSource{10181}, uid=1000, pid=1488
11-11 20:47:11.204 W/System.err( 1488): android.content.pm.PackageManager$NameNotFoundException: com.tencent.mobileqq
11-11 20:47:11.204 W/System.err( 1488): 	at android.app.ApplicationPackageManager.getApplicationInfoAsUser(ApplicationPackageManager.java:428)
11-11 20:47:11.205 W/System.err( 1488): 	at android.app.ApplicationPackageManager.getApplicationInfo(ApplicationPackageManager.java:410)
11-11 20:47:11.205 W/System.err( 1488): 	at com.vivo.common.antimisoperation.AntiMisoperation.isQQWorkSource(AntiMisoperation.java:181)
11-11 20:47:11.205 W/System.err( 1488): 	at com.vivo.common.antimisoperation.AntiMisoperation.access$1800(AntiMisoperation.java:44)
11-11 20:47:11.205 W/System.err( 1488): 	at com.vivo.common.antimisoperation.AntiMisoperation$AntiMisoperationHandler.handleMessage(AntiMisoperation.java:448)
11-11 20:47:11.205 W/System.err( 1488): 	at android.os.Handler.dispatchMessage(Handler.java:106)
11-11 20:47:11.206 W/System.err( 1488): 	at android.os.Looper.loop(Looper.java:224)
11-11 20:47:11.206 W/System.err( 1488): 	at android.os.HandlerThread.run(HandlerThread.java:65)
11-11 20:47:11.211 D/Linux   (23400): [Posix_connect Debug]Process xin.banghua.beiyuan :443 
11-11 20:47:11.302 I/ConfigStore(  689): android::hardware::configstore::V1_0::ISurfaceFlingerConfigs::hasHDRDisplay retrieved: 0
11-11 20:47:11.307 I/chatty  (  689): uid=1000(system) /system/bin/surfaceflinger identical 3 lines
11-11 20:47:11.308 I/ConfigStore(  689): android::hardware::configstore::V1_0::ISurfaceFlingerConfigs::hasHDRDisplay retrieved: 0
11-11 20:47:11.511 D/融云注册信息返回(23400): {"code":200,"userId":"51527","token":"YfKt7SAvYIcDxH89K5repf2R7+lmw2fJzyPL0avIipI=@7f3e.cn.rongnav.com;7f3e.cn.rongcfg.com"}
11-11 20:47:11.512 D/融云注册信息token(23400): YfKt7SAvYIcDxH89K5repf2R7+lmw2fJzyPL0avIipI=@7f3e.cn.rongnav.com;7f3e.cn.rongcfg.com
11-11 20:47:11.523 D/融云token获取(23400): 200
11-11 20:47:11.523 D/融云token(23400): YfKt7SAvYIcDxH89K5repf2R7+lmw2fJzyPL0avIipI=@7f3e.cn.rongnav.com;7f3e.cn.rongcfg.com
11-11 20:47:11.530 D/RongyunConnect(23400): connect: 进入app的融云链接
11-11 20:47:11.531 I/[RC:A-connect-T](23400): {"ptid":"23400-2*","token":"YfKt7SAvYIcDxH89K5repf2R7+lmw2fJzyPL0avIipI=@7f3e.cn.rongnav.com;7f3e.cn.rongcfg.com"}
11-11 20:47:11.531 I/[RC:L-connect-T](23400): {"ptid":"23400-2*","sequences":0}
11-11 20:47:11.532 D/RongLog (23400): [RongLog][ RongIMClient ] set token
11-11 20:47:11.532 D/[RC:L-connect-S](23400): {"ptid":"23400-2*","last_status":2,"status":1}
11-11 20:47:11.532 D/RongLog (23400): [RongLog][ RongIMClient ] onStatusChange : cur = DISCONNECTED, to = CONNECTING, retry = 0, cfg = 10
11-11 20:47:11.534 D/RongLog (23400): [RongLog][ RongIMClient ] [connect] connect
11-11 20:47:11.543 I/ActivityManager( 1488): START u0 {cmp=xin.banghua.beiyuan/.MainActivity} from uid 10181
11-11 20:47:11.543 I/ActivityManager( 1488): send message.
11-11 20:47:11.545 W/ContextImpl( 2591): Calling a method in the system process without a qualified user: android.app.ContextImpl.bindService:1645 android.content.ContextWrapper.bindService:698 com.vivo.daemonService.i.a.a:38 com.vivo.daemonService.i.a.a:62 com.vivo.daemonService.IqooSecure.SoftwareLockService$a.activityStarting:2081 
11-11 20:47:11.546 W/ActivityManager( 1488): Unable to start service Intent { act=com.vivo.thirdappbehavior.ThirdAppBehaviorService pkg=com.vivo.abe } U=0: not found
11-11 20:47:11.547 I/ActivityManager( 1488): remove message.
11-11 20:47:11.547 I/ActivityManager( 1488): send message.
11-11 20:47:11.548 I/ActivityManager( 1488): remove message.
11-11 20:47:11.549 V/ActivityManager( 1488): setActivityType ActivityRecord{c6f3c2f u0 xin.banghua.beiyuan/.MainActivity d-1 s-1 t-1} packageName=xin.banghua.beiyuan realActivity=xin.banghua.beiyuan/.MainActivity info.resizeMode=1
11-11 20:47:11.549 D/RongLog (23440): [RongLog][ NavigationClient ] [connect] getCMPServerString.
11-11 20:47:11.551 E/ANDR-PERF-MPCTL(  658): Invalid profile no. 0, total profiles 0 only
11-11 20:47:11.555 I/[RC:L-init-O](23400): {"ptid":"23440-2*","appkey":"m7ua80gbmo0km","deviceId":"kUFnVQAF56ZWgCxXTVzwBQ","dbPath":"/data/user/0/xin.banghua.beiyuan/files","initResult":0}
11-11 20:47:11.556 I/[RC:L-get_navi-S](23400): {"ptid":"23440-2211","cache_valid":false,"delta_time":1605070031554}
11-11 20:47:11.559 D/RongLog (23440): [RongLog][ NavigationClient ] [connect] clear userId.
11-11 20:47:11.563 D/RongLog (23440): [RongLog][ CMPStrategy ] getCmpEntries from SP.
11-11 20:47:11.566 W/ActivityManager( 1488): vivo occlude resumeTop canOccclude = false next.occlude = false
11-11 20:47:11.567 D/ActivityTrigger( 1488): ActivityTrigger activityPauseTrigger 
11-11 20:47:11.570 D/RongLog (23440): [RongLog][ NavigationClient ] [connect] request http://nav.cn.ronghub.com/navi.xml, appKey:m7ua80gbmo0km, token: YfKt7SAvYIcDxH89K5repf2R7+lmw2fJzyPL0avIipI=@7f3e.cn.rongnav.com;7f3e.cn.rongcfg.com, forceUpdate:true
11-11 20:47:11.572 V/RongLog (23440): [RongLog][ RongLog ] Sync resolve failed, host(nav.cn.ronghub.com), find no httpdns cache entry
11-11 20:47:11.573 I/RongLog (23440): [RongLog][ HttpDnsManager ] ipv4List = null, clientIp = 
11-11 20:47:11.574 V/RongLog (23440): [RongLog][ RongLog ] Hosts for httpdns request is (nav.cn.ronghub.com) 
11-11 20:47:11.574 D/RongLog (23400): [RongLog][ RongIM ] ConnectionStatusListener onChanged : CONNECTING
11-11 20:47:11.575 D/Event   (23400): No subscribers registered for event class io.rong.imlib.RongIMClient$ConnectionStatusListener$ConnectionStatus
11-11 20:47:11.575 D/Event   (23400): No subscribers registered for event class io.rong.eventbus.NoSubscriberEvent
11-11 20:47:11.575 D/App     (23400): onActivityPaused: 
11-11 20:47:11.576 W/ActivityManager( 1488): vivo occlude resumeTop canOccclude = false next.occlude = false
11-11 20:47:11.576 V/RongLog (23440): [RongLog][ RongLog ] Async resolve failed, host(nav.cn.ronghub.com), find no httpdns cache entry 
11-11 20:47:11.577 I/ActivityManager( 1488): The Process xin.banghua.beiyuan Already Exists in BG. So sending its PID: 23400
11-11 20:47:11.577 D/RMS-PreloadedAppRecordMgr( 1488): setNeedKeepQuiet pid=23400,uid=10181,keepQuiet=false
11-11 20:47:11.577 D/RMS-PreloadedAppRecordMgr( 1488): setNeedKeepQuiet pkgName=xin.banghua.beiyuan,userId=0uid=0,keepQuiet=false
11-11 20:47:11.578 V/RongLog (23440): [RongLog][ RongLog ] Using BGPServerIp(180.76.76.200)
11-11 20:47:11.581 I/DpmTcmClient(23440): RegisterTcmMonitor from: $Proxy0
11-11 20:47:11.582 I/[RC:L-DoH-T](23400): {"ptid":"23440-2214","nav":"nav.cn.ronghub.com"}
11-11 20:47:11.584 D/Linux   (23440): [Posix_connect Debug]Process xin.banghua.beiyuan:ipc :443 
11-11 20:47:11.585 I/FaceDetectService( 1488): notifyFaceDetectKeyHandler action: 17
11-11 20:47:11.590 I/ActivityWatcher( 1488): activity state: 1
11-11 20:47:11.591 W/ActivityThread(23400): handleWindowVisibility: no activity for token android.os.BinderProxy@e3b23f4
11-11 20:47:11.599 I/TouchMotionHandler(17923): handler onDetached
11-11 20:47:11.599 D/ConnectivityService( 1488): onForegroundActivitiesChanged: pid=17923, uid=10025, foregroundActivities=false
11-11 20:47:11.599 D/gamevibrator( 1488): onForegroundActivitiesChanged pid:17923, uid:10025, hasFore:false
11-11 20:47:11.605 I/PackageManager( 1488): x-------->>>>>>>> zuishang = xin.banghua.beiyuan
11-11 20:47:11.606 D/FeatureService( 1488): onForegroundActivitiesChanged: pid=17923, uid=10025, foregroundActivities=false
11-11 20:47:11.606 D/FeatureService( 1488): handleForgrouneAppChanged pid:17923, uid:10025 foreground:false
11-11 20:47:11.607 D/App     (23400): onActivityCreated:
11-11 20:47:11.611 D/UiModeManager( 1488): onForegroundActivitiesChanged: pid=17923, uid=10025, foregroundActivities=false
11-11 20:47:11.640 D/SharedHelper(23400): readUserInfo: 读取的用户名{userPortrait=https://moyuanoss.oss-cn-shanghai.aliyuncs.com/images/34/2020/02/HZD8Y27PIaYR9iYD3TD2d7yD06bB78.jpg, userRegion=北京-北京, userProperty=Z, userGender=男, userNickName=找人, userID=51527, userAge=18}
11-11 20:47:11.641 D/SharedHelper(23400): readUserInfo: 读取的用户名{userPortrait=https://moyuanoss.oss-cn-shanghai.aliyuncs.com/images/34/2020/02/HZD8Y27PIaYR9iYD3TD2d7yD06bB78.jpg, userRegion=北京-北京, userProperty=Z, userGender=男, userNickName=找人, userID=51527, userAge=18}
11-11 20:47:11.645 I//vendor/bin/hw/vendor.qti.hardware.servicetracker@1.0-service(  666): startService() is called for servicexin.banghua.beiyuan/.MainBranch.LocationService
11-11 20:47:11.648 I/ActivityManager( 1488): START u0 {act=android.content.pm.action.REQUEST_PERMISSIONS pkg=com.android.packageinstaller cmp=com.android.packageinstaller/.permission.ui.GrantPermissionsActivity (has extras)} from uid 10181
11-11 20:47:11.648 I/ActivityManager( 1488): send message.
11-11 20:47:11.648 D/Linux   (23400): [Posix_connect Debug]Process xin.banghua.beiyuan :443 
11-11 20:47:11.649 W/ContextImpl( 2591): Calling a method in the system process without a qualified user: android.app.ContextImpl.bindService:1645 android.content.ContextWrapper.bindService:698 com.vivo.daemonService.i.a.a:38 com.vivo.daemonService.i.a.a:62 com.vivo.daemonService.IqooSecure.SoftwareLockService$a.activityStarting:2081 
11-11 20:47:11.650 W/ActivityManager( 1488): Unable to start service Intent { act=com.vivo.thirdappbehavior.ThirdAppBehaviorService pkg=com.vivo.abe } U=0: not found
11-11 20:47:11.650 I/ActivityManager( 1488): remove message.
11-11 20:47:11.650 I/ActivityManager( 1488): send message.
11-11 20:47:11.651 I/ActivityManager( 1488): remove message.
11-11 20:47:11.651 V/ActivityManager( 1488): setActivityType ActivityRecord{ba82628 u0 com.android.packageinstaller/.permission.ui.GrantPermissionsActivity d-1 s-1 t-1} packageName=com.android.packageinstaller realActivity=com.android.packageinstaller/.permission.ui.GrantPermissionsActivity info.resizeMode=2
11-11 20:47:11.651 I/ActivityManager( 1488): Start ActivityRecord{ba82628 u0 com.android.packageinstaller/.permission.ui.GrantPermissionsActivity d-1 s-1 t-1} caller=xin.banghua.beiyuan called=com.android.packageinstaller calledClass=com.android.packageinstaller.permission.ui.GrantPermissionsActivity
11-11 20:47:11.656 W/ActivityManager( 1488): vivo occlude resumeTop canOccclude = false next.occlude = false
11-11 20:47:11.657 D/ActivityTrigger( 1488): ActivityTrigger activityPauseTrigger 
11-11 20:47:11.663 D/SharedHelper(23400): readUserInfo: 读取的用户名{userPortrait=https://moyuanoss.oss-cn-shanghai.aliyuncs.com/images/34/2020/02/HZD8Y27PIaYR9iYD3TD2d7yD06bB78.jpg, userRegion=北京-北京, userProperty=Z, userGender=男, userNickName=找人, userID=51527, userAge=18}
11-11 20:47:11.664 D/App     (23400): onActivityStarted: 
11-11 20:47:11.666 D/Linux   (23400): [Posix_connect Debug]Process xin.banghua.beiyuan :443 
11-11 20:47:11.675 D/App     (23400): onActivityResumed: 
11-11 20:47:11.675 D/RongyunConnect(23400): connect: 进入app的融云链接
11-11 20:47:11.676 I/[RC:A-connect-T](23400): {"ptid":"23400-2*","token":"YfKt7SAvYIcDxH89K5repf2R7+lmw2fJzyPL0avIipI=@7f3e.cn.rongnav.com;7f3e.cn.rongcfg.com"}
11-11 20:47:11.676 I/[RC:L-connect-T](23400): {"ptid":"23400-2*","sequences":0}
11-11 20:47:11.676 W/RongLog (23400): [RongLog][ RongIMClient ] Current state is connecting, cache callback: io.rong.imlib.RongIMClient$4@ed611ab
11-11 20:47:11.677 D/Linux   (23400): [Posix_connect Debug]Process xin.banghua.beiyuan :443 
11-11 20:47:11.680 W/WindowManager( 1488): Failed looking up window callers=com.android.server.wm.VivoBaseWindowManagerService.adjustDisplayIdForWindow:784 com.android.server.wm.WindowManagerService.addWindow:1438 com.android.server.wm.Session.addToDisplay:208 
11-11 20:47:11.685 I/ActivityWatcher( 1488): activity state: 0
11-11 20:47:11.692 I/TouchMotionHandler(23400): handler onAttached
11-11 20:47:11.699 I/[RC:L-DoH-R](23400): {"ptid":"23440-2214","nav":"nav.cn.ronghub.com","ip":"114.236.93.72","duration":116}
11-11 20:47:11.700 V/RongLog (23440): [RongLog][ RongLog ] Set entry to HTTPDNS cache, host(nav.cn.ronghub.com), ipv4List([114.236.93.72]), ipv6List(null), ttl(300)
11-11 20:47:11.700 I/RongLog (23440): [RongLog][ HttpDnsManager ] resolveIp success = 114.236.93.72
11-11 20:47:11.701 I/RongLog (23440): [RongLog][ HttpDnsManager ] request dns ip countDownLatch is success
11-11 20:47:11.702 V/RongLog (23440): [RongLog][ RongLog ] Sync resolve successful, host(nav.cn.ronghub.com) ipv4List([114.236.93.72]) ipv6List(null) resolveType(RESOLVE_FROM_HTTPDNS_CACHE)
11-11 20:47:11.703 I/RongLog (23440): [RongLog][ HttpDnsManager ] request clientIp = 49.78.108.191
11-11 20:47:11.704 I/[RC:L-get_navi-T](23400): {"ptid":"23440-2213","url":"http://nav.cn.ronghub.com/navi.xml","ip":"114.236.93.72"}
11-11 20:47:11.704 I/RongLog (23440): [RongLog][ NavigationClient ] https connection ip = 114.236.93.72
11-11 20:47:11.707 I/FaceDetectService( 1488): notifyFaceDetectKeyHandler action: 17
11-11 20:47:11.713 E/        (  689): IProducerListener: malformed binder reply
11-11 20:47:11.714 D/Linux   (23440): [Posix_connect Debug]Process xin.banghua.beiyuan:ipc :80 
11-11 20:47:11.717 E/RecyclerView(23400): No adapter attached; skipping layout
11-11 20:47:11.717 D/LocationService(23400): onCreate executed
11-11 20:47:11.718 D/LocationService(23400): onStartCommand executed
11-11 20:47:11.719 W/ActivityManager( 1488): Launch timeout has expired, giving up wake lock!
11-11 20:47:11.721 D/App     (23400): onActivityPaused: 
11-11 20:47:11.722 W/ActivityManager( 1488): vivo occlude resumeTop canOccclude = false next.occlude = false
11-11 20:47:11.724 I/ActivityManager( 1488): The Process com.android.packageinstaller Already Exists in BG. So sending its PID: 17923
11-11 20:47:11.724 D/RMS-PreloadedAppRecordMgr( 1488): setNeedKeepQuiet pid=17923,uid=10025,keepQuiet=false
11-11 20:47:11.724 D/RMS-PreloadedAppRecordMgr( 1488): setNeedKeepQuiet pkgName=com.android.packageinstaller,userId=0uid=0,keepQuiet=false
11-11 20:47:11.725 W/ActivityThread(17923): handleWindowVisibility: no activity for token android.os.BinderProxy@544e4ac
11-11 20:47:11.735 I/FaceDetectService( 1488): notifyFaceDetectKeyHandler action: 17
11-11 20:47:11.739 I/ActivityWatcher( 1488): activity state: 1
11-11 20:47:11.741 W/ActivityManager( 1488): Unable to start service Intent { cmp=xin.banghua.beiyuan/com.amap.api.location.APSService (has extras) } U=0: not found
11-11 20:47:11.750 D/ConnectivityService( 1488): onForegroundActivitiesChanged: pid=17923, uid=10025, foregroundActivities=true
11-11 20:47:11.750 D/ConnectivityService( 1488): mForgroundAppName=com.android.packageinstaller
11-11 20:47:11.750 D/gamevibrator( 1488): onForegroundActivitiesChanged pid:17923, uid:10025, hasFore:true
11-11 20:47:11.753 I/PackageManager( 1488): x-------->>>>>>>> zuishang = com.android.packageinstaller
11-11 20:47:11.753 D/FeatureService( 1488): onForegroundActivitiesChanged: pid=17923, uid=10025, foregroundActivities=true
11-11 20:47:11.753 D/FeatureService( 1488): handleForgrouneAppChanged pid:17923, uid:10025 foreground:true
11-11 20:47:11.756 E/        (  644): IGNORED inject_sensor_data(type=33, handle=27) call to non-API-compliant sensor
11-11 20:47:11.768 D/UiModeManager( 1488): onForegroundActivitiesChanged: pid=17923, uid=10025, foregroundActivities=true
11-11 20:47:11.785 E/ANDR-IOP(  657): IOP HAL: Received pkg_name = xin.banghua.beiyuan pid = 0
11-11 20:47:11.786 I/sensors-hal(  644): batch:140, android.sensor.amd/21, period=200000000, max_latency=0
11-11 20:47:11.786 I/sensors-hal(  644): batch:149, android.sensor.amd/21, period=200000000, max_latency=0 request completed
11-11 20:47:11.787 I/sensors-hal(  644): activate:107, android.sensor.amd/21 en=1
11-11 20:47:11.788 I/sensors-hal(  644): ssc_enable_rt_task:295, ssc_enable_rt_task : true
11-11 20:47:11.800 E/sensors-hal(  644): handle_sns_client_event:44, amd_sample: ts=171959452070357 ns; value = [1.000000]
11-11 20:47:11.801 I/sensors-hal(  644): activate:118, android.sensor.amd/21 en=1 completed
11-11 20:47:11.802 D/GnssLocationProvider( 1488): ws--packageSource = -1
11-11 20:47:11.804 I/banghua.beiyua(23400): Rejecting re-init on previously-failed class java.lang.Class<com.amap.api.col.sl3.oa$a>: java.lang.NoClassDefFoundError: Failed resolution of: Landroid/telephony/TelephonyManager$CellInfoCallback;
11-11 20:47:11.804 I/banghua.beiyua(23400):   at void com.amap.api.col.sl3.nr.a(android.content.Context) (Aps.java:199)
11-11 20:47:11.804 I/banghua.beiyua(23400):   at com.amap.api.col.sl3.nw com.amap.api.col.sl3.d.b(com.amap.api.col.sl3.nr) (AmapLocationManager.java:5258)
11-11 20:47:11.804 I/banghua.beiyua(23400):   at void com.amap.api.col.sl3.d.d(com.amap.api.col.sl3.d) (AmapLocationManager.java:11219)
11-11 20:47:11.804 I/banghua.beiyua(23400):   at void com.amap.api.col.sl3.d$a.handleMessage(android.os.Message) (AmapLocationManager.java:1668)
11-11 20:47:11.804 I/banghua.beiyua(23400):   at void android.os.Handler.dispatchMessage(android.os.Message) (Handler.java:106)
11-11 20:47:11.804 I/banghua.beiyua(23400):   at void android.os.Looper.loop() (Looper.java:224)
11-11 20:47:11.804 I/banghua.beiyua(23400):   at void android.os.HandlerThread.run() (HandlerThread.java:65)
11-11 20:47:11.804 I/banghua.beiyua(23400):   at void com.amap.api.col.sl3.d$b.run() (AmapLocationManager.java:1500)
11-11 20:47:11.804 I/banghua.beiyua(23400): Caused by: java.lang.ClassNotFoundException: Didn't find class "android.telephony.TelephonyManager$CellInfoCallback" on path: DexPathList[[zip file "/system/framework/org.apache.http.legacy.boot.jar", zip file "/data/app/xin.banghua.beiyuan-YBby5wrh5vc5f9AGsZyRxQ==/base.apk"],nativeLibraryDirectories=[/data/app/xin.banghua.beiyuan-YBby5wrh5vc5f9AGsZyRxQ==/lib/arm64, /data/app/xin.banghua.beiyuan-YBby5wrh5vc5f9AGsZyRxQ==/base.apk!/lib/arm64-v8a, /system/lib64, /system/product/lib64]]
11-11 20:47:11.804 I/banghua.beiyua(23400):   at java.lang.Class dalvik.system.BaseDexClassLoader.findClass(java.lang.String) (BaseDexClassLoader.java:134)
11-11 20:47:11.804 I/banghua.beiyua(23400):   at java.lang.Class java.lang.ClassLoader.loadClass(java.lang.String, boolean) (ClassLoader.java:379)
11-11 20:47:11.804 I/banghua.beiyua(23400):   at java.lang.Class java.lang.ClassLoader.loadClass(java.lang.String) (ClassLoader.java:312)
11-11 20:47:11.804 I/banghua.beiyua(23400):   at void com.amap.api.col.sl3.nr.a(android.content.Context) (Aps.java:199)
11-11 20:47:11.804 I/banghua.beiyua(23400):   at com.amap.api.col.sl3.nw com.amap.api.col.sl3.d.b(com.amap.api.col.sl3.nr) (AmapLocationManager.java:5258)
11-11 20:47:11.804 I/banghua.beiyua(23400):   at void com.amap.api.col.sl3.d.d(com.amap.api.col.sl3.d) (AmapLocationManager.java:11219)
11-11 20:47:11.804 I/banghua.beiyua(23400):   at void com.amap.api.col.sl3.d$a.handleMessage(android.os.Message) (AmapLocationManager.java:1668)
11-11 20:47:11.805 I/banghua.beiyua(23400):   at void android.os.Handler.dispatchMessage(android.os.Message) (Handler.java:106)
11-11 20:47:11.805 I/banghua.beiyua(23400):   at void android.os.Looper.loop() (Looper.java:224)
11-11 20:47:11.805 I/banghua.beiyua(23400):   at void android.os.HandlerThread.run() (HandlerThread.java:65)
11-11 20:47:11.805 I/banghua.beiyua(23400):   at void com.amap.api.col.sl3.d$b.run() (AmapLocationManager.java:1500)
11-11 20:47:11.805 I/banghua.beiyua(23400): 
11-11 20:47:11.805 I/banghua.beiyua(23400): Rejecting re-init on previously-failed class java.lang.Class<com.amap.api.col.sl3.oa$a>: java.lang.NoClassDefFoundError: Failed resolution of: Landroid/telephony/TelephonyManager$CellInfoCallback;
11-11 20:47:11.805 I/banghua.beiyua(23400):   at void com.amap.api.col.sl3.nr.a(android.content.Context) (Aps.java:199)
11-11 20:47:11.805 I/banghua.beiyua(23400):   at com.amap.api.col.sl3.nw com.amap.api.col.sl3.d.b(com.amap.api.col.sl3.nr) (AmapLocationManager.java:5258)
11-11 20:47:11.805 I/banghua.beiyua(23400):   at void com.amap.api.col.sl3.d.d(com.amap.api.col.sl3.d) (AmapLocationManager.java:11219)
11-11 20:47:11.805 I/banghua.beiyua(23400):   at void com.amap.api.col.sl3.d$a.handleMessage(android.os.Message) (AmapLocationManager.java:1668)
11-11 20:47:11.805 I/banghua.beiyua(23400):   at void android.os.Handler.dispatchMessage(android.os.Message) (Handler.java:106)
11-11 20:47:11.805 I/banghua.beiyua(23400):   at void android.os.Looper.loop() (Looper.java:224)
11-11 20:47:11.805 I/banghua.beiyua(23400):   at void android.os.HandlerThread.run() (HandlerThread.java:65)
11-11 20:47:11.805 I/banghua.beiyua(23400):   at void com.amap.api.col.sl3.d$b.run() (AmapLocationManager.java:1500)
11-11 20:47:11.805 I/banghua.beiyua(23400): Caused by: java.lang.ClassNotFoundException: Didn't find class "android.telephony.TelephonyManager$CellInfoCallback" on path: DexPathList[[zip file "/system/framework/org.apache.http.legacy.boot.jar", zip file "/data/app/xin.banghua.beiyuan-YBby5wrh5vc5f9AGsZyRxQ==/base.apk"],nativeLibraryDirectories=[/data/app/xin.banghua.beiyuan-YBby5wrh5vc5f9AGsZyRxQ==/lib/arm64, /data/app/xin.banghua.beiyuan-YBby5wrh5vc5f9AGsZyRxQ==/base.apk!/lib/arm64-v8a, /system/lib64, /system/product/lib64]]
11-11 20:47:11.805 I/banghua.beiyua(23400):   at java.lang.Class dalvik.system.BaseDexClassLoader.findClass(java.lang.String) (BaseDexClassLoader.java:134)
11-11 20:47:11.805 I/banghua.beiyua(23400):   at java.lang.Class java.lang.ClassLoader.loadClass(java.lang.String, boolean) (ClassLoader.java:379)
11-11 20:47:11.805 I/banghua.beiyua(23400):   at java.lang.Class java.lang.ClassLoader.loadClass(java.lang.String) (ClassLoader.java:312)
11-11 20:47:11.805 I/banghua.beiyua(23400):   at void com.amap.api.col.sl3.nr.a(android.content.Context) (Aps.java:199)
11-11 20:47:11.805 I/banghua.beiyua(23400):   at com.amap.api.col.sl3.nw com.amap.api.col.sl3.d.b(com.amap.api.col.sl3.nr) (AmapLocationManager.java:5258)
11-11 20:47:11.805 I/banghua.beiyua(23400):   at void com.amap.api.col.sl3.d.d(com.amap.api.col.sl3.d) (AmapLocationManager.java:11219)
11-11 20:47:11.805 I/banghua.beiyua(23400):   at void com.amap.api.col.sl3.d$a.handleMessage(android.os.Message) (AmapLocationManager.java:1668)
11-11 20:47:11.805 I/banghua.beiyua(23400):   at void android.os.Handler.dispatchMessage(android.os.Message) (Handler.java:106)
11-11 20:47:11.805 I/banghua.beiyua(23400):   at void android.os.Looper.loop() (Looper.java:224)
11-11 20:47:11.805 I/banghua.beiyua(23400):   at void android.os.HandlerThread.run() (HandlerThread.java:65)
11-11 20:47:11.805 I/banghua.beiyua(23400):   at void com.amap.api.col.sl3.d$b.run() (AmapLocationManager.java:1500)
11-11 20:47:11.805 I/banghua.beiyua(23400): 
11-11 20:47:11.807 I/GnssLocationProvider( 1488): WakeLock released by handleMessage(SET_REQUEST, 0, com.android.server.location.GnssLocationProvider$GpsRequest@5fb926c)
11-11 20:47:11.807 D/GnssLocationProvider( 1488): currentInterval: 900 mCurrentRestartStatus: 0 mSingleShot: false
11-11 20:47:11.808 I/GnssLocationProvider( 1488): WakeLock released by handleMessage(MSG_START_NAVIGATION, 900, null)
11-11 20:47:11.823 I/[RC:L-get_navi-R](23400): {"ptid":"23440-2213","code":200,"url":"http://nav.cn.ronghub.com/navi.xml","duration":119,"ip":"114.236.93.72"}
11-11 20:47:11.834 I/WifiService( 1488): startScan uid=10181
11-11 20:47:11.841 I/[RC:L-decode_navi-S](23400): {"ptid":"23440-2213","code":0}
11-11 20:47:11.842 D/WifiScanningService( 1488): startSingleScan
11-11 20:47:11.845 V/AlarmAlign( 1488): setLocked to kernel, type = 2, when = 171974586, curTime = 171959586
11-11 20:47:11.855 D/RongLog (23440): [RongLog][ CMPStrategy ] get cmp list from navi:120.131.10.3:443,120.131.10.3:8000,t-tcpproxy-cn.ronghub.com:443,t-tcpproxy-cn.ronghub.com:8100
11-11 20:47:11.857 D/RongLog (23440): [RongLog][ NativeClient ] [connect] get cmp success
11-11 20:47:11.860 I/[RC:L-Env-S](23400): {"ptid":"23440-2213","private":false}
11-11 20:47:11.861 D/FwLog   (23400): setLogMonitor = 1610611711
11-11 20:47:11.865 I/RongLog (23440): [RongLog][ NavigationCacheHelper ] isConnPolicyEnable, userPolicy = false, naviPolicy = true
11-11 20:47:11.867 D/RongLog (23440): [RongLog][ CMPStrategy ] getCmpEntries from SP.
11-11 20:47:11.867 D/LocationAccessPolicy( 1488): isWhiteList: com.amap.android.location
11-11 20:47:11.868 E/LocationAccessPolicy( 1488): canAccessCellLocation in whitList. uid = 10033, pkgName = com.amap.android.location
11-11 20:47:11.870 D/RongLog (23440): [RongLog][ NativeClient ] [connect] tryConnect: times = 1, isRetry = false, userPolicy = true
11-11 20:47:11.874 W/WindowManager( 1488): Failed looking up window callers=com.android.server.wm.VivoBaseWindowManagerService.adjustDisplayIdForWindow:784 com.android.server.wm.WindowManagerService.addWindow:1438 com.android.server.wm.Session.addToDisplay:208 
11-11 20:47:11.874 D/RongLog (23440): [RongLog][ NativeClient ] [connect] device info: vivo, V1928A, 28, 2.10.4.1, 4G, 46011
11-11 20:47:11.875 D/RongLog (23440): [RongLog][ NativeClient ] [connect] tryConnect::cmp:120.131.10.3:443,120.131.10.3:8000,t-tcpproxy-cn.ronghub.com:443,t-tcpproxy-cn.ronghub.com:8100, userId : 51527
11-11 20:47:11.876 D/LocationAccessPolicy( 2659): isWhiteList: com.amap.android.location
11-11 20:47:11.877 E/LocationAccessPolicy( 2659): canAccessCellLocation in whitList. uid = 10033, pkgName = com.amap.android.location
11-11 20:47:11.877 I/[RC:P-connect-T](23400): {"ptid":"23440-2*","strategy":"parallel","cached":"120.131.10.3:443,120.131.10.3:8000,t-tcpproxy-cn.ronghub.com:443,t-tcpproxy-cn.ronghub.com:8100","use":"120.131.10.3:443,120.131.10.3:8000,t-tcpproxy-cn.ronghub.com:443,t-tcpproxy-cn.ronghub.com:8100"}
11-11 20:47:11.880 I/RongLog (23440): [RongLog][ NavigationClient ] request end: 200, force = true
11-11 20:47:11.887 I/ActivityWatcher( 1488): activity state: 0
11-11 20:47:11.887 D/LocationAccessPolicy( 2659): isWhiteList: com.amap.android.location
11-11 20:47:11.888 E/LocationAccessPolicy( 2659): canAccessCellLocation in whitList. uid = 10033, pkgName = com.amap.android.location
11-11 20:47:11.891 I/TouchMotionHandler(17923): handler onAttached
11-11 20:47:11.893 D/Uniquelogin(23400): run: 对比Uniquetokentrue
11-11 20:47:11.902 D/LocationAccessPolicy( 2659): isWhiteList: com.amap.android.location
11-11 20:47:11.903 E/LocationAccessPolicy( 2659): canAccessCellLocation in whitList. uid = 10033, pkgName = com.amap.android.location
11-11 20:47:11.907 I/FaceDetectService( 1488): notifyFaceDetectKeyHandler action: 17
11-11 20:47:11.909 D/RongLog (23440): [RongLog][ NativeClient ] onDatabaseOpened.
11-11 20:47:11.910 I/[RC:A-connect-S](23400): {"ptid":"23400-2194","code":0}
11-11 20:47:11.911 I/RongLog (23400): [RongLog][ RongIMClient ] DatabaseOpenStatus = 0
11-11 20:47:11.911 I/[RC:A-connect-S](23400): {"ptid":"23400-2194","code":0}
11-11 20:47:11.911 I/RongLog (23400): [RongLog][ RongIMClient ] DatabaseOpenStatus = 0
11-11 20:47:11.915 E/        (  689): IProducerListener: malformed binder reply
11-11 20:47:11.928 E/SurfaceFlinger(  689): SurfaceFlinger::onTransact, setPasswordMode: value = 0 
11-11 20:47:11.960 I//vendor/bin/hw/vendor.qti.hardware.servicetracker@1.0-service(  666): unbindService is called for service : com.vivo.secime.service/.SecIME and for client system
11-11 20:47:11.966 I/[RC:P-connect_entry-S](23400): {"ptid":"23440-2207","code":0,"cmp":"120.131.10.3:443","duration":44}
11-11 20:47:11.967 E/SogouIME-412384_20200114( 5131): SogouIME#onUnbindInput():15464 onUnbindInput
11-11 20:47:11.969 E/RongLog (23440): [RongLog][ NativeClient ] connectionCollection onComplete120.131.10.3 443 0 44
11-11 20:47:11.970 E/SogouIME-412384_20200114( 5131): SogouIME#onBindInput():15484 onBindInput
11-11 20:47:11.970 E/[RC:P-connect_entry-S](23400): {"ptid":"23440-2207","code":-1,"cmp":"120.131.10.3:8000","duration":0}
11-11 20:47:11.971 E/RongLog (23440): [RongLog][ NativeClient ] connectionCollection onComplete120.131.10.3 8000 -1 0
11-11 20:47:11.972 E/[RC:P-connect_entry-S](23400): {"ptid":"23440-2207","code":-1,"cmp":"t-tcpproxy-cn.ronghub.com:443","duration":0}
11-11 20:47:11.972 E/RongLog (23440): [RongLog][ NativeClient ] connectionCollection onCompletet-tcpproxy-cn.ronghub.com 443 -1 0
11-11 20:47:11.974 E/[RC:P-connect_entry-S](23400): {"ptid":"23440-2207","code":-1,"cmp":"t-tcpproxy-cn.ronghub.com:8100","duration":0}
11-11 20:47:11.974 E/RongLog (23440): [RongLog][ NativeClient ] connectionCollection onCompletet-tcpproxy-cn.ronghub.com 8100 -1 0
11-11 20:47:11.976 I/ActivityManager( 1488): Displayed com.android.packageinstaller/.permission.ui.GrantPermissionsActivity: +129ms
11-11 20:47:11.983 I/ConfigStore(  689): android::hardware::configstore::V1_0::ISurfaceFlingerConfigs::hasHDRDisplay retrieved: 0
11-11 20:47:11.983 I/ConfigStore(  689): android::hardware::configstore::V1_0::ISurfaceFlingerConfigs::hasHDRDisplay retrieved: 0
11-11 20:47:11.991 D/SurfaceFlinger(  689): duplicate layer name: changing Surface(name=253c304 com.android.packageinstaller/com.android.packageinstaller.permission.ui.GrantPermissionsActivity)/@0x18eec2b - animation-leash to Surface(name=253c304 com.android.packageinstaller/com.android.packageinstaller.permission.ui.GrantPermissionsActivity)/@0x18eec2b - animation-leash#1
11-11 20:47:11.999 D/SogouIME( 5131): SogouIME mHandler = 98
11-11 20:47:11.999 I/ConfigStore(  689): android::hardware::configstore::V1_0::ISurfaceFlingerConfigs::hasHDRDisplay retrieved: 0
11-11 20:47:12.000 I/chatty  (  689): uid=1000(system) /system/bin/surfaceflinger identical 2 lines
11-11 20:47:12.000 I/ConfigStore(  689): android::hardware::configstore::V1_0::ISurfaceFlingerConfigs::hasHDRDisplay retrieved: 0
11-11 20:47:12.004 D/TuijianFragment(23400): run: Slide发送的值[{"id":"32","slidesort":"推荐","slidename":"排序：按照会员天数排序，会员天数越多排名越高","slidepicture":"https:\/\/appletattachment.oss-cn-beijing.aliyuncs.com\/images\/34\/2020\/03\/hlyq5i2m96IlRltRQYt8yYkAzrlzy2.jpg","slideurl":"https:\/\/www.chengzijianzhan.com\/tetris\/page\/6774435626746904584\/"},{"id":"51","slidesort":"推荐","slidename":"排序：按照会员天数排序，会员天数越多排名越高","slidepicture":"https:\/\/appletattachment.oss-cn-beijing.aliyuncs.com\/images\/34\/2020\/03\/hlyq5i2m96IlRltRQYt8yYkAzrlzy2.jpg","slideurl":"https:\/\/www.chengzijianzhan.com\/tetris\/page\/6774435626746904584\/"}]
11-11 20:47:12.008 E/RecyclerView(23400): No adapter attached; skipping layout
11-11 20:47:12.008 D/MainActivity(23400): 对比值:0
11-11 20:47:12.015 I/ConfigStore(  689): android::hardware::configstore::V1_0::ISurfaceFlingerConfigs::hasHDRDisplay retrieved: 0
11-11 20:47:12.015 I/chatty  (  689): uid=1000(system) /system/bin/surfaceflinger identical 2 lines
11-11 20:47:12.016 I/ConfigStore(  689): android::hardware::configstore::V1_0::ISurfaceFlingerConfigs::hasHDRDisplay retrieved: 0
11-11 20:47:12.017 D/TuijianFragment(23400): handleMessage: 幻灯片接收的值[{"id":"32","slidesort":"推荐","slidename":"排序：按照会员天数排序，会员天数越多排名越高","slidepicture":"https:\/\/appletattachment.oss-cn-beijing.aliyuncs.com\/images\/34\/2020\/03\/hlyq5i2m96IlRltRQYt8yYkAzrlzy2.jpg","slideurl":"https:\/\/www.chengzijianzhan.com\/tetris\/page\/6774435626746904584\/"},{"id":"51","slidesort":"推荐","slidename":"排序：按照会员天数排序，会员天数越多排名越高","slidepicture":"https:\/\/appletattachment.oss-cn-beijing.aliyuncs.com\/images\/34\/2020\/03\/hlyq5i2m96IlRltRQYt8yYkAzrlzy2.jpg","slideurl":"https:\/\/www.chengzijianzhan.com\/tetris\/page\/6774435626746904584\/"}]
11-11 20:47:12.018 D/SharedHelper(23400): readUserInfo: 读取的用户名{userPortrait=https://moyuanoss.oss-cn-shanghai.aliyuncs.com/images/34/2020/02/HZD8Y27PIaYR9iYD3TD2d7yD06bB78.jpg, userRegion=北京-北京, userProperty=Z, userGender=男, userNickName=找人, userID=51527, userAge=18}
11-11 20:47:12.021 D/RongLog (23440): [RongLog][ NativeClient ] [connect] operationComplete status:0, logInfo:
11-11 20:47:12.022 D/Linux   (23400): [Posix_connect Debug]Process xin.banghua.beiyuan :443 
11-11 20:47:12.023 I/[RC:P-connect-R](23400): {"ptid":"23440-2207","status_code":0,"user_id":"51527","native_code":0,"duration":59,"network":"4G"}
11-11 20:47:12.024 D/RongLog (23440): [RongLog][ NativeClient ] [connect] tryConnect::onSuccess userId = 51527
11-11 20:47:12.025 D/RongLog (23440): [RongLog][ WakeLockUtils ] startNextHeartbeat xin.banghua.beiyuan
11-11 20:47:12.027 I/[RC:L-ping-S](23400): {"ptid":"23440-2207","interval":150000,"enabled":true}
11-11 20:47:12.028 D/Linux   (23400): [Posix_connect Debug]Process xin.banghua.beiyuan :443 
11-11 20:47:12.032 I/ConfigStore(  689): android::hardware::configstore::V1_0::ISurfaceFlingerConfigs::hasHDRDisplay retrieved: 0
11-11 20:47:12.033 I/chatty  (  689): uid=1000(system) /system/bin/surfaceflinger identical 2 lines
11-11 20:47:12.033 I/ConfigStore(  689): android::hardware::configstore::V1_0::ISurfaceFlingerConfigs::hasHDRDisplay retrieved: 0
11-11 20:47:12.033 V/AlarmAlign( 1488): setLocked to kernel, type = 2, when = 171974586, curTime = 171959775
11-11 20:47:12.034 I/[RC:L-connect-R](23400): {"ptid":"23400-2194","code":0,"sequences":0}
11-11 20:47:12.034 D/RongLog (23400): [RongLog][ RongIMClient ] [connect] callback onComplete
11-11 20:47:12.034 D/[RC:L-connect-S](23400): {"ptid":"23400-2194","last_status":1,"status":0}
11-11 20:47:12.034 D/RongLog (23400): [RongLog][ RongIMClient ] onStatusChange : cur = CONNECTING, to = CONNECTED, retry = 0, cfg = 10
11-11 20:47:12.038 D/RongLog (23400): [RongLog][ RongIM ] ConnectionStatusListener onChanged : CONNECTED
11-11 20:47:12.038 I/RongLog (23400): [RongLog][ RongIMClient ] connect success and start replenish heartbeat in foreground
11-11 20:47:12.038 D/RongLog (23400): [RongLog][ RongIM ] ConnectionStatusListener not get notificationQuietHours, get again
11-11 20:47:12.039 D/RongLog (23440): [RongLog][ NativeClient ] start replenish heartbeat
11-11 20:47:12.040 W/RongLog (23400): [RongLog][ RongIMClient ] Release cached callback : io.rong.imlib.RongIMClient$4@ed611ab
11-11 20:47:12.041 I/[RC:L-connect-R](23400): {"ptid":"23400-2194","code":0,"sequences":0}
11-11 20:47:12.042 D/Event   (23400): No subscribers registered for event class io.rong.imlib.RongIMClient$ConnectionStatusListener$ConnectionStatus
11-11 20:47:12.042 D/Event   (23400): No subscribers registered for event class io.rong.eventbus.NoSubscriberEvent
11-11 20:47:12.043 I/[RC:A-connect-R](23400): {"ptid":"23400-2*","code":0,"user_id":"51527"}
11-11 20:47:12.044 I/[RC:L-ping-S](23400): {"ptid":"23440-2211","interval":2000,"enabled":true}
11-11 20:47:12.048 D/RONGCLOUD(23400): --onSuccess51527
11-11 20:47:12.048 I/ConfigStore(  689): android::hardware::configstore::V1_0::ISurfaceFlingerConfigs::hasHDRDisplay retrieved: 0
11-11 20:47:12.049 I/chatty  (  689): uid=1000(system) /system/bin/surfaceflinger identical 2 lines
11-11 20:47:12.049 I/ConfigStore(  689): android::hardware::configstore::V1_0::ISurfaceFlingerConfigs::hasHDRDisplay retrieved: 0
11-11 20:47:12.051 I/RongLog (23400): [RongLog][ InternalModuleManager ] onConnected
11-11 20:47:12.052 I/[RC:A-connect-R](23400): {"ptid":"23400-2*","code":0,"user_id":"51527"}
11-11 20:47:12.052 D/RONGCLOUD(23400): --onSuccess51527
11-11 20:47:12.053 I/RongLog (23400): [RongLog][ InternalModuleManager ] onConnected
11-11 20:47:12.053 D/RongLog (23400): [RongLog][ UnReadMessageManager ] get result: 0
11-11 20:47:12.055 I/chatty  (23400): uid=10181(xin.banghua.beiyuan) identical 2 lines
11-11 20:47:12.063 D/RongLog (23400): [RongLog][ UnReadMessageManager ] get result: 0
11-11 20:47:12.065 I/ConfigStore(  689): android::hardware::configstore::V1_0::ISurfaceFlingerConfigs::hasHDRDisplay retrieved: 0
11-11 20:47:12.115 I/chatty  (  689): uid=1000(system) /system/bin/surfaceflinger identical 14 lines
11-11 20:47:12.115 I/ConfigStore(  689): android::hardware::configstore::V1_0::ISurfaceFlingerConfigs::hasHDRDisplay retrieved: 0
11-11 20:47:12.131 I/ConfigStore(  689): android::hardware::configstore::V1_0::ISurfaceFlingerConfigs::hasHDRDisplay retrieved: 0
11-11 20:47:12.148 I/chatty  (  689): uid=1000(system) /system/bin/surfaceflinger identical 6 lines
11-11 20:47:12.149 I/ConfigStore(  689): android::hardware::configstore::V1_0::ISurfaceFlingerConfigs::hasHDRDisplay retrieved: 0
11-11 20:47:12.151 I/SurfaceFlinger(  689): FPS: 37
11-11 20:47:12.158 D/RongLog (23440): [RongLog][ NativeClient ] onReceived batch of messages.
11-11 20:47:12.165 I/ConfigStore(  689): android::hardware::configstore::V1_0::ISurfaceFlingerConfigs::hasHDRDisplay retrieved: 0
11-11 20:47:12.166 I/chatty  (  689): uid=1000(system) /system/bin/surfaceflinger identical 2 lines
11-11 20:47:12.166 I/ConfigStore(  689): android::hardware::configstore::V1_0::ISurfaceFlingerConfigs::hasHDRDisplay retrieved: 0
11-11 20:47:12.167 I/RongLog (23400): [RongLog][ RongIMClient ] onReceived : 2 RC:TxtMsg, sender = 2, uid = BLMC-3CJU-0M04-3S8U
11-11 20:47:12.169 I/RongLog (23400): [RongLog][ RongIMClient ] onReceived : 2 RC:TxtMsg, sender = 2, uid = BLMC-40DJ-FTK4-3S8U
11-11 20:47:12.170 I/RongLog (23400): [RongLog][ RongIMClient ] onReceived : 2 RC:TxtMsg, sender = 2, uid = BLMG-EFGC-FFK4-3S8U
11-11 20:47:12.171 I/RongLog (23400): [RongLog][ RongIMClient ] onReceived : 2 RC:TxtMsg, sender = 2, uid = BLMS-37JU-QC04-3S8U
11-11 20:47:12.171 I/RongLog (23400): [RongLog][ RongIMClient ] onReceived : 2 RC:TxtMsg, sender = 2, uid = BLMS-3CRE-SHQ4-3S8U
11-11 20:47:12.172 I/RongLog (23400): [RongLog][ RongIMClient ] onReceived : 2 RC:TxtMsg, sender = 2, uid = BLMS-79MI-13I4-3S8U
11-11 20:47:12.172 I/RongLog (23400): [RongLog][ RongIMClient ] onReceived : 2 RC:TxtMsg, sender = 2, uid = BLMS-7P8G-9P64-3S8U
11-11 20:47:12.173 I/RongLog (23400): [RongLog][ RongIMClient ] onReceived : 2 RC:TxtMsg, sender = 2, uid = BLMS-86KF-0UQ4-3S8U
11-11 20:47:12.173 I/RongLog (23400): [RongLog][ RongIMClient ] onReceived : 2 RC:TxtMsg, sender = 2, uid = BLMS-8I3K-72S4-3S8U
11-11 20:47:12.173 I/RongLog (23400): [RongLog][ RongIMClient ] onReceived : 2 RC:TxtMsg, sender = 2, uid = BLMS-9901-S6G4-3S8U
11-11 20:47:12.174 I/RongLog (23400): [RongLog][ RongIMClient ] onReceived : 2 RC:TxtMsg, sender = 2, uid = BLMS-9LVQ-3804-3S8U
11-11 20:47:12.175 I/RongLog (23400): [RongLog][ RongIMClient ] onReceived : 2 RC:TxtMsg, sender = 2, uid = BLMS-AD0K-7OM4-3S8U
11-11 20:47:12.180 I/RongLog (23400): [RongLog][ RongIMClient ] onReceived : 2 RC:TxtMsg, sender = 2, uid = BLMS-ETA3-3DG4-3S8U
11-11 20:47:12.181 I/RongLog (23400): [RongLog][ RongIMClient ] onReceived : 2 RC:TxtMsg, sender = 2, uid = BLMS-FCGH-IVO4-3S8U
11-11 20:47:12.181 I/ConfigStore(  689): android::hardware::configstore::V1_0::ISurfaceFlingerConfigs::hasHDRDisplay retrieved: 0
11-11 20:47:12.181 I/RongLog (23400): [RongLog][ RongIMClient ] onReceived : 2 RC:TxtMsg, sender = 2, uid = BLMS-GCKI-BUA4-3S8U
11-11 20:47:12.181 I/ConfigStore(  689): android::hardware::configstore::V1_0::ISurfaceFlingerConfigs::hasHDRDisplay retrieved: 0
11-11 20:47:12.182 I/RongLog (23400): [RongLog][ RongIMClient ] onReceived : 2 RC:TxtMsg, sender = 2, uid = BLMS-IHD5-P7M4-3S8U
11-11 20:47:12.182 I/ConfigStore(  689): android::hardware::configstore::V1_0::ISurfaceFlingerConfigs::hasHDRDisplay retrieved: 0
11-11 20:47:12.182 I/ConfigStore(  689): android::hardware::configstore::V1_0::ISurfaceFlingerConfigs::hasHDRDisplay retrieved: 0
11-11 20:47:12.182 I/RongLog (23400): [RongLog][ RongIMClient ] onReceived : 2 RC:TxtMsg, sender = 2, uid = BLMS-ILFT-JNQ4-3S8U
11-11 20:47:12.183 I/RongLog (23400): [RongLog][ RongIMClient ] onReceived : 2 RC:TxtMsg, sender = 2, uid = BLMS-KNG9-9624-3S8U
11-11 20:47:12.183 I/RongLog (23400): [RongLog][ RongIMClient ] onReceived : 2 RC:TxtMsg, sender = 2, uid = BLMS-KQFM-ATE4-3S8U
11-11 20:47:12.184 I/RongLog (23400): [RongLog][ RongIMClient ] onReceived : 2 RC:TxtMsg, sender = 2, uid = BLMS-L625-PJ84-3S8U
11-11 20:47:12.184 I/RongLog (23400): [RongLog][ RongIMClient ] onReceived : 2 RC:TxtMsg, sender = 2, uid = BLMS-LM68-R8M4-3S8U
11-11 20:47:12.185 I/RongLog (23400): [RongLog][ RongIMClient ] onReceived : 2 RC:TxtMsg, sender = 2, uid = BLMS-LPES-D4O4-3S8U
11-11 20:47:12.185 I/RongLog (23400): [RongLog][ RongIMClient ] onReceived : 2 RC:TxtMsg, sender = 2, uid = BLMS-LT8R-FHQ4-3S8U
11-11 20:47:12.186 I/RongLog (23400): [RongLog][ RongIMClient ] onReceived : 2 RC:TxtMsg, sender = 2, uid = BLMS-M2LN-34U4-3S8U
11-11 20:47:12.186 I/RongLog (23400): [RongLog][ RongIMClient ] onReceived : 2 RC:TxtMsg, sender = 2, uid = BLMS-MTG0-TE84-3S8U
11-11 20:47:12.186 I/RongLog (23400): [RongLog][ RongIMClient ] onReceived : 2 RC:TxtMsg, sender = 2, uid = BLMS-OC52-ML64-3S8U
11-11 20:47:12.187 I/RongLog (23400): [RongLog][ RongIMClient ] onReceived : 2 RC:TxtMsg, sender = 2, uid = BLMS-PQLD-J264-3S8U
11-11 20:47:12.187 I/RongLog (23400): [RongLog][ RongIMClient ] onReceived : 2 RC:TxtMsg, sender = 2, uid = BLMS-QJ7L-2FQ4-3S8U
11-11 20:47:12.187 I/RongLog (23400): [RongLog][ RongIMClient ] onReceived : 2 RC:TxtMsg, sender = 2, uid = BLMT-0NVI-3SK4-3S8U
11-11 20:47:12.188 I/RongLog (23400): [RongLog][ RongIMClient ] onReceived : 2 RC:TxtMsg, sender = 2, uid = BLMT-0VS4-92S4-3S8U
11-11 20:47:12.189 I/RongLog (23400): [RongLog][ RongIMClient ] onReceived : 2 RC:TxtMsg, sender = 2, uid = BLMT-11RG-Q3A4-3S8U
11-11 20:47:12.189 I/RongLog (23400): [RongLog][ RongIMClient ] onReceived : 2 RC:TxtMsg, sender = 2, uid = BLMT-3NO9-GJQ4-3S8U
11-11 20:47:12.190 I/RongLog (23400): [RongLog][ RongIMClient ] onReceived : 2 RC:ReadNtf, sender = 51527, uid = BLMT-3QPC-1OI4-001I
11-11 20:47:12.190 D/RongLog (23400): [RongLog][ UnReadMessageManager ] SyncReadStatusEvent 0
11-11 20:47:12.190 I/RongLog (23400): [RongLog][ RongIMClient ] onReceived : 2 RC:TxtMsg, sender = 2, uid = BLMT-3SO6-CIS4-3S8U
11-11 20:47:12.191 I/RongLog (23400): [RongLog][ RongIMClient ] onReceived : 2 RC:TxtMsg, sender = 2, uid = BLMT-41AI-UV04-3S8U
11-11 20:47:12.192 I/RongLog (23400): [RongLog][ RongIMClient ] onReceived : 2 RC:TxtMsg, sender = 2, uid = BLMT-4LF4-JJ04-3S8U
11-11 20:47:12.195 D/RongLog (23400): [RongLog][ UnReadMessageManager ] get result: 3
11-11 20:47:12.196 D/RongLog (23400): [RongLog][ UnReadMessageManager ] get result: 3
11-11 20:47:12.198 I/ConfigStore(  689): android::hardware::configstore::V1_0::ISurfaceFlingerConfigs::hasHDRDisplay retrieved: 0
11-11 20:47:12.232 I/chatty  (  689): uid=1000(system) /system/bin/surfaceflinger identical 10 lines
11-11 20:47:12.232 I/ConfigStore(  689): android::hardware::configstore::V1_0::ISurfaceFlingerConfigs::hasHDRDisplay retrieved: 0
11-11 20:47:12.243 D/LocationService(23400): 定位地址：纬度32.178545|经度：118.595558
11-11 20:47:12.243 D/SharedHelper(23400): readUserInfo: 读取的用户名{userPortrait=https://moyuanoss.oss-cn-shanghai.aliyuncs.com/images/34/2020/02/HZD8Y27PIaYR9iYD3TD2d7yD06bB78.jpg, userRegion=北京-北京, userProperty=Z, userGender=男, userNickName=找人, userID=51527, userAge=18}
11-11 20:47:12.249 I/ConfigStore(  689): android::hardware::configstore::V1_0::ISurfaceFlingerConfigs::hasHDRDisplay retrieved: 0
11-11 20:47:12.250 I/chatty  (  689): uid=1000(system) /system/bin/surfaceflinger identical 2 lines
11-11 20:47:12.250 I/ConfigStore(  689): android::hardware::configstore::V1_0::ISurfaceFlingerConfigs::hasHDRDisplay retrieved: 0
11-11 20:47:12.255 D/Linux   (23400): [Posix_connect Debug]Process xin.banghua.beiyuan :443 
11-11 20:47:12.257 D/ActivityTrigger( 1488): ActivityTrigger activityStopTrigger 
11-11 20:47:12.259 D/App     (23400): onActivitySaveInstanceState: 
11-11 20:47:12.259 I/RongLog (23400): [RongLog][ RongIMClient ] saveInstance
11-11 20:47:12.259 D/App     (23400): onActivityStopped:
11-11 20:47:12.261 E/libc    (23400): Access denied finding property "persist.vendor.radio.msim.stackid_0"
11-11 20:47:12.256 W/amapLocManagerT(23400): type=1400 audit(0.0:71167): avc: denied { read } for name="u:object_r:vendor_radio_prop:s0" dev="tmpfs" ino=17955 scontext=u:r:untrusted_app_27:s0:c512,c768 tcontext=u:object_r:vendor_radio_prop:s0 tclass=file permissive=0
11-11 20:47:12.266 I/ConfigStore(  689): android::hardware::configstore::V1_0::ISurfaceFlingerConfigs::hasHDRDisplay retrieved: 0
11-11 20:47:12.266 I/ConfigStore(  689): android::hardware::configstore::V1_0::ISurfaceFlingerConfigs::hasHDRDisplay retrieved: 0
11-11 20:47:12.282 I/ConfigStore(  689): android::hardware::configstore::V1_0::ISurfaceFlingerConfigs::hasHDRDisplay retrieved: 0
11-11 20:47:12.283 I/ConfigStore(  689): android::hardware::configstore::V1_0::ISurfaceFlingerConfigs::hasHDRDisplay retrieved: 0
11-11 20:47:12.284 D/RongLog (23400): [RongLog][ SystemUtils ] the process is in foreground:xin.banghua.beiyuan
11-11 20:47:12.284 D/RongLog (23400): [RongLog][ MessageNotificationManager ] isInBackground:false
