11-11 20:47:46.850 E/BitmapFactory( 2293): Unable to decode stream: java.io.FileNotFoundException: /oem/etc/theme/icons/dynamic_icon/com.bbk.calendar/res/drawable-sw360dp-xhdpi/calendar_bg.png (No such file or directory)
11-11 20:47:47.093 I/chatty  ( 2293): uid=10027(com.android.systemui) AsyncTask #223 identical 11 lines
11-11 20:47:47.149 D/SogouIME( 5131): SogouIME mHandler = 108
11-11 20:47:47.149 D/SogouIME( 5131): SogouIME mHandler = 24
11-11 20:47:47.352 I/ConfigStore(  689): android::hardware::configstore::V1_0::ISurfaceFlingerConfigs::hasHDRDisplay retrieved: 0
11-11 20:47:47.353 I/chatty  (  689): uid=1000(system) /system/bin/surfaceflinger identical 1 line
11-11 20:47:47.354 I/ConfigStore(  689): android::hardware::configstore::V1_0::ISurfaceFlingerConfigs::hasHDRDisplay retrieved: 0
11-11 20:47:47.359 I/SurfaceFlinger(  689): FPS: 12
11-11 20:47:47.914 D/LocationAccessPolicy( 1488): isWhiteList: com.amap.android.location
11-11 20:47:47.915 E/LocationAccessPolicy( 1488): canAccessCellLocation in whitList. uid = 10033, pkgName = com.amap.android.location
11-11 20:47:47.932 D/LocationAccessPolicy( 2659): isWhiteList: com.amap.android.location
11-11 20:47:47.934 E/LocationAccessPolicy( 2659): canAccessCellLocation in whitList. uid = 10033, pkgName = com.amap.android.location
11-11 20:47:47.947 D/LocationAccessPolicy( 2659): isWhiteList: com.amap.android.location
11-11 20:47:47.948 E/LocationAccessPolicy( 2659): canAccessCellLocation in whitList. uid = 10033, pkgName = com.amap.android.location
11-11 20:47:47.973 D/LocationAccessPolicy( 2659): isWhiteList: com.amap.android.location
11-11 20:47:47.974 E/LocationAccessPolicy( 2659): canAccessCellLocation in whitList. uid = 10033, pkgName = com.amap.android.location
11-11 20:47:48.371 I/SurfaceFlinger(  689): FPS: 1
11-11 20:47:48.525 E/ThermalEngine(  792): vivo_thermal_parameter_config :VivoThermal:read type:1  buf: 1
11-11 20:47:48.525 E/ThermalEngine(  792):  
11-11 20:47:48.827 E/ANDR-PERF-MPCTL(  658): Invalid profile no. 0, total profiles 0 only
11-11 20:47:49.149 I/ConfigStore(  689): android::hardware::configstore::V1_0::ISurfaceFlingerConfigs::hasHDRDisplay retrieved: 0
11-11 20:47:49.150 I/chatty  (  689): uid=1000(system) /system/bin/surfaceflinger identical 1 line
11-11 20:47:49.151 I/ConfigStore(  689): android::hardware::configstore::V1_0::ISurfaceFlingerConfigs::hasHDRDisplay retrieved: 0
11-11 20:47:46.143 I/chatty  ( 1488): uid=1000 system_server identical 6 lines
11-11 20:47:46.199 D/NotificationService( 1488): handleSavePolicyFile
11-11 20:47:49.700 I/SurfaceFlinger(  689): FPS: 17
11-11 20:47:49.707 E/sensors-hal(  644): handle_sns_client_event:44, amd_sample: ts=171997386536763 ns; value = [2.000000]
11-11 20:47:49.745 E/        (  689): IProducerListener: malformed binder reply
11-11 20:47:49.933 I/ConfigStore(  689): android::hardware::configstore::V1_0::ISurfaceFlingerConfigs::hasHDRDisplay retrieved: 0
11-11 20:47:50.299 I/chatty  (  689): uid=1000(system) /system/bin/surfaceflinger identical 5 lines
11-11 20:47:50.299 I/ConfigStore(  689): android::hardware::configstore::V1_0::ISurfaceFlingerConfigs::hasHDRDisplay retrieved: 0
11-11 20:47:50.870 E/sensors-hal(  644): handle_sns_client_event:44, amd_sample: ts=171998517838147 ns; value = [1.000000]
11-11 20:47:50.913 D/LocationAccessPolicy( 1488): isWhiteList: com.amap.android.location
11-11 20:47:50.914 E/LocationAccessPolicy( 1488): canAccessCellLocation in whitList. uid = 10033, pkgName = com.amap.android.location
11-11 20:47:50.934 D/LocationAccessPolicy( 2659): isWhiteList: com.amap.android.location
11-11 20:47:50.937 E/LocationAccessPolicy( 2659): canAccessCellLocation in whitList. uid = 10033, pkgName = com.amap.android.location
11-11 20:47:50.950 D/LocationAccessPolicy( 2659): isWhiteList: com.amap.android.location
11-11 20:47:50.951 E/LocationAccessPolicy( 2659): canAccessCellLocation in whitList. uid = 10033, pkgName = com.amap.android.location
11-11 20:47:50.972 D/LocationAccessPolicy( 2659): isWhiteList: com.amap.android.location
11-11 20:47:50.973 E/LocationAccessPolicy( 2659): canAccessCellLocation in whitList. uid = 10033, pkgName = com.amap.android.location
11-11 20:47:51.526 E/ThermalEngine(  792): vivo_thermal_parameter_config :VivoThermal:read type:1  buf: 1
11-11 20:47:51.526 E/ThermalEngine(  792):  
11-11 20:47:51.666 I/ActivityManager( 1488): START u0 {flg=0x30008000 cmp=com.android.systemui/com.vivo.systemui.statusbar.notification.settings.channels.NotificationSettingsActivity (has extras)} from uid 10027
11-11 20:47:51.667 I/ActivityManager( 1488): send message.
11-11 20:47:51.672 W/ContextImpl( 2591): Calling a method in the system process without a qualified user: android.app.ContextImpl.bindService:1645 android.content.ContextWrapper.bindService:698 com.vivo.daemonService.i.a.a:38 com.vivo.daemonService.i.a.a:62 com.vivo.daemonService.IqooSecure.SoftwareLockService$a.activityStarting:2081 
11-11 20:47:51.676 W/ActivityManager( 1488): Unable to start service Intent { act=com.vivo.thirdappbehavior.ThirdAppBehaviorService pkg=com.vivo.abe } U=0: not found
11-11 20:47:51.677 I/ActivityManager( 1488): remove message.
11-11 20:47:51.678 I/ActivityManager( 1488): send message.
11-11 20:47:51.680 I/ActivityManager( 1488): remove message.
11-11 20:47:51.681 V/ActivityManager( 1488): setActivityType ActivityRecord{e4e819a u0 com.android.systemui/com.vivo.systemui.statusbar.notification.settings.channels.NotificationSettingsActivity d-1 s-1 t-1} packageName=com.android.systemui realActivity=com.android.systemui/com.vivo.systemui.statusbar.notification.settings.channels.NotificationSettingsActivity info.resizeMode=0
11-11 20:47:51.684 E/ANDR-PERF-MPCTL(  658): Invalid profile no. 0, total profiles 0 only
11-11 20:47:51.687 E/ANDR-PERF-LM(  658): PreKillAction: updateAppServices() 369: AppName = com.android.systemui, service Name = com.android.bluetooth/.hid.HidHostService service PID = -1
11-11 20:47:51.687 E/ANDR-PERF-LM(  658): PreKillAction: updateAppServices() 369: AppName = com.android.systemui, service Name = com.android.bluetooth/.pan.PanService service PID = -1
11-11 20:47:51.687 E/ANDR-PERF-LM(  658): PreKillAction: updateAppServices() 369: AppName = com.android.systemui, service Name = com.android.bluetooth/.map.BluetoothMapService service PID = -1
11-11 20:47:51.687 E/ANDR-PERF-LM(  658): PreKillAction: updateAppServices() 369: AppName = com.android.systemui, service Name = com.android.bluetooth/.pbap.BluetoothPbapService service PID = -1
11-11 20:47:51.687 E/ANDR-PERF-LM(  658): PreKillAction: updateAppServices() 369: AppName = com.android.systemui, service Name = com.vivo.magazine/.MagazineService service PID = 3745
11-11 20:47:51.687 E/ANDR-PERF-LM(  658): PreKillAction: updateAppServices() 369: AppName = com.android.systemui, service Name = com.android.systemui/.keyguard.KeyguardService service PID = 2293
11-11 20:47:51.687 E/ANDR-PERF-LM(  658): PreKillAction: updateAppServices() 369: AppName = com.android.systemui, service Name = com.vivo.upslide/.UpSlideService service PID = 2602
11-11 20:47:51.687 E/ANDR-PERF-LM(  658): PreKillAction: updateAppServices() 369: AppName = com.android.systemui, service Name = com.vivo.pushservice/com.vivo.core.AbeCoreService service PID = 4586
11-11 20:47:51.687 E/ANDR-PERF-LM(  658): PreKillAction: updateAppServices() 369: AppName = com.android.systemui, service Name =  service PID = -1
11-11 20:47:51.687 I/chatty  (  658): uid=0(root) PreKillActionT identical 2 lines
11-11 20:47:51.687 E/ANDR-PERF-LM(  658): PreKillAction: updateAppServices() 369: AppName = com.android.systemui, service Name =  service PID = -1
11-11 20:47:51.687 E/ANDR-PERF-LM(  658): PreKillAction: updateAppServices() 371: inRAMServiceSet size for AppName = com.android.systemui is 4
11-11 20:47:51.687 E/ANDR-PERF-LM(  658): PreKillAction: applyAction() 459: (appName,hintID,memoryToGenerate,memoryGenerated, surplusMemory) = (com.android.systemui ,4225, 0.000000, 0.000000, 0.000000)
11-11 20:47:51.687 E/ANDR-PERF-LM(  658): PreKillAction: applyAction() 471: (Service - appName,hintID,memoryToGenerate,memoryGenerated, surplusServiceMemory) = (com.android.systemui ,4225, 0.000000, 0.000000, 0.000000)
11-11 20:47:51.688 E/ANDR-PERF-JNI( 1488): com_qualcomm_qtiperformance_native_perf_io_prefetch_start
11-11 20:47:51.688 E/ANDR-IOP(  657): IOP HAL: Received pkg_name = com.android.systemui pid = -1
11-11 20:47:51.695 E/ANDR-IOP(  657): io prefetch is disabled
11-11 20:47:51.697 I/SurfaceFlinger(  689): FPS: 11
11-11 20:47:51.702 W/ActivityManager( 1488): vivo occlude resumeTop canOccclude = false next.occlude = false
11-11 20:47:51.703 D/ActivityTrigger( 1488): ActivityTrigger activityPauseTrigger 
11-11 20:47:51.709 E/BackgroundFallback( 1488): initVivoBgFallback callstackcom.android.internal.policy.DecorView.<init>:388 com.android.internal.policy.PhoneWindow.generateDecor:2446 com.android.internal.policy.PhoneWindow.installDecor:2825 com.android.internal.policy.PhoneWindow.getDecorView:2188 com.android.server.policy.PhoneWindowManager.addSplashScreen:4101 com.android.server.wm.SplashScreenStartingData.createStartingSurface:56 com.android.server.wm.AppWindowContainerController$1.run:168 android.os.Handler.handleCallback:873 android.os.Handler.dispatchMessage:99 android.os.Looper.loop:224 
11-11 20:47:51.709 W/ActivityManager( 1488): vivo occlude resumeTop canOccclude = false next.occlude = false
11-11 20:47:51.710 I/ActivityManager( 1488): The Process com.android.systemui Already Exists in BG. So sending its PID: 2293
11-11 20:47:51.710 D/RMS-PreloadedAppRecordMgr( 1488): setNeedKeepQuiet pid=2293,uid=10027,keepQuiet=false
11-11 20:47:51.710 D/RMS-PreloadedAppRecordMgr( 1488): setNeedKeepQuiet pkgName=com.android.systemui,userId=0uid=0,keepQuiet=false
11-11 20:47:51.715 I/FaceDetectService( 1488): notifyFaceDetectKeyHandler action: 17
11-11 20:47:51.720 I/ActivityWatcher( 1488): activity state: 1
11-11 20:47:51.722 W/ActivityThread( 2293): handleWindowVisibility: no activity for token android.os.BinderProxy@1e9283
11-11 20:47:51.727 E/sensors-hal(  644): handle_sns_client_event:44, amd_sample: ts=171999367801897 ns; value = [2.000000]
11-11 20:47:51.731 W/WindowManager( 1488): Failed looking up window callers=com.android.server.wm.VivoBaseWindowManagerService.adjustDisplayIdForWindow:784 com.android.server.wm.WindowManagerService.addWindow:1438 com.android.server.wm.Session.addToDisplay:208 
11-11 20:47:51.744 I/TouchMotionHandler( 1488): handler onAttached
11-11 20:47:51.756 D/NotificationOpsManager( 2293): areVivoCustomNotificationEnabledForPackage() called with: pkg = [xin.banghua.beiyuan], uid = [10181]
11-11 20:47:51.762 E/        (  689): IProducerListener: malformed binder reply
11-11 20:47:51.775 D/NotificationOpsManager( 2293): areVivoCustomNotificationEnabled() called
11-11 20:47:51.776 I/chatty  ( 2293): uid=10027(com.android.systemui) identical 1 line
11-11 20:47:51.789 D/NotificationOpsManager( 2293): areVivoCustomNotificationEnabled() called
11-11 20:47:51.792 I/ConfigStore(  689): android::hardware::configstore::V1_0::ISurfaceFlingerConfigs::hasHDRDisplay retrieved: 0
11-11 20:47:51.804 W/WindowManager( 1488): Failed looking up window callers=com.android.server.wm.VivoBaseWindowManagerService.adjustDisplayIdForWindow:784 com.android.server.wm.WindowManagerService.addWindow:1438 com.android.server.wm.Session.addToDisplay:208 
11-11 20:47:51.812 I/ActivityWatcher( 1488): activity state: 0
11-11 20:47:51.830 I/TouchMotionHandler( 2293): handler onAttached
11-11 20:47:51.841 I/FaceDetectService( 1488): notifyFaceDetectKeyHandler action: 17
11-11 20:47:51.850 E/        (  689): IProducerListener: malformed binder reply
11-11 20:47:51.876 W//vendor/bin/hw/vendor.qti.hardware.perf@1.0-service-y(  658): type=1400 audit(0.0:71178): avc: denied { search } for comm=41646170744C61756E636820566D name="1" dev="proc" ino=2109176 scontext=u:r:hal_perf_default:s0 tcontext=u:r:init:s0 tclass=dir permissive=0
11-11 20:47:51.946 I/TouchMotionHandler( 1488): handler onDetached
11-11 20:47:51.985 D/SogouIME( 5131): SogouIME mHandler = 98
11-11 20:47:52.086 D/ActivityTrigger( 1488): ActivityTrigger activityStopTrigger 
11-11 20:47:52.115 W/SurfaceFlinger(  689): Attempting to set client state on removed layer: Splash Screen com.android.systemui#0
11-11 20:47:52.116 W/SurfaceFlinger(  689): Attempting to destroy on removed layer: Splash Screen com.android.systemui#0
11-11 20:47:52.135 I/Adreno  ( 1488): QUALCOMM build                   : d77256d, I4f6179b11f
11-11 20:47:52.135 I/Adreno  ( 1488): Build Date                       : 08/06/19
11-11 20:47:52.135 I/Adreno  ( 1488): OpenGL ES Shader Compiler Version: EV031.26.03.02
11-11 20:47:52.135 I/Adreno  ( 1488): Local Branch                     : 
11-11 20:47:52.135 I/Adreno  ( 1488): Remote Branch                    : 
11-11 20:47:52.135 I/Adreno  ( 1488): Remote Branch                    : 
11-11 20:47:52.135 I/Adreno  ( 1488): Reconstruct Branch               : 
11-11 20:47:52.135 I/Adreno  ( 1488): Build Config                     : S P 6.0.9 AArch64
11-11 20:47:52.140 I/Adreno  ( 1488): PFP: 0x016ee183, ME: 0x00000000
11-11 20:47:52.142 I/ConfigStore( 1488): android::hardware::configstore::V1_0::ISurfaceFlingerConfigs::hasWideColorDisplay retrieved: 0
11-11 20:47:52.142 I/ConfigStore( 1488): android::hardware::configstore::V1_0::ISurfaceFlingerConfigs::hasHDRDisplay retrieved: 0
11-11 20:47:52.142 I/OpenGLRenderer( 1488): Initialized EGL, version 1.4
11-11 20:47:52.142 D/OpenGLRenderer( 1488): Swap behavior 2
11-11 20:47:52.212 I/ConfigStore(  689): android::hardware::configstore::V1_0::ISurfaceFlingerConfigs::hasHDRDisplay retrieved: 0
11-11 20:47:52.213 I/chatty  (  689): uid=1000(system) /system/bin/surfaceflinger identical 1 line
11-11 20:47:52.213 I/ConfigStore(  689): android::hardware::configstore::V1_0::ISurfaceFlingerConfigs::hasHDRDisplay retrieved: 0
11-11 20:47:52.333 I/system_server( 1488): NativeAlloc concurrent copying GC freed 19471(1274KB) AllocSpace objects, 14(664KB) LOS objects, 19% free, 33MB/41MB, paused 239us total 150.811ms
11-11 20:47:52.686 E/sensors-hal(  644): handle_sns_client_event:44, amd_sample: ts=172000333969293 ns; value = [1.000000]
11-11 20:47:53.064 I/SurfaceFlinger(  689): FPS: 28
11-11 20:47:53.849 I/ConfigStore(  689): android::hardware::configstore::V1_0::ISurfaceFlingerConfigs::hasHDRDisplay retrieved: 0
11-11 20:47:53.850 I/chatty  (  689): uid=1000(system) /system/bin/surfaceflinger identical 1 line
11-11 20:47:53.850 I/ConfigStore(  689): android::hardware::configstore::V1_0::ISurfaceFlingerConfigs::hasHDRDisplay retrieved: 0
11-11 20:47:53.883 D/LocationAccessPolicy( 1488): isWhiteList: com.amap.android.location
11-11 20:47:53.883 E/LocationAccessPolicy( 1488): canAccessCellLocation in whitList. uid = 10033, pkgName = com.amap.android.location
11-11 20:47:53.890 D/LocationAccessPolicy( 2659): isWhiteList: com.amap.android.location
11-11 20:47:53.891 E/LocationAccessPolicy( 2659): canAccessCellLocation in whitList. uid = 10033, pkgName = com.amap.android.location
11-11 20:47:53.897 D/LocationAccessPolicy( 2659): isWhiteList: com.amap.android.location
11-11 20:47:53.897 E/LocationAccessPolicy( 2659): canAccessCellLocation in whitList. uid = 10033, pkgName = com.amap.android.location
11-11 20:47:53.909 D/LocationAccessPolicy( 2659): isWhiteList: com.amap.android.location
11-11 20:47:53.909 E/LocationAccessPolicy( 2659): canAccessCellLocation in whitList. uid = 10033, pkgName = com.amap.android.location
11-11 20:47:54.158 W/Settings( 2293): Setting airplane_mode_on has moved from android.provider.Settings.System to android.provider.Settings.Global, returning read-only value.
11-11 20:47:54.199 I/SurfaceFlinger(  689): FPS: 17
11-11 20:47:54.280 I/ConfigStore(  689): android::hardware::configstore::V1_0::ISurfaceFlingerConfigs::hasHDRDisplay retrieved: 0
11-11 20:47:54.281 I/chatty  (  689): uid=1000(system) /system/bin/surfaceflinger identical 1 line
11-11 20:47:54.281 I/ConfigStore(  689): android::hardware::configstore::V1_0::ISurfaceFlingerConfigs::hasHDRDisplay retrieved: 0
11-11 20:47:54.479 D/Linux   ( 2673): [Posix_connect Debug]Process com.bbk.launcher2 :443 
11-11 20:47:54.528 E/ThermalEngine(  792): vivo_thermal_parameter_config :VivoThermal:read type:1  buf: 1
11-11 20:47:54.528 E/ThermalEngine(  792):  
11-11 20:47:56.197 W/Settings( 2293): Setting airplane_mode_on has moved from android.provider.Settings.System to android.provider.Settings.Global, returning read-only value.
11-11 20:47:56.233 I/ConfigStore(  689): android::hardware::configstore::V1_0::ISurfaceFlingerConfigs::hasHDRDisplay retrieved: 0
11-11 20:47:56.234 I/chatty  (  689): uid=1000(system) /system/bin/surfaceflinger identical 1 line
11-11 20:47:56.234 I/ConfigStore(  689): android::hardware::configstore::V1_0::ISurfaceFlingerConfigs::hasHDRDisplay retrieved: 0
11-11 20:47:56.237 I/SurfaceFlinger(  689): FPS: 2
11-11 20:47:56.879 D/LocationAccessPolicy( 1488): isWhiteList: com.amap.android.location
11-11 20:47:56.880 E/LocationAccessPolicy( 1488): canAccessCellLocation in whitList. uid = 10033, pkgName = com.amap.android.location
11-11 20:47:56.886 D/LocationAccessPolicy( 2659): isWhiteList: com.amap.android.location
11-11 20:47:56.887 E/LocationAccessPolicy( 2659): canAccessCellLocation in whitList. uid = 10033, pkgName = com.amap.android.location
11-11 20:47:56.893 D/LocationAccessPolicy( 2659): isWhiteList: com.amap.android.location
11-11 20:47:56.893 E/LocationAccessPolicy( 2659): canAccessCellLocation in whitList. uid = 10033, pkgName = com.amap.android.location
11-11 20:47:56.907 D/LocationAccessPolicy( 2659): isWhiteList: com.amap.android.location
11-11 20:47:56.908 E/LocationAccessPolicy( 2659): canAccessCellLocation in whitList. uid = 10033, pkgName = com.amap.android.location
11-11 20:47:57.528 E/ThermalEngine(  792): vivo_thermal_parameter_config :VivoThermal:read type:1  buf: 1
11-11 20:47:57.528 E/ThermalEngine(  792):  
11-11 20:47:58.536 W/ANDR-PERF-LM(  658): FeatureState: readState() 149: warning: appName is NULL, returning default State
11-11 20:47:58.537 I/chatty  (  658): uid=0(root) lmCoreThread identical 2 lines
11-11 20:47:58.537 W/ANDR-PERF-LM(  658): FeatureState: readState() 149: warning: appName is NULL, returning default State
11-11 20:47:58.639 I//vendor/bin/hw/vendor.qti.hardware.servicetracker@1.0-service(  666): getClientConnections called for client: com.android.systemui
11-11 20:47:58.649 I/SurfaceFlinger(  689): FPS: 1
11-11 20:47:59.214 I/ConfigStore(  689): android::hardware::configstore::V1_0::ISurfaceFlingerConfigs::hasHDRDisplay retrieved: 0
11-11 20:47:59.215 I/chatty  (  689): uid=1000(system) /system/bin/surfaceflinger identical 1 line
11-11 20:47:59.215 I/ConfigStore(  689): android::hardware::configstore::V1_0::ISurfaceFlingerConfigs::hasHDRDisplay retrieved: 0
11-11 20:47:59.896 D/LocationAccessPolicy( 1488): isWhiteList: com.amap.android.location
11-11 20:47:59.896 E/LocationAccessPolicy( 1488): canAccessCellLocation in whitList. uid = 10033, pkgName = com.amap.android.location
11-11 20:47:59.907 D/LocationAccessPolicy( 2659): isWhiteList: com.amap.android.location
11-11 20:47:59.908 E/LocationAccessPolicy( 2659): canAccessCellLocation in whitList. uid = 10033, pkgName = com.amap.android.location
11-11 20:47:59.918 D/LocationAccessPolicy( 2659): isWhiteList: com.amap.android.location
11-11 20:47:59.919 E/LocationAccessPolicy( 2659): canAccessCellLocation in whitList. uid = 10033, pkgName = com.amap.android.location
11-11 20:47:59.947 D/LocationAccessPolicy( 2659): isWhiteList: com.amap.android.location
11-11 20:47:59.950 E/LocationAccessPolicy( 2659): canAccessCellLocation in whitList. uid = 10033, pkgName = com.amap.android.location
11-11 20:48:00.001 V/AlarmAlign( 1488): mAlarmBatches = 64, triggerList = 1
11-11 20:48:00.010 V/AlarmAlign( 1488): setLocked to kernel, type = 2, when = 172053150, curTime = 172007752
11-11 20:48:00.011 V/AlarmAlign( 1488): setLocked to kernel, type = 3, when = 172026982, curTime = 172007752
11-11 20:48:00.016 V/AlarmAlign( 1488): setLocked to kernel, type = 2, when = 172053150, curTime = 172007757
11-11 20:48:00.016 V/AlarmAlign( 1488): setLocked to kernel, type = 3, when = 172026982, curTime = 172007758
11-11 20:48:00.023 D/KeyguardUpdateMonitor( 2293): handleTimeUpdate
11-11 20:48:00.056 E/BitmapFactory( 2673): Unable to decode stream: java.io.FileNotFoundException: /oem/etc/theme/icons/dynamic_icon/com.android.BBKClock/res/drawable-sw360dp-xhdpi/clock_hour.png (No such file or directory)
11-11 20:48:00.057 E/BitmapFactory( 2673): Unable to decode stream: java.io.FileNotFoundException: /oem/etc/theme/icons/dynamic_icon/com.android.BBKClock/res/drawable-sw360dp-xhdpi/clock_minute.png (No such file or directory)
11-11 20:48:00.061 E/BitmapFactory( 2673): Unable to decode stream: java.io.FileNotFoundException: /oem/etc/theme/icons/dynamic_icon/com.android.BBKClock/res/drawable-sw360dp-xhdpi/clock_dial.png (No such file or directory)
11-11 20:48:00.065 E/BitmapFactory( 2673): Unable to decode stream: java.io.FileNotFoundException: /oem/etc/theme/icons/dynamic_icon/com.android.BBKClock/res/drawable-sw360dp-xhdpi/clock_dial_center.png (No such file or directory)
11-11 20:48:00.082 I/SurfaceFlinger(  689): FPS: 28
11-11 20:48:00.529 E/ThermalEngine(  792): vivo_thermal_parameter_config :VivoThermal:read type:1  buf: 1
11-11 20:48:00.529 E/ThermalEngine(  792):  
11-11 20:48:00.687 I/ConfigStore(  689): android::hardware::configstore::V1_0::ISurfaceFlingerConfigs::hasHDRDisplay retrieved: 0
11-11 20:48:00.688 I/chatty  (  689): uid=1000(system) /system/bin/surfaceflinger identical 1 line
11-11 20:48:00.690 I/ConfigStore(  689): android::hardware::configstore::V1_0::ISurfaceFlingerConfigs::hasHDRDisplay retrieved: 0
11-11 20:48:00.745 E/sensors-hal(  644): vivo_ssc_ticks2systemtime:610, vivo ssc ticks convert to system time=23:46:54.217
11-11 20:48:00.858 E/ANDR-PERF-MPCTL(  658): Invalid profile no. 0, total profiles 0 only
11-11 20:48:01.774 I/SurfaceFlinger(  689): FPS: 32
11-11 20:48:01.963 D/SogouIME( 5131): SogouIME mHandler = 108
11-11 20:48:01.965 D/SogouIME( 5131): SogouIME mHandler = 24
11-11 20:48:01.978 E/sensors-hal(  644): handle_sns_client_event:44, amd_sample: ts=172009615003095 ns; value = [2.000000]
11-11 20:48:02.022 W/WindowManager( 1488): notify Activity finish AppWindowToken{3e4e1c1 token=Token{379e2a8 ActivityRecord{e4e819a u0 com.android.systemui/com.vivo.systemui.statusbar.notification.settings.channels.NotificationSettingsActivity d0 s31 t32}}}
11-11 20:48:02.028 D/ActivityTrigger( 1488): ActivityTrigger activityPauseTrigger 
11-11 20:48:02.040 W/ActivityManager( 1488): vivo occlude resumeTop canOccclude = false next.occlude = false
11-11 20:48:02.043 I/FaceDetectService( 1488): notifyFaceDetectKeyHandler action: 17
11-11 20:48:02.060 I/ActivityWatcher( 1488): activity state: 1
11-11 20:48:02.070 I/ActivityWatcher( 1488): activity state: 0
11-11 20:48:02.089 I/FaceDetectService( 1488): notifyFaceDetectKeyHandler action: 17
11-11 20:48:02.093 E/        (  689): IProducerListener: malformed binder reply
11-11 20:48:02.098 W/ndroid.systemu( 2293): resources.arsc in APK '/data/app/com.tencent.mm-6yXsjnpruJzlWIR-HC3woA==/base.apk' is compressed.
11-11 20:48:02.129 I/ConfigStore(  689): android::hardware::configstore::V1_0::ISurfaceFlingerConfigs::hasHDRDisplay retrieved: 0
11-11 20:48:02.165 D/SogouIME( 5131): SogouIME mHandler = 98
11-11 20:48:02.187 W/ndroid.systemu( 2293): resources.arsc in APK '/data/app/com.eg.android.AlipayGphone-co6RLs0LvN_5Mkh8Fq2AWg==/base.apk' is compressed.
11-11 20:48:02.220 W/ndroid.systemu( 2293): resources.arsc in APK '/data/app/com.youku.phone-q7cksW8JO8M8StbbFEeQ4w==/base.apk' is compressed.
11-11 20:48:02.394 I/TouchMotionHandler( 2293): handler onDetached
11-11 20:48:02.407 W/SurfaceFlinger(  689): Attempting to destroy on removed layer: AppWindowToken{3e4e1c1 token=Token{379e2a8 ActivityRecord{e4e819a u0 com.android.systemui/com.vivo.systemui.statusbar.notification.settings.channels.NotificationSettingsActivity d0 s31 t32}}}#0
11-11 20:48:02.513 I/ConfigStore(  689): android::hardware::configstore::V1_0::ISurfaceFlingerConfigs::hasHDRDisplay retrieved: 0
11-11 20:48:02.513 I/chatty  (  689): uid=1000(system) /system/bin/surfaceflinger identical 1 line
11-11 20:48:02.514 I/ConfigStore(  689): android::hardware::configstore::V1_0::ISurfaceFlingerConfigs::hasHDRDisplay retrieved: 0
11-11 20:48:02.605 I/system_server( 1488): NativeAlloc concurrent copying GC freed 12580(1047KB) AllocSpace objects, 3(60KB) LOS objects, 19% free, 33MB/41MB, paused 188us total 175.356ms
11-11 20:48:02.764 W/WindowManager( 1488): notify Activity finish AppWindowToken{271f073 token=Token{84014e2 ActivityRecord{43d59ad u0 com.android.systemui/com.vivo.systemui.statusbar.notification.settings.StatusbarSettingActivity d0 s30 t31}}}
11-11 20:48:02.770 D/ActivityTrigger( 1488): ActivityTrigger activityPauseTrigger 
11-11 20:48:02.790 W/ActivityManager( 1488): vivo occlude resumeTop canOccclude = false next.occlude = false
11-11 20:48:02.794 E/ANDR-PERF-MPCTL(  658): Invalid profile no. 0, total profiles 0 only
11-11 20:48:02.797 I/FaceDetectService( 1488): notifyFaceDetectKeyHandler action: 17
11-11 20:48:02.807 I/ActivityWatcher( 1488): activity state: 1
11-11 20:48:02.813 I/ActivityWatcher( 1488): activity state: 0
11-11 20:48:02.829 I/SurfaceFlinger(  689): FPS: 42
11-11 20:48:02.835 D/SurfaceFlinger(  689): duplicate layer name: changing com.android.systemui/com.vivo.systemui.statusbar.notification.settings.StatusbarSettingActivity to com.android.systemui/com.vivo.systemui.statusbar.notification.settings.StatusbarSettingActivity#1
11-11 20:48:02.836 I/FaceDetectService( 1488): notifyFaceDetectKeyHandler action: 17
11-11 20:48:02.840 E/        (  689): IProducerListener: malformed binder reply
11-11 20:48:02.899 D/SogouIME( 5131): SogouIME mHandler = 98
11-11 20:48:03.139 E/sensors-hal(  644): handle_sns_client_event:44, amd_sample: ts=172010785717522 ns; value = [1.000000]
11-11 20:48:03.143 I/TouchMotionHandler( 2293): handler onDetached
11-11 20:48:03.264 I/ConfigStore(  689): android::hardware::configstore::V1_0::ISurfaceFlingerConfigs::hasHDRDisplay retrieved: 0
11-11 20:48:03.264 I/chatty  (  689): uid=1000(system) /system/bin/surfaceflinger identical 1 line
11-11 20:48:03.265 I/ConfigStore(  689): android::hardware::configstore::V1_0::ISurfaceFlingerConfigs::hasHDRDisplay retrieved: 0
11-11 20:48:03.530 E/ThermalEngine(  792): vivo_thermal_parameter_config :VivoThermal:read type:1  buf: 1
11-11 20:48:03.530 E/ThermalEngine(  792):  
11-11 20:48:03.637 V/InputDispatcher( 1488): Asynchronous input event injection succeeded.
11-11 20:48:03.641 D/WindowManager( 1488): performHapticFeedbackLw = true ,effectId = 1
11-11 20:48:03.665 V/InputDispatcher( 1488): Asynchronous input event injection succeeded.
11-11 20:48:03.675 D/VolumeDialogController( 2293): onReceive ACTION_CLOSE_SYSTEM_DIALOGS
11-11 20:48:03.677 V/StatusBar( 2293): mStatusBarWindow: com.android.systemui.statusbar.phone.StatusBarWindowView{5d4baf5 V.ED..... ........ 0,0-720,56} canPanelBeCollapsed(): false
11-11 20:48:03.678 I/vol.Events( 2293): writeEvent dismiss_dialog volume_controller
11-11 20:48:03.679 D/AudioService( 1488): Volume controller visible: false
11-11 20:48:03.680 E/ActivityManager( 1488): Sending non-protected broadcast com.vivo.systemui.volume.DIALOG_STATE from system 2293:com.android.systemui/u0a27 pkg com.android.systemui
11-11 20:48:03.693 E/sensors-hal(  644): handle_sns_client_event:44, amd_sample: ts=172011340220855 ns; value = [2.000000]
11-11 20:48:03.705 I/ConfigStore(  689): android::hardware::configstore::V1_0::ISurfaceFlingerConfigs::hasHDRDisplay retrieved: 0
11-11 20:48:03.706 I/chatty  (  689): uid=1000(system) /system/bin/surfaceflinger identical 2 lines
11-11 20:48:03.706 I/ConfigStore(  689): android::hardware::configstore::V1_0::ISurfaceFlingerConfigs::hasHDRDisplay retrieved: 0
11-11 20:48:03.724 I/ActivityManager( 1488): START u0 {flg=0x10800000 cmp=com.vivo.upslide/.recents.RecentsActivity} from uid 1000
11-11 20:48:03.724 I/ActivityManager( 1488): send message.
11-11 20:48:03.724 W/ContextImpl( 2591): Calling a method in the system process without a qualified user: android.app.ContextImpl.bindService:1645 android.content.ContextWrapper.bindService:698 com.vivo.daemonService.i.a.a:38 com.vivo.daemonService.i.a.a:62 com.vivo.daemonService.IqooSecure.SoftwareLockService$a.activityStarting:2081 
11-11 20:48:03.725 W/ActivityManager( 1488): Unable to start service Intent { act=com.vivo.thirdappbehavior.ThirdAppBehaviorService pkg=com.vivo.abe } U=0: not found
11-11 20:48:03.726 I/ActivityManager( 1488): remove message.
11-11 20:48:03.726 I/ActivityManager( 1488): send message.
11-11 20:48:03.726 I/ActivityManager( 1488): remove message.
11-11 20:48:03.730 V/ActivityManager( 1488): setActivityType ActivityRecord{74e5ed6 u0 com.vivo.upslide/.recents.RecentsActivity d-1 s-1 t-1} packageName=com.vivo.upslide realActivity=com.vivo.upslide/.recents.RecentsActivity info.resizeMode=2
11-11 20:48:03.734 W/ActivityManager( 1488): vivo occlude resumeTop canOccclude = false next.occlude = false
11-11 20:48:03.735 D/ActivityTrigger( 1488): ActivityTrigger activityPauseTrigger 
11-11 20:48:03.738 I/FaceDetectService( 1488): notifyFaceDetectKeyHandler action: 17
11-11 20:48:03.751 W/ActivityManager( 1488): vivo occlude resumeTop canOccclude = false next.occlude = false
11-11 20:48:03.754 W/ActivityManager( 1488): vivo occlude resumeTop canOccclude = false next.occlude = false
11-11 20:48:03.758 I/ActivityWatcher( 1488): activity state: 1
11-11 20:48:03.758 D/ActivityTrigger( 1488): ActivityTrigger activityStopTrigger 
11-11 20:48:03.845 I/SurfaceFlinger(  689): FPS: 34
11-11 20:48:03.877 I/ActivityWatcher( 1488): activity state: 0
11-11 20:48:03.891 I/FaceDetectService( 1488): notifyFaceDetectKeyHandler action: 17
11-11 20:48:03.899 V/SettingsProvider( 1488): Notifying for 0: content://settings/system/vivo_fullscreen_flag
11-11 20:48:03.902 E/        (  689): IProducerListener: malformed binder reply
11-11 20:48:03.926 E/ActivityManager( 1488): Sending non-protected broadcast com.vivo.systemui.statusbar.WINDOW_STATE from system 2293:com.android.systemui/u0a27 pkg com.android.systemui
11-11 20:48:03.949 I/ConfigStore(  689): android::hardware::configstore::V1_0::ISurfaceFlingerConfigs::hasHDRDisplay retrieved: 0
11-11 20:48:03.963 E/SogouIME-412384_20200114( 5131): SogouIME#onUnbindInput():15464 onUnbindInput
11-11 20:48:03.967 E/ANDR-IOP(  657): IOP HAL: Received pkg_name = com.vivo.upslide pid = 0
11-11 20:48:03.968 E/SogouIME-412384_20200114( 5131): SogouIME#onBindInput():15484 onBindInput
11-11 20:48:03.979 E/PowerMonitor( 2519): exception In sysProcTransDectect java.lang.NoSuchMethodException: vivoGetNetworkStatsUidDetailWithPackInfo [int]
11-11 20:48:03.980 W/SurfaceFlinger(  689): Attempting to set client state on removed layer: com.android.systemui/com.vivo.systemui.statusbar.notification.settings.StatusbarSettingActivity#1
11-11 20:48:03.980 W/SurfaceFlinger(  689): Attempting to destroy on removed layer: com.android.systemui/com.vivo.systemui.statusbar.notification.settings.StatusbarSettingActivity#1
11-11 20:48:03.984 V/BigDataLog( 2519): noteWriteData which = 5
11-11 20:48:03.999 E/ActivityManager( 1488): Sending non-protected broadcast action.topinfo from system 2519:com.vivo.pem/1000 pkg com.vivo.pem
11-11 20:48:04.000 E/ActivityManager( 1488): Sending non-protected broadcast action.topinfo from system 2519:com.vivo.pem/1000 pkg com.vivo.pem
11-11 20:48:04.019 D/SogouIME( 5131): SogouIME mHandler = 98
11-11 20:48:04.059 I/system_server( 1488): NativeAlloc concurrent copying GC freed 8135(664KB) AllocSpace objects, 3(60KB) LOS objects, 18% free, 34MB/42MB, paused 262us total 175.609ms
11-11 20:48:04.264 E/ActivityManager( 1488): Sending non-protected broadcast com.vivo.systemui.statusbar.WINDOW_STATE from system 2293:com.android.systemui/u0a27 pkg com.android.systemui
11-11 20:48:04.383 I/ConfigStore(  689): android::hardware::configstore::V1_0::ISurfaceFlingerConfigs::hasHDRDisplay retrieved: 0
11-11 20:48:04.386 I/chatty  (  689): uid=1000(system) /system/bin/surfaceflinger identical 1 line
11-11 20:48:04.387 I/ConfigStore(  689): android::hardware::configstore::V1_0::ISurfaceFlingerConfigs::hasHDRDisplay retrieved: 0
11-11 20:48:04.457 I/system_server( 1488): NativeAlloc concurrent copying GC freed 5954(562KB) AllocSpace objects, 9(292KB) LOS objects, 19% free, 33MB/41MB, paused 157us total 150.471ms
11-11 20:48:04.756 E/sensors-hal(  644): handle_sns_client_event:44, amd_sample: ts=172012407072314 ns; value = [1.000000]
11-11 20:48:04.869 E/ANDR-PERF-MPCTL(  658): Invalid profile no. 0, total profiles 0 only
11-11 20:48:04.907 D/LocationAccessPolicy( 1488): isWhiteList: com.amap.android.location
11-11 20:48:04.907 E/LocationAccessPolicy( 1488): canAccessCellLocation in whitList. uid = 10033, pkgName = com.amap.android.location
11-11 20:48:04.918 D/LocationAccessPolicy( 2659): isWhiteList: com.amap.android.location
11-11 20:48:04.918 E/LocationAccessPolicy( 2659): canAccessCellLocation in whitList. uid = 10033, pkgName = com.amap.android.location
11-11 20:48:04.927 D/LocationAccessPolicy( 2659): isWhiteList: com.amap.android.location
11-11 20:48:04.928 E/LocationAccessPolicy( 2659): canAccessCellLocation in whitList. uid = 10033, pkgName = com.amap.android.location
11-11 20:48:04.945 D/LocationAccessPolicy( 2659): isWhiteList: com.amap.android.location
11-11 20:48:04.945 E/LocationAccessPolicy( 2659): canAccessCellLocation in whitList. uid = 10033, pkgName = com.amap.android.location
11-11 20:48:05.000 D/NetdConnector( 1488): RCV <- {613 IfaceClass idle 0 172012741049860}
11-11 20:48:05.050 D/KernelUidCpuTimeReader( 1488): Removing uids 10179-10179
11-11 20:48:05.086 I/SurfaceFlinger(  689): FPS: 28
11-11 20:48:05.215 I/chatty  ( 2602): uid=1000(system) NavDrawThread identical 6 lines
11-11 20:48:05.343 V/AlarmAlign( 1488): setLocked to kernel, type = 2, when = 172053150, curTime = 172013085
11-11 20:48:05.343 V/AlarmAlign( 1488): setLocked to kernel, type = 2, when = 172053150, curTime = 172013085
11-11 20:48:05.373 V/AlarmAlign( 1488): setLocked to kernel, type = 2, when = 172053150, curTime = 172013114
11-11 20:48:05.408 W/ActivityManager( 1488): vivo occlude resumeTop canOccclude = false next.occlude = false
11-11 20:48:05.409 D/ActivityTrigger( 1488): ActivityTrigger activityPauseTrigger 
11-11 20:48:05.421 W/ActivityManager( 1488): vivo occlude resumeTop canOccclude = false next.occlude = false
11-11 20:48:05.423 I/FaceDetectService( 1488): notifyFaceDetectKeyHandler action: 17
11-11 20:48:05.444 I/ActivityWatcher( 1488): activity state: 1
11-11 20:48:05.452 D/App     (23400): onActivityStarted: 
11-11 20:48:05.452 D/ConnectivityService( 1488): onForegroundActivitiesChanged: pid=23400, uid=10181, foregroundActivities=true
11-11 20:48:05.452 D/ConnectivityService( 1488): mForgroundAppName=xin.banghua.beiyuan
11-11 20:48:05.452 D/gamevibrator( 1488): onForegroundActivitiesChanged pid:23400, uid:10181, hasFore:true
11-11 20:48:05.453 I/PackageManager( 1488): x-------->>>>>>>> zuishang = xin.banghua.beiyuan
11-11 20:48:05.453 D/FeatureService( 1488): onForegroundActivitiesChanged: pid=23400, uid=10181, foregroundActivities=true
11-11 20:48:05.453 D/FeatureService( 1488): handleForgrouneAppChanged pid:23400, uid:10181 foreground:true
11-11 20:48:05.457 E/        (  644): IGNORED inject_sensor_data(type=33, handle=27) call to non-API-compliant sensor
11-11 20:48:05.458 D/App     (23400): onActivityResumed: 
11-11 20:48:05.458 D/RongyunConnect(23400): connect: 进入app的融云链接
11-11 20:48:05.459 I/[RC:A-connect-T](23400): {"ptid":"23400-2*","token":"YfKt7SAvYIcDxH89K5repf2R7+lmw2fJzyPL0avIipI=@7f3e.cn.rongnav.com;7f3e.cn.rongcfg.com"}
11-11 20:48:05.459 I/[RC:L-connect-T](23400): {"ptid":"23400-2*","sequences":0}
11-11 20:48:05.459 I/[RC:L-connect-R](23400): {"ptid":"23400-2*","code":0,"sequences":0}
11-11 20:48:05.460 W/RongLog (23400): [RongLog][ RongIMClient ] Current state is Connected using the same token
11-11 20:48:05.460 I/RongLog (23400): [RongLog][ RongIMClient ] in Foreground
11-11 20:48:05.461 D/RongLog (23440): [RongLog][ NativeClient ] start replenish heartbeat
11-11 20:48:05.463 D/UiModeManager( 1488): onForegroundActivitiesChanged: pid=23400, uid=10181, foregroundActivities=true
11-11 20:48:05.464 I/ActivityWatcher( 1488): activity state: 0
11-11 20:48:05.468 I/GnssLocationProvider( 1488): WakeLock released by handleMessage(SET_REQUEST, 0, com.android.server.location.GnssLocationProvider$GpsRequest@66f345b)
11-11 20:48:05.474 I/[RC:L-ping-S](23400): {"ptid":"23440-2211","interval":2000,"enabled":true}
11-11 20:48:05.483 I/FaceDetectService( 1488): notifyFaceDetectKeyHandler action: 17
11-11 20:48:05.491 V/SettingsProvider( 1488): Notifying for 0: content://settings/system/vivo_fullscreen_flag
11-11 20:48:05.496 E/        (  689): IProducerListener: malformed binder reply
11-11 20:48:05.498 D/UserInfoSliderAdapter(23400): getItemViewType: position0
11-11 20:48:05.498 D/UserInfoSliderAdapter(23400): getItemViewType: 头
11-11 20:48:05.501 D/UserInfoSliderAdapter(23400): getItemViewType: position1
11-11 20:48:05.501 D/UserInfoSliderAdapter(23400): getItemViewType: 身
11-11 20:48:05.501 D/UserInfoSliderAdapter(23400): getItemViewType: position2
11-11 20:48:05.501 D/UserInfoSliderAdapter(23400): getItemViewType: 身
11-11 20:48:05.501 D/UserInfoSliderAdapter(23400): getItemViewType: position3
11-11 20:48:05.501 E/ActivityManager( 1488): Sending non-protected broadcast com.vivo.systemui.statusbar.WINDOW_STATE from system 2293:com.android.systemui/u0a27 pkg com.android.systemui
11-11 20:48:05.501 D/UserInfoSliderAdapter(23400): getItemViewType: 身
11-11 20:48:05.502 D/UserInfoSliderAdapter(23400): getItemViewType: position4
11-11 20:48:05.502 D/UserInfoSliderAdapter(23400): getItemViewType: 身
11-11 20:48:05.502 D/UserInfoSliderAdapter(23400): getItemViewType: position5
11-11 20:48:05.502 D/UserInfoSliderAdapter(23400): getItemViewType: 身
11-11 20:48:05.502 D/UserInfoSliderAdapter(23400): getItemViewType: position6
11-11 20:48:05.502 D/UserInfoSliderAdapter(23400): getItemViewType: 身
11-11 20:48:05.502 D/UserInfoSliderAdapter(23400): getItemViewType: position7
11-11 20:48:05.502 D/UserInfoSliderAdapter(23400): getItemViewType: 身
11-11 20:48:05.505 I/[RC:A-connect-R](23400): {"ptid":"23400-2*","code":0,"user_id":"51527"}
11-11 20:48:05.505 D/RONGCLOUD(23400): --onSuccess51527
11-11 20:48:05.506 I/RongLog (23400): [RongLog][ InternalModuleManager ] onConnected
11-11 20:48:05.519 E/SogouIME-412384_20200114( 5131): SogouIME#onUnbindInput():15464 onUnbindInput
11-11 20:48:05.520 E/SogouIME-412384_20200114( 5131): SogouIME#onBindInput():15484 onBindInput
11-11 20:48:05.521 D/UserInfoSliderAdapter(23400): getItemViewType: position0
11-11 20:48:05.521 D/UserInfoSliderAdapter(23400): getItemViewType: 头
11-11 20:48:05.522 D/UserInfoSliderAdapter(23400): getItemViewType: position1
11-11 20:48:05.522 D/UserInfoSliderAdapter(23400): getItemViewType: 身
11-11 20:48:05.522 D/UserInfoSliderAdapter(23400): getItemViewType: position2
11-11 20:48:05.522 D/UserInfoSliderAdapter(23400): getItemViewType: 身
11-11 20:48:05.522 D/UserInfoSliderAdapter(23400): getItemViewType: position3
11-11 20:48:05.522 D/UserInfoSliderAdapter(23400): getItemViewType: 身
11-11 20:48:05.523 D/UserInfoSliderAdapter(23400): getItemViewType: position4
11-11 20:48:05.523 D/UserInfoSliderAdapter(23400): getItemViewType: 身
11-11 20:48:05.523 D/UserInfoSliderAdapter(23400): getItemViewType: position5
11-11 20:48:05.523 D/UserInfoSliderAdapter(23400): getItemViewType: 身
11-11 20:48:05.523 D/UserInfoSliderAdapter(23400): getItemViewType: position6
11-11 20:48:05.523 D/UserInfoSliderAdapter(23400): getItemViewType: 身
11-11 20:48:05.523 D/UserInfoSliderAdapter(23400): getItemViewType: position7
11-11 20:48:05.523 D/UserInfoSliderAdapter(23400): getItemViewType: 身
11-11 20:48:05.553 D/SogouIME( 5131): SogouIME mHandler = 98
11-11 20:48:05.557 D/RongLog (23400): [RongLog][ UnReadMessageManager ] get result: 3
11-11 20:48:05.558 D/RongLog (23400): [RongLog][ UnReadMessageManager ] get result: 3
11-11 20:48:05.561 D/UserInfoSliderAdapter(23400): getItemViewType: position0
11-11 20:48:05.561 D/UserInfoSliderAdapter(23400): getItemViewType: 头
11-11 20:48:05.562 D/UserInfoSliderAdapter(23400): getItemViewType: position1
11-11 20:48:05.562 D/UserInfoSliderAdapter(23400): getItemViewType: 身
11-11 20:48:05.562 D/UserInfoSliderAdapter(23400): getItemViewType: position2
11-11 20:48:05.562 D/UserInfoSliderAdapter(23400): getItemViewType: 身
11-11 20:48:05.562 D/UserInfoSliderAdapter(23400): getItemViewType: position3
11-11 20:48:05.562 D/UserInfoSliderAdapter(23400): getItemViewType: 身
11-11 20:48:05.562 D/UserInfoSliderAdapter(23400): getItemViewType: position4
11-11 20:48:05.562 D/UserInfoSliderAdapter(23400): getItemViewType: 身
11-11 20:48:05.563 D/UserInfoSliderAdapter(23400): getItemViewType: position5
11-11 20:48:05.563 D/UserInfoSliderAdapter(23400): getItemViewType: 身
11-11 20:48:05.563 D/UserInfoSliderAdapter(23400): getItemViewType: position6
11-11 20:48:05.563 D/UserInfoSliderAdapter(23400): getItemViewType: 身
11-11 20:48:05.563 D/UserInfoSliderAdapter(23400): getItemViewType: position7
11-11 20:48:05.563 D/UserInfoSliderAdapter(23400): getItemViewType: 身
11-11 20:48:05.574 E/ANDR-IOP(  657): IOP HAL: Received pkg_name = xin.banghua.beiyuan pid = 0
11-11 20:48:05.639 D/NetdConnector( 1488): RCV <- {613 IfaceClass active 0 172013380189391 10161}
11-11 20:48:05.747 V/AlarmAlign( 1488): setLocked to kernel, type = 2, when = 172053150, curTime = 172013489
11-11 20:48:05.754 V/AlarmAlign( 1488): setLocked to kernel, type = 2, when = 172053150, curTime = 172013496
11-11 20:48:05.754 V/AlarmAlign( 1488): setLocked to kernel, type = 2, when = 172053150, curTime = 172013496
11-11 20:48:05.882 D/LocationAccessPolicy( 1488): isWhiteList: com.amap.android.location
11-11 20:48:05.882 E/LocationAccessPolicy( 1488): canAccessCellLocation in whitList. uid = 10033, pkgName = com.amap.android.location
11-11 20:48:05.887 D/LocationAccessPolicy( 2659): isWhiteList: com.amap.android.location
11-11 20:48:05.887 E/LocationAccessPolicy( 2659): canAccessCellLocation in whitList. uid = 10033, pkgName = com.amap.android.location
11-11 20:48:05.892 D/LocationAccessPolicy( 2659): isWhiteList: com.amap.android.location
11-11 20:48:05.892 E/LocationAccessPolicy( 2659): canAccessCellLocation in whitList. uid = 10033, pkgName = com.amap.android.location
11-11 20:48:05.903 D/LocationAccessPolicy( 2659): isWhiteList: com.amap.android.location
11-11 20:48:05.903 E/LocationAccessPolicy( 2659): canAccessCellLocation in whitList. uid = 10033, pkgName = com.amap.android.location
11-11 20:48:06.098 I/SurfaceFlinger(  689): FPS: 58
11-11 20:48:06.225 W/WindowManager( 1488): notify Activity finish AppWindowToken{7a46fe0 token=Token{bea69e3 ActivityRecord{54a799d u0 com.vivo.upslide/.recents.RecentsActivity d0 s4 t5}}}
11-11 20:48:06.241 I/TouchMotionHandler( 2602): handler onDetached
11-11 20:48:06.531 E/ThermalEngine(  792): vivo_thermal_parameter_config :VivoThermal:read type:1  buf: 1
11-11 20:48:06.531 E/ThermalEngine(  792):  
11-11 20:48:06.757 W/Settings( 2293): Setting airplane_mode_on has moved from android.provider.Settings.System to android.provider.Settings.Global, returning read-only value.
11-11 20:48:07.101 I/SurfaceFlinger(  689): FPS: 59
11-11 20:48:07.269 I/ConfigStore(  689): android::hardware::configstore::V1_0::ISurfaceFlingerConfigs::hasHDRDisplay retrieved: 0
11-11 20:48:07.271 I/chatty  (  689): uid=1000(system) /system/bin/surfaceflinger identical 1 line
11-11 20:48:07.272 I/ConfigStore(  689): android::hardware::configstore::V1_0::ISurfaceFlingerConfigs::hasHDRDisplay retrieved: 0
11-11 20:48:07.345 V/GnssLocationProvider( 1488): GPM reportSvStatus
11-11 20:48:07.346 I/GnssLocationProvider( 1488): WakeLock released by handleMessage(REPORT_SV_STATUS, 0, com.android.server.location.GnssLocationProvider$SvStatusInfo@4e7da2f)
11-11 20:48:07.352 I/GnssLocationProvider( 1488): WakeLock released by handleMessage(MSG_SV_REPORT, 2, 0)
11-11 20:48:07.480 I/[RC:L-ping-S](23400): {"ptid":"23440-2220","interval":15000,"enabled":"polling"}
11-11 20:48:07.496 D/UserInfoSliderAdapter(23400): onClick: clicked on: 357
11-11 20:48:07.499 D/UserInfoSliderAdapter(23400): onClick: 保存选中的用户id357
11-11 20:48:07.507 I/ActivityManager( 1488): START u0 {cmp=xin.banghua.beiyuan/.Personage.PersonageActivity (has extras)} from uid 10181
11-11 20:48:07.508 I/ActivityManager( 1488): send message.
11-11 20:48:07.511 W/ContextImpl( 2591): Calling a method in the system process without a qualified user: android.app.ContextImpl.bindService:1645 android.content.ContextWrapper.bindService:698 com.vivo.daemonService.i.a.a:38 com.vivo.daemonService.i.a.a:62 com.vivo.daemonService.IqooSecure.SoftwareLockService$a.activityStarting:2081 
11-11 20:48:07.512 W/ActivityManager( 1488): Unable to start service Intent { act=com.vivo.thirdappbehavior.ThirdAppBehaviorService pkg=com.vivo.abe } U=0: not found
11-11 20:48:07.513 I/ActivityManager( 1488): remove message.
11-11 20:48:07.513 I/ActivityManager( 1488): send message.
11-11 20:48:07.514 I/ActivityManager( 1488): remove message.
11-11 20:48:07.526 V/ActivityManager( 1488): setActivityType ActivityRecord{ff2d9c5 u0 xin.banghua.beiyuan/.Personage.PersonageActivity d-1 s-1 t-1} packageName=xin.banghua.beiyuan realActivity=xin.banghua.beiyuan/.Personage.PersonageActivity info.resizeMode=1
11-11 20:48:07.529 E/ANDR-PERF-MPCTL(  658): Invalid profile no. 0, total profiles 0 only
11-11 20:48:07.532 I/ConfigStore(  689): android::hardware::configstore::V1_0::ISurfaceFlingerConfigs::hasHDRDisplay retrieved: 0
11-11 20:48:07.536 W/ActivityManager( 1488): vivo occlude resumeTop canOccclude = false next.occlude = false
11-11 20:48:07.533 I/chatty  (  689): uid=1000(system) /system/bin/surfaceflinger identical 1 line
11-11 20:48:07.533 I/ConfigStore(  689): android::hardware::configstore::V1_0::ISurfaceFlingerConfigs::hasHDRDisplay retrieved: 0
11-11 20:48:07.537 D/ActivityTrigger( 1488): ActivityTrigger activityPauseTrigger 
11-11 20:48:07.543 D/App     (23400): onActivityPaused: 
11-11 20:48:07.544 W/ActivityManager( 1488): vivo occlude resumeTop canOccclude = false next.occlude = false
11-11 20:48:07.544 I/RongLog (23440): [RongLog][ NativeClient ] ExceptionListener OnPongReceived.
11-11 20:48:07.547 I/ActivityManager( 1488): The Process xin.banghua.beiyuan Already Exists in BG. So sending its PID: 23400
11-11 20:48:07.547 D/RMS-PreloadedAppRecordMgr( 1488): setNeedKeepQuiet pid=23400,uid=10181,keepQuiet=false
11-11 20:48:07.547 D/RMS-PreloadedAppRecordMgr( 1488): setNeedKeepQuiet pkgName=xin.banghua.beiyuan,userId=0uid=0,keepQuiet=false
11-11 20:48:07.552 I/FaceDetectService( 1488): notifyFaceDetectKeyHandler action: 17
11-11 20:48:07.557 I/ActivityWatcher( 1488): activity state: 1
11-11 20:48:07.557 W/ActivityThread(23400): handleWindowVisibility: no activity for token android.os.BinderProxy@60f8682
11-11 20:48:07.567 D/App     (23400): onActivityCreated:
11-11 20:48:07.592 D/PersonageActivity(23400): onCreate: 1
11-11 20:48:07.594 D/App     (23400): onActivityStarted: 
11-11 20:48:07.626 D/PersonageFragment(23400): onViewCreated: 进入person
11-11 20:48:07.627 D/SharedHelper(23400): readUserInfo: 读取的用户名{userPortrait=https://moyuanoss.oss-cn-shanghai.aliyuncs.com/images/34/2020/02/HZD8Y27PIaYR9iYD3TD2d7yD06bB78.jpg, userRegion=北京-北京, userProperty=Z, userGender=男, userNickName=找人, userID=51527, userAge=18}
11-11 20:48:07.628 I/chatty  (23400): uid=10181(xin.banghua.beiyuan) Thread-23 identical 1 line
11-11 20:48:07.628 D/SharedHelper(23400): readUserInfo: 读取的用户名{userPortrait=https://moyuanoss.oss-cn-shanghai.aliyuncs.com/images/34/2020/02/HZD8Y27PIaYR9iYD3TD2d7yD06bB78.jpg, userRegion=北京-北京, userProperty=Z, userGender=男, userNickName=找人, userID=51527, userAge=18}
11-11 20:48:07.630 D/SharedHelper(23400): readUserInfo: 读取的用户名{userPortrait=https://moyuanoss.oss-cn-shanghai.aliyuncs.com/images/34/2020/02/HZD8Y27PIaYR9iYD3TD2d7yD06bB78.jpg, userRegion=北京-北京, userProperty=Z, userGender=男, userNickName=找人, userID=51527, userAge=18}
11-11 20:48:07.632 D/App     (23400): onActivityResumed: 
11-11 20:48:07.632 D/RongyunConnect(23400): connect: 进入app的融云链接
11-11 20:48:07.633 I/[RC:A-connect-T](23400): {"ptid":"23400-2*","token":"YfKt7SAvYIcDxH89K5repf2R7+lmw2fJzyPL0avIipI=@7f3e.cn.rongnav.com;7f3e.cn.rongcfg.com"}
11-11 20:48:07.633 I/[RC:L-connect-T](23400): {"ptid":"23400-2*","sequences":0}
11-11 20:48:07.634 I/[RC:L-connect-R](23400): {"ptid":"23400-2*","code":0,"sequences":0}
11-11 20:48:07.634 W/RongLog (23400): [RongLog][ RongIMClient ] Current state is Connected using the same token
11-11 20:48:07.640 W/WindowManager( 1488): Failed looking up window callers=com.android.server.wm.VivoBaseWindowManagerService.adjustDisplayIdForWindow:784 com.android.server.wm.WindowManagerService.addWindow:1438 com.android.server.wm.Session.addToDisplay:208 
11-11 20:48:07.646 I/ActivityWatcher( 1488): activity state: 0
11-11 20:48:07.648 I/[RC:A-connect-R](23400): {"ptid":"23400-2*","code":0,"user_id":"51527"}
11-11 20:48:07.648 D/RONGCLOUD(23400): --onSuccess51527
11-11 20:48:07.649 I/RongLog (23400): [RongLog][ InternalModuleManager ] onConnected
11-11 20:48:07.650 I/TouchMotionHandler(23400): handler onAttached
11-11 20:48:07.666 D/Linux   (23400): [Posix_connect Debug]Process xin.banghua.beiyuan :443 
11-11 20:48:07.666 D/Linux   (23400): [Posix_connect Debug]Process xin.banghua.beiyuan :443 
11-11 20:48:07.666 D/Linux   (23400): [Posix_connect Debug]Process xin.banghua.beiyuan :443 
11-11 20:48:07.719 I/FaceDetectService( 1488): notifyFaceDetectKeyHandler action: 17
