11-11 20:46:50.595 D/RongLog (23400): [RongLog][ RongLog-Push[PushManager] ] onReceiveToken. token:15906791370102001890966
11-11 20:46:50.596 D/RongLog (23400): [RongLog][ RongLog-Push[PushConfigManager] ] setToken. information:VIVO|15906791370102001890966|m7ua80gbmo0km|vivo|V1928A|2.10.4.1
11-11 20:46:50.597 D/RongLog (23400): [RongLog][ RongLog-Push[PushClient] ] query. topic:setToken, queryInfo:VIVO|15906791370102001890966|m7ua80gbmo0km|vivo|V1928A|2.10.4.1
11-11 20:46:50.599 D/PushMessageReceiver(23400): onReceiveRegIdvivo推送:注册成功 regID = 15906791370102001890966
11-11 20:46:50.660 D/LocationAccessPolicy( 1488): isWhiteList: com.amap.android.location
11-11 20:46:50.660 E/LocationAccessPolicy( 1488): canAccessCellLocation in whitList. uid = 10033, pkgName = com.amap.android.location
11-11 20:46:50.665 D/LocationAccessPolicy( 2659): isWhiteList: com.amap.android.location
11-11 20:46:50.665 E/LocationAccessPolicy( 2659): canAccessCellLocation in whitList. uid = 10033, pkgName = com.amap.android.location
11-11 20:46:50.669 D/LocationAccessPolicy( 2659): isWhiteList: com.amap.android.location
11-11 20:46:50.670 E/LocationAccessPolicy( 2659): canAccessCellLocation in whitList. uid = 10033, pkgName = com.amap.android.location
11-11 20:46:50.678 D/LocationAccessPolicy( 2659): isWhiteList: com.amap.android.location
11-11 20:46:50.678 E/LocationAccessPolicy( 2659): canAccessCellLocation in whitList. uid = 10033, pkgName = com.amap.android.location
11-11 20:46:50.729 I/RongLog (23400): [RongLog][ RongLog-Push[PushProtocalStack] ] receive message type:QUERYACK
11-11 20:46:50.729 D/RongLog (23400): [RongLog][ RongLog-Push[PushClient] ] handleMessage, msg type = QUERYACK
11-11 20:46:50.730 D/RongLog (23400): [RongLog][ RongLog-Push[PushClient] ] queryAck status:1content:null
11-11 20:46:50.730 D/RongLog (23400): [RongLog][ RongLog-Push[PushConfigManager] ] setToken.onSuccess.
11-11 20:46:50.730 D/RongLog (23400): [RongLog][ RongLog-Push[PushManager] ] Success to config push: VIVO
11-11 20:46:50.735 D/RongLog (23400): [RongLog][ RongLog-Push[PushClient] ] disconnect
11-11 20:46:50.736 W/PackageManager( 1488): setEnabledSetting  packageName:xin.banghua.beiyuan className:io.rong.push.rongpush.PushReceiver newState:2 userId:0 callingPackage:null
11-11 20:46:51.504 E/ThermalEngine(  792): vivo_thermal_parameter_config :VivoThermal:read type:1  buf: 1
11-11 20:46:51.504 E/ThermalEngine(  792):  
11-11 20:46:51.514 I/SurfaceFlinger(  689): FPS: 8
11-11 20:46:51.731 I/ConfigStore(  689): android::hardware::configstore::V1_0::ISurfaceFlingerConfigs::hasHDRDisplay retrieved: 0
11-11 20:46:51.732 I/chatty  (  689): uid=1000(system) /system/bin/surfaceflinger identical 2 lines
11-11 20:46:51.732 I/ConfigStore(  689): android::hardware::configstore::V1_0::ISurfaceFlingerConfigs::hasHDRDisplay retrieved: 0
11-11 20:46:51.805 W/Settings( 2293): Setting airplane_mode_on has moved from android.provider.Settings.System to android.provider.Settings.Global, returning read-only value.
11-11 20:46:51.913 I/ConfigStore(  689): android::hardware::configstore::V1_0::ISurfaceFlingerConfigs::hasHDRDisplay retrieved: 0
11-11 20:46:51.915 I/chatty  (  689): uid=1000(system) /system/bin/surfaceflinger identical 2 lines
11-11 20:46:51.915 I/ConfigStore(  689): android::hardware::configstore::V1_0::ISurfaceFlingerConfigs::hasHDRDisplay retrieved: 0
11-11 20:46:52.410 I/LOWI-8.6.0.44(  890): [LOWI-Scan] lowi_close_record:Scan done in 171919243ms, 11 APs in scan results
11-11 20:46:52.410 D/WificondControl( 1488): Scan result ready event
11-11 20:46:52.412 V/AlarmAlign( 1488): setLocked to kernel, type = 2, when = 171953806, curTime = 171940154
11-11 20:46:52.412 V/AlarmAlign( 1488): setLocked to kernel, type = 3, when = 171947742, curTime = 171940154
11-11 20:46:52.431 D/WifiPermissionsUtil( 1488): com.amap.android.location getScanResults, ignore the location switch restrictions
11-11 20:46:52.432 D/WifiPermissionsUtil( 1488): com.amap.android.location getScanResults, ignore the location switch restrictions
11-11 20:46:52.436 D/WifiScanRequestProxy( 1488): getScanResultsCache 11
11-11 20:46:52.436 D/WifiScanRequestProxy( 1488): getScanResultsCache 11
11-11 20:46:52.436 D/WifiScanRequestProxy( 1488): getScanResultsCache 11
11-11 20:46:52.437 D/WifiScanRequestProxy( 1488): getScanResultsCache 11
11-11 20:46:52.463 D/WifiScanRequestProxy( 1488): getScanResultsCache 11
11-11 20:46:52.476 D/WifiScanRequestProxy( 1488): getScanResultsCache 11
11-11 20:46:52.504 D/Linux   ( 4766): [Posix_connect Debug]Process com.amap.android.location :80 
11-11 20:46:52.542 W/ANDR-PERF-LM(  658): FeatureState: readState() 149: warning: appName is NULL, returning default State
11-11 20:46:52.542 W/ANDR-PERF-LM(  658): FeatureState: readState() 149: warning: appName is NULL, returning default State
11-11 20:46:52.542 W/ANDR-PERF-LM(  658): MetaMeter: handleSecondaryAsync() 149: PreKill MetaMeterThread start(). No MeterMgr Available to handle this Secondary/Data Async. !!!! 
11-11 20:46:52.543 W/ANDR-PERF-LM(  658): FeatureState: readState() 149: warning: appName is NULL, returning default State
11-11 20:46:52.543 W/ANDR-PERF-LM(  658): FeatureState: readState() 149: warning: appName is NULL, returning default State
11-11 20:46:52.543 W/ANDR-PERF-LM(  658): MetaMeter: handleSecondaryAsync() 149: AdaptLaunch MetaMeterThread start(). No MeterMgr Available to handle this Secondary/Data Async. !!!! 
11-11 20:46:52.615 I/NpProxy ( 1488): handleMessage what - 4
11-11 20:46:52.615 V/LocSvc_HIDL_OsNpGlue_jni( 1488): [onJavaLocationChanged][180] [HC] =>> [HS]
11-11 20:46:52.615 V/LocSvc_HIDL_IzatOsNpGlue(  654): [locationChanged][95] [HS] <<<<= [HC]
11-11 20:46:52.616 V/LocSvc_HIDL_IzatProvider(  654): [onLocationChanged][72] [HS] =>>>> [HC]
11-11 20:46:52.616 V/LocSvc_HIDL_IzatProvider_jni( 1488): [onLocationChanged][218] [HC] <<= [HS]
11-11 20:46:52.665 I/SurfaceFlinger(  689): FPS: 12
11-11 20:46:52.745 W/WindowManager( 1488): notify Activity finish AppWindowToken{50ed3cc token=Token{e2979ff ActivityRecord{118dd1e u0 com.android.packageinstaller/.permission.ui.GrantPermissionsActivity d0 s29 t30}}}
11-11 20:46:52.746 I/ConfigStore(  689): android::hardware::configstore::V1_0::ISurfaceFlingerConfigs::hasHDRDisplay retrieved: 0
11-11 20:46:52.747 I/GnssLocationProvider( 1488): WakeLock released by handleMessage(SET_REQUEST, 0, com.android.server.location.GnssLocationProvider$GpsRequest@34bf45c)
11-11 20:46:52.747 I/ConfigStore(  689): android::hardware::configstore::V1_0::ISurfaceFlingerConfigs::hasHDRDisplay retrieved: 0
11-11 20:46:52.748 D/ActivityTrigger( 1488): ActivityTrigger activityPauseTrigger 
11-11 20:46:52.748 I/GnssLocationProvider( 1488): WakeLock released by handleMessage(MSG_STOP_GPS_REQUEST, 0, null)
11-11 20:46:52.748 I/ConfigStore(  689): android::hardware::configstore::V1_0::ISurfaceFlingerConfigs::hasHDRDisplay retrieved: 0
11-11 20:46:52.748 I/ConfigStore(  689): android::hardware::configstore::V1_0::ISurfaceFlingerConfigs::hasHDRDisplay retrieved: 0
11-11 20:46:52.750 D/LocSvc_HIDL_IzatProvider_jni( 1488): Provider Type: 2; Num Updates: 2147483647; Interval: 14400000Displacement: 0.000000; Accuracy: 1
11-11 20:46:52.750 V/LocSvc_HIDL_IzatProvider_jni( 1488): [onAddRequest][165] [HC] =>> [HS]
11-11 20:46:52.751 I/GnssLocationProvider( 1488): WakeLock released by handleMessage(SET_REQUEST, 0, com.android.server.location.GnssLocationProvider$GpsRequest@6f34365)
11-11 20:46:52.751 V/LocSvc_HIDL_IzatProvider(  654): [onAddRequest][195] [HS] <<<<= [HC]
11-11 20:46:52.752 I/GnssLocationProvider( 1488): WakeLock released by handleMessage(MSG_STOP_GPS_REQUEST, 0, null)
11-11 20:46:52.752 V/LocSvc_HIDL_OsNpGlue_jni( 1488): [onSetRequest][60] [HC] <<= [HS]
11-11 20:46:52.752 I/NpProxy ( 1488): handleMessage what - 3
11-11 20:46:52.753 D/NpProxy-VSNS( 1488): setRequestVSNS nlpId:NLP_INDEX_DOMESTIC, request:ProviderRequest[ON interval=+4h0m0s0ms lowPowerMode=false], WorkSource{10116 com.vivo.hiboard}
11-11 20:46:52.756 D/LocSvc_HIDL_IzatProvider_jni( 1488): Provider Type: 2; Num Updates: 2147483647; Interval: 14400000Displacement: 0.000000; Accuracy: 1
11-11 20:46:52.756 V/LocSvc_HIDL_IzatProvider_jni( 1488): [onAddRequest][165] [HC] =>> [HS]
11-11 20:46:52.757 V/LocSvc_HIDL_IzatProvider(  654): [onAddRequest][195] [HS] <<<<= [HC]
11-11 20:46:52.757 V/LocSvc_HIDL_OsNpGlue_jni( 1488): [onSetRequest][60] [HC] <<= [HS]
11-11 20:46:52.759 I/NpProxy ( 1488): handleMessage what - 3
11-11 20:46:52.759 D/NpProxy-VSNS( 1488): setRequestVSNS nlpId:NLP_INDEX_DOMESTIC, request:ProviderRequest[ON interval=+4h0m0s0ms lowPowerMode=false], WorkSource{10116 com.vivo.hiboard}
11-11 20:46:52.769 I/NpProxy ( 1488): handleMessage what - 4
11-11 20:46:52.769 V/LocSvc_HIDL_OsNpGlue_jni( 1488): [onJavaLocationChanged][180] [HC] =>> [HS]
11-11 20:46:52.770 V/LocSvc_HIDL_IzatOsNpGlue(  654): [locationChanged][95] [HS] <<<<= [HC]
11-11 20:46:52.770 V/LocSvc_HIDL_IzatProvider(  654): [onLocationChanged][72] [HS] =>>>> [HC]
11-11 20:46:52.770 V/LocSvc_HIDL_IzatProvider_jni( 1488): [onLocationChanged][218] [HC] <<= [HS]
11-11 20:46:52.771 W/ActivityManager( 1488): vivo occlude resumeTop canOccclude = false next.occlude = false
11-11 20:46:52.775 E/ANDR-PERF-MPCTL(  658): Invalid profile no. 0, total profiles 0 only
11-11 20:46:52.773 W/ActivityManager( 1488): vivo occlude resumeTop canOccclude = false next.occlude = false
11-11 20:46:52.777 I/FaceDetectService( 1488): notifyFaceDetectKeyHandler action: 17
11-11 20:46:52.784 I/NpProxy ( 1488): handleMessage what - 4
11-11 20:46:52.784 V/LocSvc_HIDL_OsNpGlue_jni( 1488): [onJavaLocationChanged][180] [HC] =>> [HS]
11-11 20:46:52.784 V/LocSvc_HIDL_IzatOsNpGlue(  654): [locationChanged][95] [HS] <<<<= [HC]
11-11 20:46:52.784 V/LocSvc_HIDL_IzatProvider(  654): [onLocationChanged][72] [HS] =>>>> [HC]
11-11 20:46:52.785 V/LocSvc_HIDL_IzatProvider_jni( 1488): [onLocationChanged][218] [HC] <<= [HS]
11-11 20:46:52.788 D/LaunchActivity(23400): onRequestPermissionsResult: fine
11-11 20:46:52.789 D/App     (23400): onActivityResumed: 
11-11 20:46:52.789 D/RongyunConnect(23400): connect: 进入app的融云链接
11-11 20:46:52.789 I/[RC:A-connect-T](23400): {"ptid":"23400-2*","token":""}
11-11 20:46:52.789 I/[RC:L-connect-T](23400): {"ptid":"23400-2*","sequences":0}
11-11 20:46:52.789 E/RongLog (23400): [RongLog][ RongIMClient ] token is empty!
11-11 20:46:52.790 E/[RC:L-connect-R](23400): {"ptid":"23400-2*","code":31004,"network":"4G","sequences":0}
11-11 20:46:52.790 E/[RC:A-connect-R](23400): {"ptid":"23400-2*","code":31004}
11-11 20:46:52.790 D/RONGCLOUD(23400): --onTokenIncorrect
11-11 20:46:52.805 W/Settings( 2293): Setting airplane_mode_on has moved from android.provider.Settings.System to android.provider.Settings.Global, returning read-only value.
11-11 20:46:52.806 I/ActivityWatcher( 1488): activity state: 1
11-11 20:46:52.810 I/ActivityWatcher( 1488): activity state: 0
11-11 20:46:52.821 E/SogouIME-412384_20200114( 5131): SogouIME#onUnbindInput():15464 onUnbindInput
11-11 20:46:52.826 E/SogouIME-412384_20200114( 5131): SogouIME#onBindInput():15484 onBindInput
11-11 20:46:52.841 D/ConnectivityService( 1488): onForegroundActivitiesChanged: pid=17923, uid=10025, foregroundActivities=false
11-11 20:46:52.841 D/gamevibrator( 1488): onForegroundActivitiesChanged pid:17923, uid:10025, hasFore:false
11-11 20:46:52.842 I/PackageManager( 1488): x-------->>>>>>>> zuishang = xin.banghua.beiyuan
11-11 20:46:52.842 D/FeatureService( 1488): onForegroundActivitiesChanged: pid=17923, uid=10025, foregroundActivities=false
11-11 20:46:52.842 D/FeatureService( 1488): handleForgrouneAppChanged pid:17923, uid:10025 foreground:false
11-11 20:46:52.844 D/UiModeManager( 1488): onForegroundActivitiesChanged: pid=17923, uid=10025, foregroundActivities=false
11-11 20:46:52.846 I/TouchMotionHandler(17923): handler onDetached
11-11 20:46:52.862 D/SogouIME( 5131): SogouIME mHandler = 98
11-11 20:46:52.937 D/WifiScanRequestProxy( 1488): getScanResultsCache 11
11-11 20:46:52.946 D/PackageSettings( 1488): currentTime = 171940688 mLastBackupTime = 95365963
11-11 20:46:52.946 D/PackageSettings( 1488): cost time = 76574725
11-11 20:46:52.966 W/SurfaceFlinger(  689): Attempting to set client state on removed layer: com.android.packageinstaller/com.android.packageinstaller.permission.ui.GrantPermissionsActivity#0
11-11 20:46:52.966 W/SurfaceFlinger(  689): Attempting to set client state on removed layer: Dim Layer for - Task=30#0
11-11 20:46:52.966 W/SurfaceFlinger(  689): Attempting to destroy on removed layer: com.android.packageinstaller/com.android.packageinstaller.permission.ui.GrantPermissionsActivity#0
11-11 20:46:52.966 W/SurfaceFlinger(  689): Attempting to destroy on removed layer: Dim Layer for - Task=30#0
11-11 20:46:53.064 I/ConfigStore(  689): android::hardware::configstore::V1_0::ISurfaceFlingerConfigs::hasHDRDisplay retrieved: 0
11-11 20:46:53.065 I/chatty  (  689): uid=1000(system) /system/bin/surfaceflinger identical 1 line
11-11 20:46:53.066 I/ConfigStore(  689): android::hardware::configstore::V1_0::ISurfaceFlingerConfigs::hasHDRDisplay retrieved: 0
11-11 20:46:53.577 D/NotificationWhiteListManager( 1488): DEBUG_UCS: overide join vivo push list
11-11 20:46:53.819 W/Settings( 2293): Setting airplane_mode_on has moved from android.provider.Settings.System to android.provider.Settings.Global, returning read-only value.
11-11 20:46:53.890 I/SurfaceFlinger(  689): FPS: 17
11-11 20:46:53.985 I/ConfigStore(  689): android::hardware::configstore::V1_0::ISurfaceFlingerConfigs::hasHDRDisplay retrieved: 0
11-11 20:46:53.987 I/chatty  (  689): uid=1000(system) /system/bin/surfaceflinger identical 1 line
11-11 20:46:53.988 I/ConfigStore(  689): android::hardware::configstore::V1_0::ISurfaceFlingerConfigs::hasHDRDisplay retrieved: 0
11-11 20:46:54.506 E/ThermalEngine(  792): vivo_thermal_parameter_config :VivoThermal:read type:1  buf: 1
11-11 20:46:54.506 E/ThermalEngine(  792):  
11-11 20:46:54.694 D/DcNetworkAgent( 2659): NetworkAgent: Changed from [ Transports: CELLULAR Capabilities: IMS&NOT_METERED&TRUSTED&NOT_VPN&NOT_ROAMING&NOT_CONGESTED Unwanted:  LinkDnBandwidth>=3539Kbps Specifier: <1>] to [ Transports: CELLULAR Capabilities: IMS&NOT_METERED&TRUSTED&NOT_VPN&NOT_ROAMING&NOT_CONGESTED Unwanted:  LinkDnBandwidth>=11909Kbps Specifier: <1>], Data RAT=14, mApnSetting=[ApnSettingV5] China Telecomm (IMS), 3481, 46011, IMS, , , , , , -1, ims, IPV4V6, IPV4V6, true, 0, 0, 0, false, 0, 0, 0, 0, , , false, 0, 0
11-11 20:46:54.698 D/ConnectivityService( 1488): notifyType CALLBACK_CAP_CHANGED for NetworkInfo [MOBILE (LTE) - 100]
11-11 20:46:54.699 D/ConnectivityService( 1488):  sending notification for NetworkRequest [ LISTEN id=3, [] ]
11-11 20:46:54.699 D/ConnectivityService( 1488): sending notification CALLBACK_CAP_CHANGED for NetworkRequest [ LISTEN id=3, [] ]
11-11 20:46:54.700 D/ConnectivityService( 1488):  sending notification for NetworkRequest [ LISTEN id=15, [] ]
11-11 20:46:54.700 D/ConnectivityService( 1488): sending notification CALLBACK_CAP_CHANGED for NetworkRequest [ LISTEN id=15, [] ]
11-11 20:46:54.701 D/ConnectivityService( 1488):  sending notification for NetworkRequest [ REQUEST id=16, [ Transports: CELLULAR Capabilities: IMS&TRUSTED&NOT_VPN Unwanted:  Specifier: <1> Uid: 1000] ]
11-11 20:46:54.701 D/ConnectivityService( 1488): sending notification CALLBACK_CAP_CHANGED for NetworkRequest [ REQUEST id=16, [ Transports: CELLULAR Capabilities: IMS&TRUSTED&NOT_VPN Unwanted:  Specifier: <1> Uid: 1000] ]
11-11 20:46:54.702 D/DcNetworkAgent( 2659): NetworkAgent: Changed from [ Transports: CELLULAR Capabilities: SUPL&DUN&IA&INTERNET&NOT_RESTRICTED&TRUSTED&NOT_VPN&NOT_ROAMING&NOT_CONGESTED Unwanted:  LinkDnBandwidth>=3539Kbps Specifier: <1>] to [ Transports: CELLULAR Capabilities: SUPL&DUN&IA&INTERNET&NOT_RESTRICTED&TRUSTED&NOT_VPN&NOT_ROAMING&NOT_CONGESTED Unwanted:  LinkDnBandwidth>=11909Kbps Specifier: <1>], Data RAT=14, mApnSetting=[ApnSettingV5] 中国电信互联网设置 CTNET , 3479, 46011, ctnet, , , , , , 3, default | hipri | supl | dun | ia | xcap, IPV4V6, IPV4V6, true, 0, 0, 0, false, 0, 0, 0, 0, , , false, 0, 0
11-11 20:46:54.707 D/ConnectivityService( 1488): notifyType CALLBACK_CAP_CHANGED for NetworkInfo [MOBILE (LTE) - 105]
11-11 20:46:54.707 D/ConnectivityService( 1488):  sending notification for NetworkRequest [ REQUEST id=1, [ Capabilities: INTERNET&NOT_RESTRICTED&TRUSTED&NOT_VPN Unwanted: ] ]
11-11 20:46:54.707 D/ConnectivityService( 1488):  sending notification for NetworkRequest [ LISTEN id=3, [] ]
11-11 20:46:54.707 D/ConnectivityService( 1488): sending notification CALLBACK_CAP_CHANGED for NetworkRequest [ LISTEN id=3, [] ]
11-11 20:46:54.707 D/ConnectivityService( 1488):  sending notification for NetworkRequest [ LISTEN id=4, [ Transports: CELLULAR Capabilities: INTERNET&NOT_RESTRICTED&TRUSTED&NOT_VPN Unwanted:  Uid: 1000] ]
11-11 20:46:54.707 D/ConnectivityService( 1488): sending notification CALLBACK_CAP_CHANGED for NetworkRequest [ LISTEN id=4, [ Transports: CELLULAR Capabilities: INTERNET&NOT_RESTRICTED&TRUSTED&NOT_VPN Unwanted:  Uid: 1000] ]
11-11 20:46:54.708 D/ConnectivityService( 1488):  sending notification for NetworkRequest [ LISTEN id=5, [ Capabilities: NOT_RESTRICTED&TRUSTED&NOT_VPN Unwanted:  Uid: 1000] ]
11-11 20:46:54.708 D/ConnectivityService( 1488): sending notification CALLBACK_CAP_CHANGED for NetworkRequest [ LISTEN id=5, [ Capabilities: NOT_RESTRICTED&TRUSTED&NOT_VPN Unwanted:  Uid: 1000] ]
11-11 20:46:54.708 D/ConnectivityService( 1488):  sending notification for NetworkRequest [ LISTEN id=6, [ Transports: CELLULAR Capabilities: INTERNET&NOT_RESTRICTED&TRUSTED&NOT_VPN Unwanted:  Uid: 1000] ]
11-11 20:46:54.708 D/ConnectivityService( 1488): sending notification CALLBACK_CAP_CHANGED for NetworkRequest [ LISTEN id=6, [ Transports: CELLULAR Capabilities: INTERNET&NOT_RESTRICTED&TRUSTED&NOT_VPN Unwanted:  Uid: 1000] ]
11-11 20:46:54.708 D/ConnectivityService( 1488):  sending notification for NetworkRequest [ TRACK_DEFAULT id=7, [ Capabilities: INTERNET&NOT_RESTRICTED&TRUSTED Unwanted:  Uid: 1000] ]
11-11 20:46:54.708 D/ConnectivityService( 1488): sending notification CALLBACK_CAP_CHANGED for NetworkRequest [ TRACK_DEFAULT id=7, [ Capabilities: INTERNET&NOT_RESTRICTED&TRUSTED Unwanted:  Uid: 1000] ]
11-11 20:46:54.709 D/ConnectivityService( 1488):  sending notification for NetworkRequest [ LISTEN id=8, [ Capabilities: INTERNET&NOT_RESTRICTED&TRUSTED&VALIDATED Unwanted:  Uid: 1000] ]
11-11 20:46:54.709 D/ConnectivityService( 1488): sending notification CALLBACK_CAP_CHANGED for NetworkRequest [ LISTEN id=8, [ Capabilities: INTERNET&NOT_RESTRICTED&TRUSTED&VALIDATED Unwanted:  Uid: 1000] ]
11-11 20:46:54.709 D/ConnectivityService( 1488):  sending notification for NetworkRequest [ LISTEN id=10, [ Transports: CELLULAR Capabilities: INTERNET&NOT_RESTRICTED&TRUSTED&NOT_VPN Unwanted:  Uid: 1000] ]
11-11 20:46:54.709 D/ConnectivityService( 1488): sending notification CALLBACK_CAP_CHANGED for NetworkRequest [ LISTEN id=10, [ Transports: CELLULAR Capabilities: INTERNET&NOT_RESTRICTED&TRUSTED&NOT_VPN Unwanted:  Uid: 1000] ]
11-11 20:46:54.710 D/ConnectivityService( 1488):  sending notification for NetworkRequest [ TRACK_DEFAULT id=11, [ Capabilities: INTERNET&NOT_RESTRICTED&TRUSTED Unwanted:  Uid: 1000] ]
11-11 20:46:54.710 D/ConnectivityService( 1488): sending notification CALLBACK_CAP_CHANGED for NetworkRequest [ TRACK_DEFAULT id=11, [ Capabilities: INTERNET&NOT_RESTRICTED&TRUSTED Unwanted:  Uid: 1000] ]
11-11 20:46:54.711 D/ConnectivityService( 1488):  sending notification for NetworkRequest [ LISTEN id=12, [ Transports: CELLULAR Capabilities: INTERNET&NOT_RESTRICTED&TRUSTED&NOT_VPN Unwanted:  Uid: 1000] ]
11-11 20:46:54.711 D/ConnectivityService( 1488): sending notification CALLBACK_CAP_CHANGED for NetworkRequest [ LISTEN id=12, [ Transports: CELLULAR Capabilities: INTERNET&NOT_RESTRICTED&TRUSTED&NOT_VPN Unwanted:  Uid: 1000] ]
11-11 20:46:54.712 D/ConnectivityService( 1488):  sending notification for NetworkRequest [ TRACK_DEFAULT id=14, [ Capabilities: INTERNET&NOT_RESTRICTED&TRUSTED Unwanted:  Uid: 10027] ]
11-11 20:46:54.713 D/ConnectivityService( 1488): sending notification CALLBACK_CAP_CHANGED for NetworkRequest [ TRACK_DEFAULT id=14, [ Capabilities: INTERNET&NOT_RESTRICTED&TRUSTED Unwanted:  Uid: 10027] ]
11-11 20:46:54.714 D/ConnectivityService( 1488):  sending notification for NetworkRequest [ LISTEN id=15, [] ]
11-11 20:46:54.714 D/ConnectivityService( 1488): sending notification CALLBACK_CAP_CHANGED for NetworkRequest [ LISTEN id=15, [] ]
11-11 20:46:54.715 D/ConnectivityService( 1488):  sending notification for NetworkRequest [ LISTEN id=57, [ Capabilities: NOT_RESTRICTED&TRUSTED&NOT_VPN Unwanted:  Uid: 10116] ]
11-11 20:46:54.715 D/ConnectivityService( 1488): sending notification CALLBACK_CAP_CHANGED for NetworkRequest [ LISTEN id=57, [ Capabilities: NOT_RESTRICTED&TRUSTED&NOT_VPN Unwanted:  Uid: 10116] ]
11-11 20:46:54.716 D/ConnectivityService( 1488):  sending notification for NetworkRequest [ LISTEN id=71, [ Capabilities: NOT_RESTRICTED&TRUSTED&NOT_VPN Unwanted:  Uid: 10116] ]
11-11 20:46:54.717 D/ConnectivityService( 1488): sending notification CALLBACK_CAP_CHANGED for NetworkRequest [ LISTEN id=71, [ Capabilities: NOT_RESTRICTED&TRUSTED&NOT_VPN Unwanted:  Uid: 10116] ]
11-11 20:46:54.717 D/ConnectivityService( 1488):  sending notification for NetworkRequest [ LISTEN id=73, [ Capabilities: INTERNET&NOT_RESTRICTED&TRUSTED Unwanted:  Uid: 10116] ]
11-11 20:46:54.718 D/ConnectivityService( 1488): sending notification CALLBACK_CAP_CHANGED for NetworkRequest [ LISTEN id=73, [ Capabilities: INTERNET&NOT_RESTRICTED&TRUSTED Unwanted:  Uid: 10116] ]
11-11 20:46:54.720 D/ConnectivityService( 1488):  sending notification for NetworkRequest [ LISTEN id=79, [ Capabilities: NOT_RESTRICTED&TRUSTED&NOT_VPN Unwanted:  Uid: 10037] ]
11-11 20:46:54.721 D/ConnectivityService( 1488): sending notification CALLBACK_CAP_CHANGED for NetworkRequest [ LISTEN id=79, [ Capabilities: NOT_RESTRICTED&TRUSTED&NOT_VPN Unwanted:  Uid: 10037] ]
11-11 20:46:54.727 D/NtpTrustedTime( 1488): currentTimeMillis() cache hit
11-11 20:46:54.817 I/ActivityManager( 1488): START u0 {cmp=xin.banghua.beiyuan/.MainActivity} from uid 10181
11-11 20:46:54.818 I/ActivityManager( 1488): send message.
11-11 20:46:54.822 W/ContextImpl( 2591): Calling a method in the system process without a qualified user: android.app.ContextImpl.bindService:1645 android.content.ContextWrapper.bindService:698 com.vivo.daemonService.i.a.a:38 com.vivo.daemonService.i.a.a:62 com.vivo.daemonService.IqooSecure.SoftwareLockService$a.activityStarting:2081 
11-11 20:46:54.824 W/ActivityManager( 1488): Unable to start service Intent { act=com.vivo.thirdappbehavior.ThirdAppBehaviorService pkg=com.vivo.abe } U=0: not found
11-11 20:46:54.824 I/ActivityManager( 1488): remove message.
11-11 20:46:54.824 I/ActivityManager( 1488): send message.
11-11 20:46:54.826 I/ActivityManager( 1488): remove message.
11-11 20:46:54.826 V/ActivityManager( 1488): setActivityType ActivityRecord{b232c8c u0 xin.banghua.beiyuan/.MainActivity d-1 s-1 t-1} packageName=xin.banghua.beiyuan realActivity=xin.banghua.beiyuan/.MainActivity info.resizeMode=1
11-11 20:46:54.828 E/ANDR-PERF-MPCTL(  658): Invalid profile no. 0, total profiles 0 only
11-11 20:46:54.837 W/ActivityManager( 1488): vivo occlude resumeTop canOccclude = false next.occlude = false
11-11 20:46:54.838 D/ActivityTrigger( 1488): ActivityTrigger activityPauseTrigger 
11-11 20:46:54.846 W/WindowManager( 1488): notify Activity finish AppWindowToken{717b6d3 token=Token{62178c2 ActivityRecord{3b1dfa4 u0 xin.banghua.beiyuan/.LaunchActivity d0 s29 t30}}}
11-11 20:46:54.849 D/App     (23400): onActivityPaused: 
11-11 20:46:54.850 W/ActivityManager( 1488): vivo occlude resumeTop canOccclude = false next.occlude = false
11-11 20:46:54.851 I/ActivityManager( 1488): The Process xin.banghua.beiyuan Already Exists in BG. So sending its PID: 23400
11-11 20:46:54.851 D/RMS-PreloadedAppRecordMgr( 1488): setNeedKeepQuiet pid=23400,uid=10181,keepQuiet=false
11-11 20:46:54.851 D/RMS-PreloadedAppRecordMgr( 1488): setNeedKeepQuiet pkgName=xin.banghua.beiyuan,userId=0uid=0,keepQuiet=false
11-11 20:46:54.856 I/FaceDetectService( 1488): notifyFaceDetectKeyHandler action: 17
11-11 20:46:54.860 I/ActivityWatcher( 1488): activity state: 1
11-11 20:46:54.861 W/ActivityThread(23400): handleWindowVisibility: no activity for token android.os.BinderProxy@80c30d5
11-11 20:46:54.872 D/App     (23400): onActivityCreated:
11-11 20:46:54.948 D/SharedHelper(23400): readUserInfo: 读取的用户名{userPortrait=, userRegion=, userProperty=, userGender=, userNickName=, userID=, userAge=}
11-11 20:46:54.950 I/ActivityManager( 1488): START u0 {cmp=xin.banghua.beiyuan/.Signin.SigninActivity} from uid 10181
11-11 20:46:54.950 I/ActivityManager( 1488): send message.
11-11 20:46:54.951 W/ContextImpl( 2591): Calling a method in the system process without a qualified user: android.app.ContextImpl.bindService:1645 android.content.ContextWrapper.bindService:698 com.vivo.daemonService.i.a.a:38 com.vivo.daemonService.i.a.a:62 com.vivo.daemonService.IqooSecure.SoftwareLockService$a.activityStarting:2081 
11-11 20:46:54.951 W/ActivityManager( 1488): Unable to start service Intent { act=com.vivo.thirdappbehavior.ThirdAppBehaviorService pkg=com.vivo.abe } U=0: not found
11-11 20:46:54.951 I/ActivityManager( 1488): remove message.
11-11 20:46:54.952 I/ActivityManager( 1488): send message.
11-11 20:46:54.952 I/ActivityManager( 1488): remove message.
11-11 20:46:54.952 V/ActivityManager( 1488): setActivityType ActivityRecord{acaa5b7 u0 xin.banghua.beiyuan/.Signin.SigninActivity d-1 s-1 t-1} packageName=xin.banghua.beiyuan realActivity=xin.banghua.beiyuan/.Signin.SigninActivity info.resizeMode=1
11-11 20:46:54.957 W/ActivityManager( 1488): vivo occlude resumeTop canOccclude = false next.occlude = false
11-11 20:46:54.957 D/ActivityTrigger( 1488): ActivityTrigger activityPauseTrigger 
11-11 20:46:54.962 I/SurfaceFlinger(  689): FPS: 3
11-11 20:46:54.971 I/ActivityManager( 1488): START u0 {act=android.content.pm.action.REQUEST_PERMISSIONS pkg=com.android.packageinstaller cmp=com.android.packageinstaller/.permission.ui.GrantPermissionsActivity (has extras)} from uid 10181
11-11 20:46:54.971 I/ActivityManager( 1488): send message.
11-11 20:46:54.971 W/ContextImpl( 2591): Calling a method in the system process without a qualified user: android.app.ContextImpl.bindService:1645 android.content.ContextWrapper.bindService:698 com.vivo.daemonService.i.a.a:38 com.vivo.daemonService.i.a.a:62 com.vivo.daemonService.IqooSecure.SoftwareLockService$a.activityStarting:2081 
11-11 20:46:54.972 W/ActivityManager( 1488): Unable to start service Intent { act=com.vivo.thirdappbehavior.ThirdAppBehaviorService pkg=com.vivo.abe } U=0: not found
11-11 20:46:54.973 I/ActivityManager( 1488): remove message.
11-11 20:46:54.973 I/ActivityManager( 1488): send message.
11-11 20:46:54.973 I/ActivityManager( 1488): remove message.
11-11 20:46:54.974 V/ActivityManager( 1488): setActivityType ActivityRecord{458b642 u0 com.android.packageinstaller/.permission.ui.GrantPermissionsActivity d-1 s-1 t-1} packageName=com.android.packageinstaller realActivity=com.android.packageinstaller/.permission.ui.GrantPermissionsActivity info.resizeMode=2
11-11 20:46:54.974 I/ActivityManager( 1488): Start ActivityRecord{458b642 u0 com.android.packageinstaller/.permission.ui.GrantPermissionsActivity d-1 s-1 t-1} caller=xin.banghua.beiyuan called=com.android.packageinstaller calledClass=com.android.packageinstaller.permission.ui.GrantPermissionsActivity
11-11 20:46:54.981 W/ActivityManager( 1488): vivo occlude resumeTop canOccclude = false next.occlude = false
11-11 20:46:54.985 D/SharedHelper(23400): readUserInfo: 读取的用户名{userPortrait=, userRegion=, userProperty=, userGender=, userNickName=, userID=, userAge=}
11-11 20:46:54.988 D/App     (23400): onActivityStarted: 
11-11 20:46:55.031 D/App     (23400): onActivityResumed: 
11-11 20:46:55.032 D/RongyunConnect(23400): connect: 进入app的融云链接
11-11 20:46:55.032 I/[RC:A-connect-T](23400): {"ptid":"23400-2*","token":""}
11-11 20:46:55.032 I/[RC:L-connect-T](23400): {"ptid":"23400-2*","sequences":0}
11-11 20:46:55.032 E/RongLog (23400): [RongLog][ RongIMClient ] token is empty!
11-11 20:46:55.033 E/[RC:L-connect-R](23400): {"ptid":"23400-2*","code":31004,"network":"4G","sequences":0}
11-11 20:46:55.033 E/[RC:A-connect-R](23400): {"ptid":"23400-2*","code":31004}
11-11 20:46:55.033 D/RONGCLOUD(23400): --onTokenIncorrect
11-11 20:46:55.036 W/WindowManager( 1488): Failed looking up window callers=com.android.server.wm.VivoBaseWindowManagerService.adjustDisplayIdForWindow:784 com.android.server.wm.WindowManagerService.addWindow:1438 com.android.server.wm.Session.addToDisplay:208 
11-11 20:46:55.042 I/ActivityWatcher( 1488): activity state: 0
11-11 20:46:55.043 D/Linux   (23400): [Posix_connect Debug]Process xin.banghua.beiyuan :443 
11-11 20:46:55.043 D/App     (23400): onActivityPaused: 
11-11 20:46:55.046 W/ActivityManager( 1488): vivo occlude resumeTop canOccclude = false next.occlude = false
11-11 20:46:55.049 I/ActivityManager( 1488): The Process com.android.packageinstaller Already Exists in BG. So sending its PID: 17923
11-11 20:46:55.049 D/RMS-PreloadedAppRecordMgr( 1488): setNeedKeepQuiet pid=17923,uid=10025,keepQuiet=false
11-11 20:46:55.049 D/RMS-PreloadedAppRecordMgr( 1488): setNeedKeepQuiet pkgName=com.android.packageinstaller,userId=0uid=0,keepQuiet=false
11-11 20:46:55.050 I/ActivityManager( 1488): The Process xin.banghua.beiyuan Already Exists in BG. So sending its PID: 23400
11-11 20:46:55.050 D/RMS-PreloadedAppRecordMgr( 1488): setNeedKeepQuiet pid=23400,uid=10181,keepQuiet=false
11-11 20:46:55.050 D/RMS-PreloadedAppRecordMgr( 1488): setNeedKeepQuiet pkgName=xin.banghua.beiyuan,userId=0uid=0,keepQuiet=false
11-11 20:46:55.057 D/Linux   (23400): [Posix_connect Debug]Process xin.banghua.beiyuan :443 
11-11 20:46:55.060 W/ActivityThread(17923): handleWindowVisibility: no activity for token android.os.BinderProxy@31dbdaa
11-11 20:46:55.064 D/Linux   (23400): [Posix_connect Debug]Process xin.banghua.beiyuan :443 
11-11 20:46:55.067 I/ActivityWatcher( 1488): activity state: 1
11-11 20:46:55.071 D/ConnectivityService( 1488): onForegroundActivitiesChanged: pid=17923, uid=10025, foregroundActivities=true
11-11 20:46:55.071 D/ConnectivityService( 1488): mForgroundAppName=com.android.packageinstaller
11-11 20:46:55.071 D/gamevibrator( 1488): onForegroundActivitiesChanged pid:17923, uid:10025, hasFore:true
11-11 20:46:55.072 I/PackageManager( 1488): x-------->>>>>>>> zuishang = com.android.packageinstaller
11-11 20:46:55.072 D/FeatureService( 1488): onForegroundActivitiesChanged: pid=17923, uid=10025, foregroundActivities=true
11-11 20:46:55.072 D/FeatureService( 1488): handleForgrouneAppChanged pid:17923, uid:10025 foreground:true
11-11 20:46:55.074 I/TouchMotionHandler(23400): handler onAttached
11-11 20:46:55.078 D/UiModeManager( 1488): onForegroundActivitiesChanged: pid=17923, uid=10025, foregroundActivities=true
11-11 20:46:55.084 E/        (  644): IGNORED inject_sensor_data(type=33, handle=27) call to non-API-compliant sensor
11-11 20:46:55.105 E/        (  689): IProducerListener: malformed binder reply
11-11 20:46:55.110 E/RecyclerView(23400): No adapter attached; skipping layout
11-11 20:46:55.118 D/App     (23400): onActivityCreated:
11-11 20:46:55.145 D/LocationAccessPolicy( 1488): isWhiteList: com.amap.android.location
11-11 20:46:55.145 E/LocationAccessPolicy( 1488): canAccessCellLocation in whitList. uid = 10033, pkgName = com.amap.android.location
11-11 20:46:55.153 D/LocationAccessPolicy( 2659): isWhiteList: com.amap.android.location
11-11 20:46:55.154 E/LocationAccessPolicy( 2659): canAccessCellLocation in whitList. uid = 10033, pkgName = com.amap.android.location
11-11 20:46:55.161 D/LocationAccessPolicy( 2659): isWhiteList: com.amap.android.location
11-11 20:46:55.162 E/LocationAccessPolicy( 2659): canAccessCellLocation in whitList. uid = 10033, pkgName = com.amap.android.location
11-11 20:46:55.162 W/WindowManager( 1488): Failed looking up window callers=com.android.server.wm.VivoBaseWindowManagerService.adjustDisplayIdForWindow:784 com.android.server.wm.WindowManagerService.addWindow:1438 com.android.server.wm.Session.addToDisplay:208 
11-11 20:46:55.171 D/LocationAccessPolicy( 2659): isWhiteList: com.amap.android.location
11-11 20:46:55.172 E/LocationAccessPolicy( 2659): canAccessCellLocation in whitList. uid = 10033, pkgName = com.amap.android.location
11-11 20:46:55.173 I/ActivityWatcher( 1488): activity state: 0
11-11 20:46:55.177 I/TouchMotionHandler(17923): handler onAttached
11-11 20:46:55.192 I/FaceDetectService( 1488): notifyFaceDetectKeyHandler action: 17
11-11 20:46:55.198 D/MicroMsg.PaySdk.WXFactory(23400): createWXAPI, appId = wxef862b4ad2079599, checkSignature = true
11-11 20:46:55.198 D/MicroMsg.SDK.WXApiImplV10(23400): <init>, appId = wxef862b4ad2079599, checkSignature = true
11-11 20:46:55.200 E/        (  689): IProducerListener: malformed binder reply
11-11 20:46:55.200 D/MicroMsg.SDK.WXMsgImplComm(23400): check signature:308202eb30820254a00302010202044d36f7a4300d06092a864886f70d01010505003081b9310b300906035504061302383631123010060355040813094775616e67646f6e673111300f060355040713085368656e7a68656e31353033060355040a132c54656e63656e7420546563686e6f6c6f6779285368656e7a68656e2920436f6d70616e79204c696d69746564313a3038060355040b133154656e63656e74204775616e677a686f7520526573656172636820616e6420446576656c6f706d656e742043656e7465723110300e0603550403130754656e63656e74301e170d3131303131393134333933325a170d3431303131313134333933325a3081b9310b300906035504061302383631123010060355040813094775616e67646f6e673111300f060355040713085368656e7a68656e31353033060355040a132c54656e63656e7420546563686e6f6c6f6779285368656e7a68656e2920436f6d70616e79204c696d69746564313a3038060355040b133154656e63656e74204775616e677a686f7520526573656172636820616e6420446576656c6f706d656e742043656e7465723110300e0603550403130754656e63656e7430819f300d06092a864886f70d010101050003818d0030818902818100c05f34b231b083fb1323670bfbe7bdab40c0c0a6efc87ef2072a1ff0d60cc67c8edb0d0847f210bea6cbfaa241be70c86daf56be08b723c859e52428a064555d80db448cdcacc1aea2501eba06f8bad12a4fa49d85cacd7abeb68945a5cb5e061629b52e3254c373550ee4e40cb7c8ae6f7a8151ccd8df582d446f39ae0c5e930203010001300d06092a864886f70d0101050500038181009c8d9d7f2f908c42081b4c764c377109a8b2c70582422125ce545842d5f520aea69550b6bd8bfd94e987b75a3077eb04ad341f481aac266e89d3864456e69fba13df018acdc168b9a19dfd7ad9d9cc6f6ace57c746515f71234df3a053e33ba93ece5cd0fc15f3e389a3f365588a9fcb439e069d3629cd7732a13fff7b891499
11-11 20:46:55.200 D/MicroMsg.SDK.WXMsgImplComm(23400): pass
11-11 20:46:55.200 D/MicroMsg.SDK.WXApiImplV10(23400): registerApp, appId = wxef862b4ad2079599
11-11 20:46:55.200 D/MicroMsg.SDK.WXApiImplV10(23400): registerApp, appId = wxef862b4ad2079599
11-11 20:46:55.200 D/MicroMsg.SDK.WXApiImplV10(23400): register app xin.banghua.beiyuan
11-11 20:46:55.202 D/ActivityManager( 1488): StartMode packageName = com.tencent.mm ,callingPid = -1 ,alwaysRestrict = true ,startMode = 2 ,UidRec:UidRecord{c84a96b u0a167 SVC  idle change:uncached procs:2 seq(0,0,0)}
11-11 20:46:55.202 D/MicroMsg.SDK.MMessage(23400): send mm message, intent=Intent { act=com.tencent.mm.plugin.openapi.Intent.ACTION_HANDLE_APP_REGISTER (has extras) }, perm=com.tencent.mm.permission.MM_MESSAGE
11-11 20:46:55.212 D/App     (23400): onActivityStarted: 
11-11 20:46:55.212 D/App     (23400): onActivityResumed: 
11-11 20:46:55.212 D/RongyunConnect(23400): connect: 进入app的融云链接
11-11 20:46:55.213 I/[RC:A-connect-T](23400): {"ptid":"23400-2*","token":""}
11-11 20:46:55.213 I/[RC:L-connect-T](23400): {"ptid":"23400-2*","sequences":0}
11-11 20:46:55.213 E/RongLog (23400): [RongLog][ RongIMClient ] token is empty!
11-11 20:46:55.214 E/[RC:L-connect-R](23400): {"ptid":"23400-2*","code":31004,"network":"4G","sequences":0}
11-11 20:46:55.214 E/[RC:A-connect-R](23400): {"ptid":"23400-2*","code":31004}
11-11 20:46:55.214 D/RONGCLOUD(23400): --onTokenIncorrect
11-11 20:46:55.220 E/SogouIME-412384_20200114( 5131): SogouIME#onUnbindInput():15464 onUnbindInput
11-11 20:46:55.221 E/SogouIME-412384_20200114( 5131): SogouIME#onBindInput():15484 onBindInput
11-11 20:46:55.225 W/WindowManager( 1488): Failed looking up window callers=com.android.server.wm.VivoBaseWindowManagerService.adjustDisplayIdForWindow:784 com.android.server.wm.WindowManagerService.addWindow:1438 com.android.server.wm.Session.addToDisplay:208 
11-11 20:46:55.231 E/ANDR-IOP(  657): IOP HAL: Received pkg_name = com.android.packageinstaller pid = 0
11-11 20:46:55.242 I/ActivityWatcher( 1488): activity state: 0
11-11 20:46:55.266 D/SogouIME( 5131): SogouIME mHandler = 98
11-11 20:46:55.295 I/TouchMotionHandler(23400): handler onAttached
11-11 20:46:55.360 E/        (  689): IProducerListener: malformed binder reply
11-11 20:46:55.386 D/MainActivity(23400): run: Userinfo发送的值11.0
11-11 20:46:55.388 D/TuijianFragment(23400): run: Slide发送的值[{"id":"32","slidesort":"推荐","slidename":"排序：按照会员天数排序，会员天数越多排名越高","slidepicture":"https:\/\/appletattachment.oss-cn-beijing.aliyuncs.com\/images\/34\/2020\/03\/hlyq5i2m96IlRltRQYt8yYkAzrlzy2.jpg","slideurl":"https:\/\/www.chengzijianzhan.com\/tetris\/page\/6774435626746904584\/"},{"id":"51","slidesort":"推荐","slidename":"排序：按照会员天数排序，会员天数越多排名越高","slidepicture":"https:\/\/appletattachment.oss-cn-beijing.aliyuncs.com\/images\/34\/2020\/03\/hlyq5i2m96IlRltRQYt8yYkAzrlzy2.jpg","slideurl":"https:\/\/www.chengzijianzhan.com\/tetris\/page\/6774435626746904584\/"}]
11-11 20:46:55.485 D/TuijianFragment(23400): handleMessage: 幻灯片接收的值[{"id":"32","slidesort":"推荐","slidename":"排序：按照会员天数排序，会员天数越多排名越高","slidepicture":"https:\/\/appletattachment.oss-cn-beijing.aliyuncs.com\/images\/34\/2020\/03\/hlyq5i2m96IlRltRQYt8yYkAzrlzy2.jpg","slideurl":"https:\/\/www.chengzijianzhan.com\/tetris\/page\/6774435626746904584\/"},{"id":"51","slidesort":"推荐","slidename":"排序：按照会员天数排序，会员天数越多排名越高","slidepicture":"https:\/\/appletattachment.oss-cn-beijing.aliyuncs.com\/images\/34\/2020\/03\/hlyq5i2m96IlRltRQYt8yYkAzrlzy2.jpg","slideurl":"https:\/\/www.chengzijianzhan.com\/tetris\/page\/6774435626746904584\/"}]
11-11 20:46:55.489 D/MainActivity(23400): 对比值:0
11-11 20:46:55.491 D/SharedHelper(23400): readUserInfo: 读取的用户名{userPortrait=, userRegion=, userProperty=, userGender=, userNickName=, userID=, userAge=}
11-11 20:46:55.501 D/Linux   (23400): [Posix_connect Debug]Process xin.banghua.beiyuan :443 
11-11 20:46:55.531 I/ActivityManager( 1488): Displayed com.android.packageinstaller/.permission.ui.GrantPermissionsActivity: +246ms
11-11 20:46:55.532 I/ConfigStore(  689): android::hardware::configstore::V1_0::ISurfaceFlingerConfigs::hasHDRDisplay retrieved: 0
11-11 20:46:55.614 I/chatty  (  689): uid=1000(system) /system/bin/surfaceflinger identical 10 lines
11-11 20:46:55.614 I/ConfigStore(  689): android::hardware::configstore::V1_0::ISurfaceFlingerConfigs::hasHDRDisplay retrieved: 0
11-11 20:46:55.631 I/ConfigStore(  689): android::hardware::configstore::V1_0::ISurfaceFlingerConfigs::hasHDRDisplay retrieved: 0
11-11 20:46:55.714 I/chatty  (  689): uid=1000(system) /system/bin/surfaceflinger identical 10 lines
11-11 20:46:55.715 I/ConfigStore(  689): android::hardware::configstore::V1_0::ISurfaceFlingerConfigs::hasHDRDisplay retrieved: 0
11-11 20:46:55.719 D/TuijianFragment(23400): run: Userinfo发送的值[{"id":"20978","portrait":"https:\/\/thirdwx.qlogo.cn\/mmopen\/vi_32\/7hOJBKZVrJAxiaMVoDG0jCqflu6Jw0nCVykGYr2Zb2jvsPkic0YAn3tYsO43XDeP2fav9iaN5JRFvsm7fN4vN7sUA\/132","nickname":"小贝乐园客服1","age":"26","gender":"女","region":"北京-北京","property":"双","vip":"2027057821","latitude":"45.74568","longitude":"126.702729","allowlocation":"0","location":"268.3"},{"id":"32402","portrait":"https:\/\/thirdwx.qlogo.cn\/mmopen\/vi_32\/aCAn3eprBQyyA8eiccqEm2DicuA3iaERoOwmJK68nnD7p6mEF0icibNZP6qHb9OGSZ2bB7eAT6JXn3m7dK9E3CU5XRQ\/132","nickname":"🧃","age":"24","gender":"男","region":"浙江-杭州","property":"Z","vip":"1689090262","latitude":null,"longitude":null,"allowlocation":"1","location":"13029.3"},{"id":"32599","portrait":"https:\/\/appletattachment.oss-cn-beijing.aliyuncs.com\/images\/99999\/2020\/10\/aKajwbgl9vWi88abwb9m1DBBnBnVKB.png","nickname":"念","age":"20","gender":"男","region":"江西-赣州","property":"Z","vip":"1681725011","latitude":"25.863591","longitude":"115.009872","allowlocation":"0","location":"2434.8"},{"id":"6309","portrait":"https:\/\/appletattachment.oss-cn-beijing.aliyuncs.com\/images\/99999\/2020\/03\/icdX43qLeqMCKEx2ecTccxeuE9ekge.jpg","nickname":"白胖小可爱","age":"30","gender":"男","region":"山东-聊城","property":"B","vip":"1678859112","latitude":"36.58559225","longitude":"116.24941031","allowlocation":"1","location":"1411.7"},{"id":"54414","portrait":"https:\/\/moyuanoss.oss-cn-shanghai.aliyuncs.com\/images\/99999\/2020\/10\/dZ9SlTEJ9GRz1r4tuLU2nUgr4dL2Xg.jpg","nickname":"男胖B找男胖Z","age":"30","gender":"男","region":"山东-济南","property":"B","vip":"1666884923","latitude":"36.58559225","longitude":"116.24941031","allowlocation":"1","location":"1411.7"},{"id":"50491","portrait":"https:\/\/appletattachment.oss-cn-beijing.aliyuncs.com\/images\/99999\/2020\/09\/F8848P86gRELprurPdLp68h6geqUPL.png","nickname":"无人像我","age":"23","gender":"男","region":"河北-唐山","property":"Z","vip":"1664554311","latitude":"39.679104","longitude":"118.158792","allowlocation":"1","location":"1069.3"},{"id":"357","portrait":"https:\/\/appletattachment.oss-cn-beijing.aliyuncs.com\/images\/99999\/2020\/02\/vSN3qtHN2sc3yYFSYTy3zBn9BiRIqH.jpg","nickname":"雨天","age":"27","gender":"男","region":"黑龙江-哈尔滨","property":"Z","vip":"1662120729","latitude":"45.745166","longitude":"126.702443","allowlocation":"1","location":"268.3"},{"id":"33967","portrait":"https:\/\/thirdwx.qlogo.cn\/mmopen\/vi_32\/DYAIOgq83ermQY2VFxkvibSSWcHrFiadLN6vMKCviaiaHRK4R0T1ktoRTJjgAIg5IPU442HaEaDZUZKEK4TjauXhtg\/132","nickname":"￼","age":"25","gender":"男","region":"贵州-贵阳","property":"双","vip":"1655806108","latitude":"26.61157625","longitude":"106.66643808","allowlocation":"1","location":"2840.4"},{"id":"19886","portrait":"https:\/\/appletattachment.oss-cn-beijing.aliyuncs.com\/images\/99999\/2020\/05\/DtlvSOXX2JOuX3w1hY2U1F8X3y8o21.png","nickname":"被阳光吃掉的星星","age":"24","gender":"男","region":"河南-信阳","property":"B","vip":"1653905593","latitude":"30.453272","longitude":"114.875642","allowlocation":"1","location":"2008.3"},{"id":"7467","portrait":"https:\/\/appletattachment.oss-cn-beijing.aliyuncs.com\/images\/99999\/2020\/08\/NyyEgW2KE2mzBpgKKsKbcCC28Js3i8.png","nickname":"小小","age":"39","gender":"男","region":"广东-深圳","property":"Z","vip":"1653571761","latitude":"22.689204","longitude":"114.375311","allowlocation":"1","location":"2778.2"},{"id":"30900","portrait":"https:\/\/moyuanoss.oss-cn-shanghai.aliyuncs.com\/images\/99999\/2020\/10\/x4jjm84znsmO4Pt9ZgDGPOBnhigL8B.png","nickname":"枷锁","age":"18","gender":"男","region":"广东-佛山","property":"Z","vip":"1648106636","latitude":"39.044302","longitude":"117.234786","allowlocation":"0","location":"1174.6"},{"id":"38517","portrait":"https:\/\/moyuanoss.oss-cn-shanghai.aliyuncs.com\/images\/99999\/2020\/11\/taC3CLbz87sMZp7vXXDXXb33TsDZ8S.png","nickname":"H.","age":"25","gender":"男","region":"江苏-苏州","prope
11-11 20:46:55.730 D/TuijianFragment(23400): handleMessage: 用户数据接收的值[{"id":"20978","portrait":"https:\/\/thirdwx.qlogo.cn\/mmopen\/vi_32\/7hOJBKZVrJAxiaMVoDG0jCqflu6Jw0nCVykGYr2Zb2jvsPkic0YAn3tYsO43XDeP2fav9iaN5JRFvsm7fN4vN7sUA\/132","nickname":"小贝乐园客服1","age":"26","gender":"女","region":"北京-北京","property":"双","vip":"2027057821","latitude":"45.74568","longitude":"126.702729","allowlocation":"0","location":"268.3"},{"id":"32402","portrait":"https:\/\/thirdwx.qlogo.cn\/mmopen\/vi_32\/aCAn3eprBQyyA8eiccqEm2DicuA3iaERoOwmJK68nnD7p6mEF0icibNZP6qHb9OGSZ2bB7eAT6JXn3m7dK9E3CU5XRQ\/132","nickname":"🧃","age":"24","gender":"男","region":"浙江-杭州","property":"Z","vip":"1689090262","latitude":null,"longitude":null,"allowlocation":"1","location":"13029.3"},{"id":"32599","portrait":"https:\/\/appletattachment.oss-cn-beijing.aliyuncs.com\/images\/99999\/2020\/10\/aKajwbgl9vWi88abwb9m1DBBnBnVKB.png","nickname":"念","age":"20","gender":"男","region":"江西-赣州","property":"Z","vip":"1681725011","latitude":"25.863591","longitude":"115.009872","allowlocation":"0","location":"2434.8"},{"id":"6309","portrait":"https:\/\/appletattachment.oss-cn-beijing.aliyuncs.com\/images\/99999\/2020\/03\/icdX43qLeqMCKEx2ecTccxeuE9ekge.jpg","nickname":"白胖小可爱","age":"30","gender":"男","region":"山东-聊城","property":"B","vip":"1678859112","latitude":"36.58559225","longitude":"116.24941031","allowlocation":"1","location":"1411.7"},{"id":"54414","portrait":"https:\/\/moyuanoss.oss-cn-shanghai.aliyuncs.com\/images\/99999\/2020\/10\/dZ9SlTEJ9GRz1r4tuLU2nUgr4dL2Xg.jpg","nickname":"男胖B找男胖Z","age":"30","gender":"男","region":"山东-济南","property":"B","vip":"1666884923","latitude":"36.58559225","longitude":"116.24941031","allowlocation":"1","location":"1411.7"},{"id":"50491","portrait":"https:\/\/appletattachment.oss-cn-beijing.aliyuncs.com\/images\/99999\/2020\/09\/F8848P86gRELprurPdLp68h6geqUPL.png","nickname":"无人像我","age":"23","gender":"男","region":"河北-唐山","property":"Z","vip":"1664554311","latitude":"39.679104","longitude":"118.158792","allowlocation":"1","location":"1069.3"},{"id":"357","portrait":"https:\/\/appletattachment.oss-cn-beijing.aliyuncs.com\/images\/99999\/2020\/02\/vSN3qtHN2sc3yYFSYTy3zBn9BiRIqH.jpg","nickname":"雨天","age":"27","gender":"男","region":"黑龙江-哈尔滨","property":"Z","vip":"1662120729","latitude":"45.745166","longitude":"126.702443","allowlocation":"1","location":"268.3"},{"id":"33967","portrait":"https:\/\/thirdwx.qlogo.cn\/mmopen\/vi_32\/DYAIOgq83ermQY2VFxkvibSSWcHrFiadLN6vMKCviaiaHRK4R0T1ktoRTJjgAIg5IPU442HaEaDZUZKEK4TjauXhtg\/132","nickname":"￼","age":"25","gender":"男","region":"贵州-贵阳","property":"双","vip":"1655806108","latitude":"26.61157625","longitude":"106.66643808","allowlocation":"1","location":"2840.4"},{"id":"19886","portrait":"https:\/\/appletattachment.oss-cn-beijing.aliyuncs.com\/images\/99999\/2020\/05\/DtlvSOXX2JOuX3w1hY2U1F8X3y8o21.png","nickname":"被阳光吃掉的星星","age":"24","gender":"男","region":"河南-信阳","property":"B","vip":"1653905593","latitude":"30.453272","longitude":"114.875642","allowlocation":"1","location":"2008.3"},{"id":"7467","portrait":"https:\/\/appletattachment.oss-cn-beijing.aliyuncs.com\/images\/99999\/2020\/08\/NyyEgW2KE2mzBpgKKsKbcCC28Js3i8.png","nickname":"小小","age":"39","gender":"男","region":"广东-深圳","property":"Z","vip":"1653571761","latitude":"22.689204","longitude":"114.375311","allowlocation":"1","location":"2778.2"},{"id":"30900","portrait":"https:\/\/moyuanoss.oss-cn-shanghai.aliyuncs.com\/images\/99999\/2020\/10\/x4jjm84znsmO4Pt9ZgDGPOBnhigL8B.png","nickname":"枷锁","age":"18","gender":"男","region":"广东-佛山","property":"Z","vip":"1648106636","latitude":"39.044302","longitude":"117.234786","allowlocation":"0","location":"1174.6"},{"id":"38517","portrait":"https:\/\/moyuanoss.oss-cn-shanghai.aliyuncs.com\/images\/99999\/2020\/11\/taC3CLbz87sMZp7vXXDXXb33TsDZ8S.png","nickname":"H.","age":"25","gender":"男","region":"江苏-
11-11 20:46:55.730 D/TuijianFragment(23400): initUserInfo: preparing userinfo
11-11 20:46:55.731 D/TuijianFragment(23400): initRecyclerView: init recyclerview
11-11 20:46:55.731 D/UserInfoSliderAdapter(23400): UserInfoSliderAdapter: 初始化
11-11 20:46:55.732 I/ConfigStore(  689): android::hardware::configstore::V1_0::ISurfaceFlingerConfigs::hasHDRDisplay retrieved: 0
11-11 20:46:55.732 I/ConfigStore(  689): android::hardware::configstore::V1_0::ISurfaceFlingerConfigs::hasHDRDisplay retrieved: 0
11-11 20:46:55.746 D/UserInfoSliderAdapter(23400): getItemViewType: position0
11-11 20:46:55.746 D/UserInfoSliderAdapter(23400): getItemViewType: 头
11-11 20:46:55.746 D/UserInfoSliderAdapter(23400): onCreateViewHolder: 进入
11-11 20:46:55.747 I/ConfigStore(  689): android::hardware::configstore::V1_0::ISurfaceFlingerConfigs::hasHDRDisplay retrieved: 0
11-11 20:46:55.764 I/chatty  (  689): uid=1000(system) /system/bin/surfaceflinger identical 2 lines
11-11 20:46:55.764 I/ConfigStore(  689): android::hardware::configstore::V1_0::ISurfaceFlingerConfigs::hasHDRDisplay retrieved: 0
11-11 20:46:55.764 D/SliderHolder(23400): SliderHolder: 进入
11-11 20:46:55.764 D/UserInfoSliderAdapter(23400): onBindViewHolder: 进入
11-11 20:46:55.775 W/Settings(23400): Setting airplane_mode_on has moved from android.provider.Settings.System to android.provider.Settings.Global, returning read-only value.
11-11 20:46:55.783 W/SurfaceFlinger(  689): Attempting to set client state on removed layer: Surface(name=AppWindowToken{3a68b90 token=Token{a59e653 ActivityRecord{458b642 u0 com.android.packageinstaller/.permission.ui.GrantPermissionsActivity d0 s29 t30}}})/@0xd1d4b97 - animation-leash#0
11-11 20:46:55.783 W/SurfaceFlinger(  689): Attempting to set client state on removed layer: Surface(name=AppWindowToken{478248d token=Token{9508124 ActivityRecord{acaa5b7 u0 xin.banghua.beiyuan/.Signin.SigninActivity d0 s29 t30}}})/@0x311f369 - animation-leash#0
11-11 20:46:55.783 W/SurfaceFlinger(  689): Attempting to set client state on removed layer: Surface(name=AppWindowToken{717b6d3 token=Token{62178c2 ActivityRecord{3b1dfa4 u0 xin.banghua.beiyuan/.LaunchActivity d0 s29 t30}}})/@0xca9801f - animation-leash#0
11-11 20:46:55.783 W/SurfaceFlinger(  689): Attempting to destroy on removed layer: Surface(name=AppWindowToken{3a68b90 token=Token{a59e653 ActivityRecord{458b642 u0 com.android.packageinstaller/.permission.ui.GrantPermissionsActivity d0 s29 t30}}})/@0xd1d4b97 - animation-leash#0
11-11 20:46:55.783 W/SurfaceFlinger(  689): Attempting to destroy on removed layer: Surface(name=AppWindowToken{478248d token=Token{9508124 ActivityRecord{acaa5b7 u0 xin.banghua.beiyuan/.Signin.SigninActivity d0 s29 t30}}})/@0x311f369 - animation-leash#0
